#
# A fatal error has been detected by the Java Runtime Environment:
#
#  EXCEPTION_ACCESS_VIOLATION (0xc0000005) at pc=0x00007ff9283f9882, pid=3232, tid=21248
#
# JRE version: OpenJDK Runtime Environment Temurin-25.0.1+8 (25.0.1+8) (build 25.0.1+8-LTS)
# Java VM: OpenJDK 64-Bit Server VM Temurin-25.0.1+8 (25.0.1+8-LTS, mixed mode, sharing, tiered, compressed oops, compressed class ptrs, g1 gc, windows-amd64)
# Problematic frame:
# V  [jvm.dll+0x4e9882]
#
# No core dump will be written. Minidumps are not enabled by default on client versions of Windows
#
# If you would like to submit a bug report, please visit:
#   https://github.com/adoptium/adoptium-support/issues
#

---------------  S U M M A R Y ------------

Command Line: -Dnetbeans.logger.console=true -ea -DTopSecurityManager.disable=true -Djava.lang.Runtime.level=FINE -Dapple.laf.useScreenMenuBar=true -Dapple.awt.application.appearance=system -Dsun.java2d.noddraw=true -Dsun.java2d.dpiaware=true -Dplugin.manager.check.updates=false -Dnetbeans.extbrowser.manual_chrome_plugin_install=yes --enable-native-access=ALL-UNNAMED --add-opens=java.base/java.net=ALL-UNNAMED --add-opens=java.base/java.lang.ref=ALL-UNNAMED --add-opens=java.base/java.lang=ALL-UNNAMED --add-opens=java.base/java.security=ALL-UNNAMED --add-opens=java.base/java.util=ALL-UNNAMED --add-opens=java.base/java.nio=ALL-UNNAMED --add-exports=java.base/sun.reflect.annotation=ALL-UNNAMED --add-opens=java.prefs/java.util.prefs=ALL-UNNAMED --add-opens=java.desktop/javax.swing.plaf.basic=ALL-UNNAMED --add-opens=java.desktop/javax.swing.text=ALL-UNNAMED --add-opens=java.desktop/javax.swing=ALL-UNNAMED --add-opens=java.desktop/java.awt=ALL-UNNAMED --add-opens=java.desktop/java.awt.event=ALL-UNNAMED --add-opens=java.desktop/sun.awt.X11=ALL-UNNAMED --add-opens=java.desktop/javax.swing.plaf.synth=ALL-UNNAMED --add-opens=java.desktop/com.sun.java.swing.plaf.gtk=ALL-UNNAMED --add-opens=java.desktop/com.sun.java.swing.plaf.windows=ALL-UNNAMED --add-opens=java.desktop/com.apple.laf=ALL-UNNAMED --add-opens=java.desktop/sun.awt.shell=ALL-UNNAMED --add-opens=java.desktop/sun.awt.im=ALL-UNNAMED --add-exports=java.desktop/sun.awt=ALL-UNNAMED --add-exports=java.desktop/java.awt.peer=ALL-UNNAMED --add-exports=java.desktop/com.sun.beans.editors=ALL-UNNAMED --add-exports=java.desktop/sun.swing=ALL-UNNAMED --add-exports=java.desktop/sun.awt.im=ALL-UNNAMED --add-exports=java.desktop/com.sun.java.swing.plaf.motif=ALL-UNNAMED --add-exports=java.desktop/com.apple.eio=ALL-UNNAMED --add-opens=jdk.compiler/com.sun.tools.javac.api=ALL-UNNAMED --add-opens=jdk.compiler/com.sun.tools.javac.code=ALL-UNNAMED --add-opens=jdk.compiler/com.sun.tools.javac.comp=ALL-UNNAMED --add-opens=jdk.compiler/com.sun.tools.javac.file=ALL-UNNAMED --add-opens=jdk.compiler/com.sun.tools.javac.jvm=ALL-UNNAMED --add-opens=jdk.compiler/com.sun.tools.javac.main=ALL-UNNAMED --add-opens=jdk.compiler/com.sun.tools.javac.model=ALL-UNNAMED --add-opens=jdk.compiler/com.sun.tools.javac.parser=ALL-UNNAMED --add-opens=jdk.compiler/com.sun.tools.javac.processing=ALL-UNNAMED --add-opens=jdk.compiler/com.sun.tools.javac.tree=ALL-UNNAMED --add-opens=jdk.compiler/com.sun.tools.javac.util=ALL-UNNAMED --add-exports=jdk.compiler/com.sun.tools.javac.api=ALL-UNNAMED --add-exports=jdk.compiler/com.sun.tools.javac.code=ALL-UNNAMED --add-exports=jdk.compiler/com.sun.tools.javac.comp=ALL-UNNAMED --add-exports=jdk.compiler/com.sun.tools.javac.file=ALL-UNNAMED --add-exports=jdk.compiler/com.sun.tools.javac.jvm=ALL-UNNAMED --add-exports=jdk.compiler/com.sun.tools.javac.main=ALL-UNNAMED --add-exports=jdk.compiler/com.sun.tools.javac.model=ALL-UNNAMED --add-exports=jdk.compiler/com.sun.tools.javac.parser=ALL-UNNAMED --add-exports=jdk.compiler/com.sun.tools.javac.processing=ALL-UNNAMED --add-exports=jdk.compiler/com.sun.tools.javac.tree=ALL-UNNAMED --add-exports=jdk.compiler/com.sun.tools.javac.util=ALL-UNNAMED --add-modules=jdk.jshell --add-opens=jdk.jshell/jdk.jshell=ALL-UNNAMED --add-exports=jdk.jshell/jdk.internal.jshell.debug=ALL-UNNAMED --add-exports=jdk.jdeps/com.sun.tools.classfile=ALL-UNNAMED --add-exports=jdk.jdeps/com.sun.tools.javap=ALL-UNNAMED --add-exports=jdk.internal.jvmstat/sun.jvmstat.monitor=ALL-UNNAMED --add-exports=jdk.internal.opt/jdk.internal.opt=ALL-UNNAMED --add-exports=java.management/sun.management=ALL-UNNAMED -Djdk.home=C:\Program Files\Apache NetBeans\jdk -Dnetbeans.home=C:\Program Files\Apache NetBeans\platform -Dnetbeans.user=C:\Users\Rok Koren\NetBeansProjects\OpenPKM\build\testuserdir -Dnetbeans.default_userdir_root= -XX:+HeapDumpOnOutOfMemoryError -XX:HeapDumpPath=C:\Users\Rok Koren\NetBeansProjects\OpenPKM\build\testuserdir\var\log\heapdump.hprof -Dsun.awt.keepWorkingSetOnMinimize=true -Dnetbeans.dirs=C:\Users\Rok Koren\NetBeansProjects\OpenPKM\build\cluster;C:\Program Files\Apache NetBeans\ide;C:\Program Files\Apache NetBeans\platform exit 

Host: Intel(R) Core(TM) i7-7500U CPU @ 2.70GHz, 4 cores, 15G,  Windows 10 , 64 bit Build 19041 (10.0.19041.5915)
Time: Tue Dec  2 13:54:59 2025 elapsed time: 16.171932 seconds (0d 0h 0m 16s)

---------------  T H R E A D  ---------------

Current thread (0x00000181a4479660):  JavaThread "WindowsNativeRunloopThread"        [_thread_in_vm, id=21248, stack(0x0000003af1400000,0x0000003af1600000) (2048K)]

Stack: [0x0000003af1400000,0x0000003af1600000],  sp=0x0000003af15ff3b0,  free space=2044k
Native frames: (J=compiled Java code, j=interpreted, Vv=VM code, C=native code)
V  [jvm.dll+0x4e9882]  (no source info available)
C  0x00007ff96da7510c  (no source info available)
C  0x00007ff96da7a706  (no source info available)
C  0x000001818ff6d193  (no source info available)

The last pc belongs to native method entry point (kind = native) (printed below).
Java frames: (J=compiled Java code, j=interpreted, Vv=VM code)
j  com.sun.glass.ui.win.WinApplication._runLoop(Ljava/lang/Runnable;)V+0
j  com.sun.glass.ui.win.WinApplication.lambda$runLoop$0(ILjava/lang/Runnable;)V+8
j  com.sun.glass.ui.win.WinApplication$$Lambda+0x00000000955ba868.run()V+12
j  java.lang.Thread.runWith(Ljava/lang/Object;Ljava/lang/Runnable;)V+5 java.base@25.0.1
j  java.lang.Thread.run()V+19 java.base@25.0.1
v  ~StubRoutines::call_stub 0x000001818ff612ed

siginfo: EXCEPTION_ACCESS_VIOLATION (0xc0000005), reading address 0x0000000000000000


Registers:
RAX=0x0000000000000000, RBX=0x00000181a4479660, RCX=0x00000181a4479aa8, RDX=0x0000003af15ff598
RSP=0x0000003af15ff3b0, RBP=0x0000003af15ff4b8, RSI=0x0000000000000000, RDI=0x00000181a4479aa8
R8 =0x0000000000000000, R9 =0x0000003af15ff4b8, R10=0x00007ff99b24dd88, R11=0x0000003af15ff450
R12=0x0000000000000000, R13=0x00000181a1d7e178, R14=0x0000003af15ff598, R15=0x00000181a4479660
RIP=0x00007ff9283f9882, EFLAGS=0x0000000000010246

XMM[0]=0x0000000000000000 0x0000000000000000
XMM[1]=0x0000000000000000 0x0000000000000000
XMM[2]=0x0000000000000000 0x0000000000000000
XMM[3]=0x0000000000000000 0x0000000000000000
XMM[4]=0x0000000000000000 0x0000000000000000
XMM[5]=0x0000000000000000 0x0000000000000000
XMM[6]=0x0000000000000000 0x0000000000000000
XMM[7]=0x0000000000000000 0x0000000000000000
XMM[8]=0x0000000000000000 0x0000000000000000
XMM[9]=0x0000000000000000 0x0000000000000000
XMM[10]=0x0000000000000000 0x0000000000000000
XMM[11]=0x0000000000000000 0x0000000000000000
XMM[12]=0x0000000000000000 0x0000000000000000
XMM[13]=0x0000000000000000 0x0000000000000000
XMM[14]=0x0000000000000000 0x0000000000000000
XMM[15]=0x0000000000000000 0x0000000000000000
  MXCSR=0x00001fa0


Register to memory mapping:

RAX=0x0 is null
RBX=0x00000181a4479660 is a thread
RCX=0x00000181a4479aa8 points into unknown readable memory: 0x00007ff928cadd70 | 70 dd ca 28 f9 7f 00 00
RDX=0x0000003af15ff598 is pointing into the stack for thread: 0x00000181a4479660
RSP=0x0000003af15ff3b0 is pointing into the stack for thread: 0x00000181a4479660
RBP=0x0000003af15ff4b8 is pointing into the stack for thread: 0x00000181a4479660
RSI=0x0 is null
RDI=0x00000181a4479aa8 points into unknown readable memory: 0x00007ff928cadd70 | 70 dd ca 28 f9 7f 00 00
R8 =0x0 is null
R9 =0x0000003af15ff4b8 is pointing into the stack for thread: 0x00000181a4479660
R10=0x00007ff99b24dd88 combase.dll
R11=0x0000003af15ff450 is pointing into the stack for thread: 0x00000181a4479660
R12=0x0 is null
R13={method} {0x00000181a1d7e180} '_runLoop' '(Ljava/lang/Runnable;)V' in 'com/sun/glass/ui/win/WinApplication'
R14=0x0000003af15ff598 is pointing into the stack for thread: 0x00000181a4479660
R15=0x00000181a4479660 is a thread

Top of Stack: (sp=0x0000003af15ff3b0)
0x0000003af15ff3b0:   00000181a8730dd0 000000000000000d   ..s.............
0x0000003af15ff3c0:   0000000000000000 0000000000000000   ................
0x0000003af15ff3d0:   00000181a1e2a1d0 0000000000000008   ................
0x0000003af15ff3e0:   0000000000000000 0000000000000000   ................
0x0000003af15ff3f0:   0000000000000000 00007ff92864e476   ........v.d(....
0x0000003af15ff400:   00000181a4479660 0000000000000000   `.G.............
0x0000003af15ff410:   0000000000000008 00007ff99bd682a9   ................
0x0000003af15ff420:   00000181a4479660 00007ff99b0a7dcf   `.G......}......
0x0000003af15ff430:   00000181a4479660 0000003af15ff5a0   `.G......._.:...
0x0000003af15ff440:   00007ff99be5f2b0 0000000000000000   ................
0x0000003af15ff450:   00000181a4479660 0000003af15ff5a0   `.G......._.:...
0x0000003af15ff460:   00000181a4479aa8 00007ff96da7510c   ..G......Q.m....
0x0000003af15ff470:   00000181aa9db450 0000000000000000   P...............
0x0000003af15ff480:   0000003af15ff578 0000003af15ff598   x._.:....._.:...
0x0000003af15ff490:   0000003af15ff598 00007ff96da7a706   .._.:......m....
0x0000003af15ff4a0:   00000181a1d7e178 00000181f15ff5a0   x........._.....
0x0000003af15ff4b0:   0000000000000000 0000000000005300   .........S......
0x0000003af15ff4c0:   000001818ff68c0e 000001818ff6cff6   ................
0x0000003af15ff4d0:   00000181a1d7e178 00000181a1d7e178   x.......x.......
0x0000003af15ff4e0:   00000181a1d7e178 0000000000000000   x...............
0x0000003af15ff4f0:   000001818ff68c0e 000001818ff6d193   ................
0x0000003af15ff500:   00000181a1d7e178 0000003af15ffa80   x........._.:...
0x0000003af15ff510:   0000003af15ffa80 00000181a4479660   .._.:...`.G.....
0x0000003af15ff520:   0000003af15ffa80 000001818ff6ce6b   .._.:...k.......
0x0000003af15ff530:   fffffffffffffff7 00000181a1d7e178   ........x.......
0x0000003af15ff540:   0000000000000005 00000181a1e27f40   ........@.......
0x0000003af15ff550:   0000000000000000 0000000708b144e0   .........D......
0x0000003af15ff560:   00000181a1d7e178 0000000000000000   x...............
0x0000003af15ff570:   0000003af15ff598 0000003af15ff5f0   .._.:....._.:...
0x0000003af15ff580:   000001818ff68b18 0000000000000000   ................
0x0000003af15ff590:   000001818ff6a757 0000000708b69498   W...............
0x0000003af15ff5a0:   0000000708b62db0 fffffffffffffff7   .-..............

Instructions: (pc=0x00007ff9283f9882)
  0x00007ff9283f9782:   47 10 48 89 41 18 48 8b 4f 08 48 8b 47 18 48 89
  0x00007ff9283f9792:   41 20 48 8b 4f 08 48 8b 47 20 48 89 41 28 48 8d
  0x00007ff9283f97a2:   8b 28 04 00 00 e8 94 1c ec ff 90 c7 83 d4 04 00
  0x00007ff9283f97b2:   00 04 00 00 00 48 81 c4 b0 00 00 00 41 5e 5f 5e
  0x00007ff9283f97c2:   5d 5b c3 cc cc cc cc cc cc cc cc cc cc cc 48 89
  0x00007ff9283f97d2:   5c 24 10 48 89 6c 24 18 48 89 74 24 20 57 41 56
  0x00007ff9283f97e2:   41 57 48 81 ec a0 00 00 00 8b 81 a0 00 00 00 48
  0x00007ff9283f97f2:   8d 99 b8 fb ff ff 05 53 21 ff ff 49 8b e9 49 8b
  0x00007ff9283f9802:   f0 4c 8b f2 48 8b f9 83 f8 01 77 08 48 8b cb e8
  0x00007ff9283f9812:   7a 21 fa ff 80 3d cd f7 91 00 00 c7 83 d4 04 00
  0x00007ff9283f9822:   00 06 00 00 00 75 06 e8 b2 d4 2a 00 90 48 8b 43
  0x00007ff9283f9832:   28 a8 01 74 0d 45 33 c0 b2 01 48 8b cb e8 dc 6d
  0x00007ff9283f9842:   32 00 8b 83 d0 04 00 00 c1 e8 03 a8 01 74 08 48
  0x00007ff9283f9852:   8b cb e8 c7 3a fa ff c7 83 d4 04 00 00 06 00 00
  0x00007ff9283f9862:   00 48 83 7b 08 00 48 89 5c 24 50 48 c7 44 24 58
  0x00007ff9283f9872:   00 00 00 00 74 0a 48 8d 4c 24 50 e8 9e ea 2e 00
=>0x00007ff9283f9882:   48 8b 16 48 8d 4c 24 70 c6 44 24 40 0e e8 0c 06
  0x00007ff9283f9892:   01 00 48 8d 44 24 70 48 89 5c 24 30 48 89 44 24
  0x00007ff9283f98a2:   28 4c 8d 3d 8e 23 6a 00 41 b9 01 00 00 00 48 89
  0x00007ff9283f98b2:   74 24 20 4d 8b c6 4c 89 7c 24 70 48 8d 54 24 40
  0x00007ff9283f98c2:   48 89 ac 24 98 00 00 00 48 8b cf e8 ce 14 01 00
  0x00007ff9283f98d2:   48 83 7c 24 58 00 4c 89 7c 24 70 48 c7 84 24 98
  0x00007ff9283f98e2:   00 00 00 00 00 00 00 74 0a 48 8d 4c 24 50 e8 ab
  0x00007ff9283f98f2:   ea 2e 00 48 8b bb a8 01 00 00 48 8b 47 10 48 83
  0x00007ff9283f9902:   38 00 74 08 48 8b cf e8 d2 10 f5 ff 48 8b 4f 08
  0x00007ff9283f9912:   48 8b 47 10 48 89 41 18 48 8b 4f 08 48 8b 47 18
  0x00007ff9283f9922:   48 89 41 20 48 8b 4f 08 48 8b 47 20 48 89 41 28
  0x00007ff9283f9932:   48 8d 8b 28 04 00 00 e8 02 1b ec ff 4c 8d 9c 24
  0x00007ff9283f9942:   a0 00 00 00 90 49 8b 6b 30 49 8b 73 38 c7 83 d4
  0x00007ff9283f9952:   04 00 00 04 00 00 00 49 8b 5b 28 49 8b e3 41 5f
  0x00007ff9283f9962:   41 5e 5f c3 cc cc cc cc cc cc cc cc cc cc 48 89
  0x00007ff9283f9972:   5c 24 10 48 89 6c 24 18 56 57 41 56 48 81 ec a0


Stack slot to memory mapping:

stack at sp + 0 slots: 0x00000181a8730dd0 points into unknown readable memory: 0x0000000000000000 | 00 00 00 00 00 00 00 00
stack at sp + 1 slots: 0x000000000000000d is an unknown value
stack at sp + 2 slots: 0x0 is null
stack at sp + 3 slots: 0x0 is null
stack at sp + 4 slots: 0x00000181a1e2a1d0 is pointing into metadata
stack at sp + 5 slots: 0x0000000000000008 is an unknown value
stack at sp + 6 slots: 0x0 is null
stack at sp + 7 slots: 0x0 is null

Lock stack of current Java thread (top to bottom):

native method entry point (kind = native)  [0x000001818ff6cdc0, 0x000001818ff6d8b8]  2808 bytes
[MachCode]
  0x000001818ff6cdc0: 488b 4b08 | 0fb7 492e | 584c 8d74 | ccf8 6800 | 0000 0068 | 0000 0000 | 5055 488b | ec41 5548 
  0x000001818ff6cde0: 8b43 084c | 8d68 3848 | 8b40 0868 | 0000 0000 | 5348 8b50 | 1848 8b52 | 7048 8b12 | 5248 8b53 
  0x000001818ff6ce00: 1048 85d2 | 7407 4881 | c2d0 0000 | 0052 488b | 5010 5249 | 8bc6 482b | c548 c1e8 | 0350 6800 
  0x000001818ff6ce20: 0000 0068 | f7ff ffff | 41c6 87f1 | 0400 0001 | 488b 4310 | 4885 c074 | 208b 8890 | 0000 0083 
  0x000001818ff6ce40: c102 8988 | 9000 0000 | 2388 a400 | 0000 0f84 | b209 0000 | e9cf 0000 | 0048 8b43 | 1848 85c0 
  0x000001818ff6ce60: 0f85 b000 | 0000 e805 | 0000 00e9 | 9900 0000 | 488b d348 | 8d44 2408 | 4c89 6dc0 | 498b cfc5 
  0x000001818ff6ce80: f877 4989 | af38 0400 | 0049 8987 | 2804 0000 | 4883 ec20 | 40f6 c40f | 0f84 1900 | 0000 4883 
  0x000001818ff6cea0: ec08 48b8 | 602c 3828 | f97f 0000 | ffd0 4883 | c408 e90c | 0000 0048 | b860 2c38 | 28f9 7f00 
  0x000001818ff6cec0: 00ff d048 | 83c4 2049 | c787 2804 | 0000 0000 | 0000 49c7 | 8738 0400 | 0000 0000 | 0049 c787 
  0x000001818ff6cee0: 3004 0000 | 0000 0000 | c5f8 7749 | 837f 0800 | 0f84 0500 | 0000 e9e5 | 42ff ff4c | 8b6d c04c 
  0x000001818ff6cf00: 8b75 c84e | 8d74 f500 | c348 8b43 | 1848 85c0 | 0f84 1200 | 0000 8b48 | 0883 c102 | 8948 0823 
  0x000001818ff6cf20: 482c 0f84 | de08 0000 | 493b a770 | 0500 000f | 8748 0000 | 0089 8424 | 00f0 ffff | 8984 2400 
  0x000001818ff6cf40: e0ff ff89 | 8424 00d0 | ffff 8984 | 2400 c0ff | ff89 8424 | 00b0 ffff | 8984 2400 | a0ff ff89 
  0x000001818ff6cf60: 8424 0090 | ffff 8984 | 2400 80ff | ff49 3ba7 | 6805 0000 | 7607 4989 | a770 0500 | 0041 c687 
  0x000001818ff6cf80: f104 0000 | 0048 8b5d | e84c 8b5b | 0845 0fb7 | 5b2e 41c1 | e303 492b | e348 83ec | 2048 83e4 
  0x000001818ff6cfa0: f04c 8b5b | 604d 85db | 0f85 ab00 | 0000 e805 | 0000 00e9 | 9900 0000 | 488b d348 | 8d44 2408 
  0x000001818ff6cfc0: 4c89 6dc0 | 498b cfc5 | f877 4989 | af38 0400 | 0049 8987 | 2804 0000 | 4883 ec20 | 40f6 c40f 
  0x000001818ff6cfe0: 0f84 1900 | 0000 4883 | ec08 48b8 | 9055 3828 | f97f 0000 | ffd0 4883 | c408 e90c | 0000 0048 
  0x000001818ff6d000: b890 5538 | 28f9 7f00 | 00ff d048 | 83c4 2049 | c787 2804 | 0000 0000 | 0000 49c7 | 8738 0400 
  0x000001818ff6d020: 0000 0000 | 0049 c787 | 3004 0000 | 0000 0000 | c5f8 7749 | 837f 0800 | 0f84 0500 | 0000 e99d 
  0x000001818ff6d040: 41ff ff4c | 8b6d c04c | 8b75 c84e | 8d74 f500 | c348 8b5d | e84c 8b5b | 6041 ffd3 | 488b 5de8 
  0x000001818ff6d060: 4889 4518 | 440f b75b | 2c41 f6c3 | 080f 841b | 0000 004c | 8b5b 084d | 8b5b 084d | 8b5b 184d 
  0x000001818ff6d080: 8b5b 704d | 8b1b 4c89 | 5d10 488d | 5510 488b | 4358 49ba | e026 7328 | f97f 0000 | 493b c20f 
  0x000001818ff6d0a0: 85ab 0000 | 00e8 0500 | 0000 e999 | 0000 0048 | 8bd3 488d | 4424 084c | 896d c049 | 8bcf c5f8 
  0x000001818ff6d0c0: 7749 89af | 3804 0000 | 4989 8728 | 0400 0048 | 83ec 2040 | f6c4 0f0f | 8419 0000 | 0048 83ec 
  0x000001818ff6d0e0: 0848 b890 | 5538 28f9 | 7f00 00ff | d048 83c4 | 08e9 0c00 | 0000 48b8 | 9055 3828 | f97f 0000 
  0x000001818ff6d100: ffd0 4883 | c420 49c7 | 8728 0400 | 0000 0000 | 0049 c787 | 3804 0000 | 0000 0000 | 49c7 8730 
  0x000001818ff6d120: 0400 0000 | 0000 00c5 | f877 4983 | 7f08 000f | 8405 0000 | 00e9 a640 | ffff 4c8b | 6dc0 4c8b 
  0x000001818ff6d140: 75c8 4e8d | 74f5 00c3 | 488b 5de8 | 488b 4358 | 498d 8f48 | 0400 004c | 8d15 d500 | 0000 4d89 
  0x000001818ff6d160: 9730 0400 | 00c5 f877 | 4989 af38 | 0400 0049 | 89a7 2804 | 0000 41c7 | 87d4 0400 | 0004 0000 
  0x000001818ff6d180: 0049 3ba7 | c805 0000 | 7607 4989 | a7c8 0500 | 00ff d049 | 3ba7 c805 | 0000 720b | 49c7 87c8 
  0x000001818ff6d1a0: 0500 0000 | 0000 00c5 | f877 4883 | ec10 c5fb | 1104 2448 | 83ec 1048 | 8904 2448 | c744 2408 
  0x000001818ff6d1c0: 0000 0000 | 41c7 87d4 | 0400 0005 | 0000 00f0 | 8344 24c0 | 0049 3b6f | 280f 870e | 0000 0041 
  0x000001818ff6d1e0: 83bf d004 | 0000 000f | 8420 0000 | 0049 8bcf | 4c8b e448 | 83ec 2048 | 83e4 f048 | b810 bc39 
  0x000001818ff6d200: 28f9 7f00 | 00ff d049 | 8be4 4d33 | e441 c787 | d404 0000 | 0800 0000 | 4d8b 97f0 | 0500 0049 
  0x000001818ff6d220: 83fa 0074 | 3549 c787 | f005 0000 | 0000 0000 | 41ff e249 | ba60 bef6 | 8f81 0100 | 0041 ffd2 
  0x000001818ff6d240: 4883 ec10 | c5fb 1104 | 2448 83ec | 1048 8904 | 2448 c744 | 2408 0000 | 0000 49c7 | 8728 0400 
  0x000001818ff6d260: 0000 0000 | 0049 c787 | 3804 0000 | 0000 0000 | 49c7 8730 | 0400 0000 | 0000 00c5 | f877 4d8b 
  0x000001818ff6d280: 9fb8 0400 | 0041 c783 | 0001 0000 | 0000 0000 | 49bb 5aa7 | f68f 8101 | 0000 4c3b | 5d18 0f85 
  0x000001818ff6d2a0: 5501 0000 | 488b 0424 | 4883 c410 | 4885 c00f | 842f 0100 | 00a8 030f | 8508 0000 | 0048 8b00 
  0x000001818ff6d2c0: e91f 0100 | 00a8 010f | 8509 0000 | 0048 8b40 | fee9 0e01 | 0000 488b | 40ff 4180 | 7f48 000f 
  0x000001818ff6d2e0: 84ff 0000 | 0048 83f8 | 000f 84f5 | 0000 004d | 8b5f 384d | 85db 0f84 | 1400 0000 | 4983 eb08 
  0x000001818ff6d300: 4d89 5f38 | 4d03 5f40 | 4989 03e9 | d400 0000 | 4883 ec70 | 4889 0424 | 4889 4c24 | 0848 8954 
  0x000001818ff6d320: 2410 4c89 | 4424 184c | 894c 2420 | 4c89 5424 | 284c 895c | 2430 c5fb | 1144 2440 | c5fb 114c 
  0x000001818ff6d340: 2448 c5fb | 1154 2450 | c5fb 115c | 2458 c5fb | 1164 2460 | c5fb 116c | 2468 498b | d748 8bc8 
  0x000001818ff6d360: 4883 ec20 | 40f6 c40f | 0f84 1900 | 0000 4883 | ec08 48b8 | e080 2c28 | f97f 0000 | ffd0 4883 
  0x000001818ff6d380: c408 e90c | 0000 0048 | b8e0 802c | 28f9 7f00 | 00ff d048 | 83c4 20c5 | fb10 6c24 | 68c5 fb10 
  0x000001818ff6d3a0: 6424 60c5 | fb10 5c24 | 58c5 fb10 | 5424 50c5 | fb10 4c24 | 48c5 fb10 | 4424 404c | 8b5c 2430 
  0x000001818ff6d3c0: 4c8b 5424 | 284c 8b4c | 2420 4c8b | 4424 1848 | 8b54 2410 | 488b 4c24 | 0848 8b04 | 2448 83c4 
  0x000001818ff6d3e0: 70c5 f877 | 4889 4510 | 4883 ec10 | 4889 0424 | 48c7 4424 | 0800 0000 | 0041 83bf | 5005 0000 
  0x000001818ff6d400: 020f 85bf | 0000 0048 | 81ec 8000 | 0000 4889 | 4424 7848 | 894c 2470 | 4889 5424 | 6848 895c 
  0x000001818ff6d420: 2460 4889 | 6c24 5048 | 8974 2448 | 4889 7c24 | 404c 8944 | 2438 4c89 | 4c24 304c | 8954 2428 
  0x000001818ff6d440: 4c89 5c24 | 204c 8964 | 2418 4c89 | 6c24 104c | 8974 2408 | 4c89 3c24 | 4c8b e448 | 83ec 2048 
  0x000001818ff6d460: 83e4 f048 | b850 0e73 | 28f9 7f00 | 00ff d049 | 8be4 4c8b | 3c24 4c8b | 7424 084c | 8b6c 2410 
  0x000001818ff6d480: 4c8b 6424 | 184c 8b5c | 2420 4c8b | 5424 284c | 8b4c 2430 | 4c8b 4424 | 3848 8b7c | 2440 488b 
  0x000001818ff6d4a0: 7424 4848 | 8b6c 2450 | 488b 5c24 | 6048 8b54 | 2468 488b | 4c24 7048 | 8b44 2478 | 4881 c480 
  0x000001818ff6d4c0: 0000 004d | 33e4 488b | 5de8 4c8b | 6b08 4d8d | 6d38 4983 | 7f08 000f | 84bb 0000 | 00e8 0500 
  0x000001818ff6d4e0: 0000 e996 | 0000 0048 | 8d44 2408 | 4c89 6dc0 | 498b cfc5 | f877 4989 | af38 0400 | 0049 8987 
  0x000001818ff6d500: 2804 0000 | 4883 ec20 | 40f6 c40f | 0f84 1900 | 0000 4883 | ec08 48b8 | d073 3828 | f97f 0000 
  0x000001818ff6d520: ffd0 4883 | c408 e90c | 0000 0048 | b8d0 7338 | 28f9 7f00 | 00ff d048 | 83c4 2049 | c787 2804 
  0x000001818ff6d540: 0000 0000 | 0000 49c7 | 8738 0400 | 0000 0000 | 0049 c787 | 3004 0000 | 0000 0000 | c5f8 7749 
  0x000001818ff6d560: 837f 0800 | 0f84 0500 | 0000 e971 | 3cff ff4c | 8b6d c04c | 8b75 c84e | 8d74 f500 | c348 b940 
  0x000001818ff6d580: 00a5 28f9 | 7f00 0048 | 83e4 f048 | b8c0 895f | 28f9 7f00 | 00ff d0f4 | 440f b75b | 2c41 f6c3 
  0x000001818ff6d5a0: 200f 8472 | 0100 0048 | 8d55 a84c | 8b5a 084d | 85db 0f85 | bb00 0000 | e805 0000 | 00e9 9600 
  0x000001818ff6d5c0: 0000 488d | 4424 084c | 896d c049 | 8bcf c5f8 | 7749 89af | 3804 0000 | 4989 8728 | 0400 0048 
  0x000001818ff6d5e0: 83ec 2040 | f6c4 0f0f | 8419 0000 | 0048 83ec | 0848 b800 | 7338 28f9 | 7f00 00ff | d048 83c4 
  0x000001818ff6d600: 08e9 0c00 | 0000 48b8 | 0073 3828 | f97f 0000 | ffd0 4883 | c420 49c7 | 8728 0400 | 0000 0000 
  0x000001818ff6d620: 0049 c787 | 3804 0000 | 0000 0000 | 49c7 8730 | 0400 0000 | 0000 00c5 | f877 4983 | 7f08 000f 
  0x000001818ff6d640: 8405 0000 | 00e9 963b | ffff 4c8b | 6dc0 4c8b | 75c8 4e8d | 74f5 00c3 | 48b9 4000 | a528 f97f 
  0x000001818ff6d660: 0000 4883 | e4f0 48b8 | c089 5f28 | f97f 0000 | ffd0 f44c | 896d c04c | 8b4a 0848 | c742 0800 
  0x000001818ff6d680: 0000 0045 | 8b87 d806 | 0000 4f3b | 4c07 f80f | 8542 0000 | 0041 83af | d806 0000 | 084f 3b4c 
  0x000001818ff6d6a0: 07f0 0f84 | 2a00 0000 | 498b 01a8 | 020f 8512 | 0000 004c | 8bc0 4983 | c801 f04d | 0fb1 010f 
  0x000001818ff6d6c0: 840d 0000 | 0041 8387 | d806 0000 | 08e9 0500 | 0000 e93e | 0000 004c | 894a 0848 | 8bca 4883 
  0x000001818ff6d6e0: ec20 40f6 | c40f 0f84 | 1900 0000 | 4883 ec08 | 48b8 5045 | 3828 f97f | 0000 ffd0 | 4883 c408 
  0x000001818ff6d700: e90c 0000 | 0048 b850 | 4538 28f9 | 7f00 00ff | d048 83c4 | 204c 8b6d | c041 c687 | 9603 0000 
  0x000001818ff6d720: 0149 3b6f | 280f 8705 | 0000 00e9 | ab00 0000 | 4883 ec10 | c5fb 1104 | 2448 83ec | 1048 8904 
  0x000001818ff6d740: 2448 c744 | 2408 0000 | 0000 c5f8 | 7749 89af | 3804 0000 | 49ba 4ad7 | f68f 8101 | 0000 4d89 
  0x000001818ff6d760: 9730 0400 | 0049 89a7 | 2804 0000 | 498b cf48 | 83ec 2040 | f6c4 0f0f | 8419 0000 | 0048 83ec 
  0x000001818ff6d780: 0848 b8f0 | 2b38 28f9 | 7f00 00ff | d048 83c4 | 08e9 0c00 | 0000 48b8 | f02b 3828 | f97f 0000 
  0x000001818ff6d7a0: ffd0 4883 | c420 49c7 | 8728 0400 | 0000 0000 | 0049 c787 | 3804 0000 | 0000 0000 | 49c7 8730 
  0x000001818ff6d7c0: 0400 0000 | 0000 00c5 | f877 488b | 0424 4883 | c410 c5fb | 1004 2448 | 83c4 1048 | 8b04 2448 
  0x000001818ff6d7e0: 83c4 10c5 | fb10 0424 | 4883 c410 | 4c8b 5d18 | 41ff d34c | 8b5d f8c9 | 41c6 8796 | 0300 0000 
  0x000001818ff6d800: 5f49 8be3 | ffe7 ba00 | 0000 00e8 | 0500 0000 | e996 0000 | 0048 8d44 | 2408 4c89 | 6dc0 498b 
  0x000001818ff6d820: cfc5 f877 | 4989 af38 | 0400 0049 | 8987 2804 | 0000 4883 | ec20 40f6 | c40f 0f84 | 1900 0000 
  0x000001818ff6d840: 4883 ec08 | 48b8 403b | 3828 f97f | 0000 ffd0 | 4883 c408 | e90c 0000 | 0048 b840 | 3b38 28f9 
  0x000001818ff6d860: 7f00 00ff | d048 83c4 | 2049 c787 | 2804 0000 | 0000 0000 | 49c7 8738 | 0400 0000 | 0000 0049 
  0x000001818ff6d880: c787 3004 | 0000 0000 | 0000 c5f8 | 7749 837f | 0800 0f84 | 0500 0000 | e943 39ff | ff4c 8b6d 
  0x000001818ff6d8a0: c04c 8b75 | c84e 8d74 | f500 c348 | 8b5d e8e9 | 74f6 ffff | 0f1f 4000 
[/MachCode]

---------------  P R O C E S S  ---------------

Threads class SMR info:
_java_thread_list=0x00000181aa9883d0, length=37, elements={
0x00000181ff81dfb0, 0x00000181ffd50330, 0x00000181ffd522d0, 0x00000181ffd53130,
0x00000181ffd53f90, 0x00000181ffd55b60, 0x00000181ffd56720, 0x00000181ffd59620,
0x00000181ffdd2e40, 0x000001819eb20240, 0x000001819eb45910, 0x00000181a3412fd0,
0x00000181a37216c0, 0x00000181a373a880, 0x00000181a3785100, 0x00000181a3802810,
0x000001819eb4d010, 0x00000181a3810da0, 0x00000181a380e690, 0x00000181a380fe00,
0x00000181a3a0dee0, 0x00000181a3a0e6b0, 0x00000181a3a10dc0, 0x00000181a3a105f0,
0x00000181a38134b0, 0x00000181a447e480, 0x00000181a4477720, 0x00000181a44786c0,
0x00000181a4479e30, 0x00000181a8308f50, 0x00000181a830be30, 0x00000181a8304900,
0x00000181a8307010, 0x00000181a8309ef0, 0x00000181a830ae90, 0x00000181a8306070,
0x00000181a4479660
}

Java Threads: ( => current thread )
  0x00000181ff81dfb0 JavaThread "main"                              [_thread_blocked, id=10292, stack(0x0000003aeb200000,0x0000003aeb400000) (2048K)]
  0x00000181ffd50330 JavaThread "Reference Handler"          daemon [_thread_blocked, id=19488, stack(0x0000003aec600000,0x0000003aec800000) (2048K)]
  0x00000181ffd522d0 JavaThread "Finalizer"                  daemon [_thread_blocked, id=980, stack(0x0000003aec800000,0x0000003aeca00000) (2048K)]
  0x00000181ffd53130 JavaThread "Signal Dispatcher"          daemon [_thread_blocked, id=20196, stack(0x0000003aeca00000,0x0000003aecc00000) (2048K)]
  0x00000181ffd53f90 JavaThread "Attach Listener"            daemon [_thread_blocked, id=14932, stack(0x0000003aecc00000,0x0000003aece00000) (2048K)]
  0x00000181ffd55b60 JavaThread "Service Thread"             daemon [_thread_blocked, id=4760, stack(0x0000003aece00000,0x0000003aed000000) (2048K)]
  0x00000181ffd56720 JavaThread "Monitor Deflation Thread"   daemon [_thread_blocked, id=18756, stack(0x0000003aed000000,0x0000003aed200000) (2048K)]
  0x00000181ffd59620 JavaThread "C2 CompilerThread0"         daemon [_thread_blocked, id=19636, stack(0x0000003aed200000,0x0000003aed400000) (2048K)]
  0x00000181ffdd2e40 JavaThread "C1 CompilerThread0"         daemon [_thread_blocked, id=7484, stack(0x0000003aed400000,0x0000003aed600000) (2048K)]
  0x000001819eb20240 JavaThread "Notification Thread"        daemon [_thread_blocked, id=16424, stack(0x0000003aed600000,0x0000003aed800000) (2048K)]
  0x000001819eb45910 JavaThread "Common-Cleaner"             daemon [_thread_blocked, id=23460, stack(0x0000003aed800000,0x0000003aeda00000) (2048K)]
  0x00000181a3412fd0 JavaThread "Active Reference Queue Daemon" daemon [_thread_blocked, id=2584, stack(0x0000003aeda00000,0x0000003aedc00000) (2048K)]
  0x00000181a37216c0 JavaThread "CLI Requests Server"        daemon [_thread_in_native, id=3428, stack(0x0000003aedc00000,0x0000003aede00000) (2048K)]
  0x00000181a373a880 JavaThread "Inactive RequestProcessor thread [Was:org.netbeans.modules.project.ui.actions.ActiveConfigAction/org.netbeans.modules.project.ui.actions.ActiveConfigAction$14]" daemon [_thread_blocked, id=11316, stack(0x0000003aede00000,0x0000003aee000000) (2048K)]
  0x00000181a3785100 JavaThread "RequestProcessor queue manager" daemon [_thread_blocked, id=19900, stack(0x0000003aee400000,0x0000003aee600000) (2048K)]
  0x00000181a3802810 JavaThread "Java2D Disposer"            daemon [_thread_blocked, id=23516, stack(0x0000003aee200000,0x0000003aee400000) (2048K)]
  0x000001819eb4d010 JavaThread "AWT-Shutdown"                      [_thread_blocked, id=14636, stack(0x0000003aee800000,0x0000003aeea00000) (2048K)]
  0x00000181a3810da0 JavaThread "AWT-Windows"                daemon [_thread_in_native, id=22268, stack(0x0000003aeea00000,0x0000003aeec00000) (2048K)]
  0x00000181a380e690 JavaThread "AWT-EventQueue-0"                  [_thread_blocked, id=12592, stack(0x0000003aeec00000,0x0000003aeee00000) (2048K)]
  0x00000181a380fe00 JavaThread "Inactive RequestProcessor thread [Was:Logging Flush/org.netbeans.core.startup.logging.DispatchingHandler]" daemon [_thread_blocked, id=19160, stack(0x0000003aeee00000,0x0000003aef000000) (2048K)]
  0x00000181a3a0dee0 JavaThread "Inactive RequestProcessor thread [Was:org.netbeans.modules.project.ui.actions.LookupSensitiveAction/org.netbeans.modules.project.ui.actions.MainProjectAction$2]" daemon [_thread_blocked, id=22948, stack(0x0000003aefe00000,0x0000003af0000000) (2048K)]
  0x00000181a3a0e6b0 JavaThread "Inactive RequestProcessor thread [Was:org.netbeans.modules.project.ui.problems.BrokenProjectAnnotator.load/org.netbeans.modules.project.ui.problems.BrokenProjectAnnotator$2]" daemon [_thread_blocked, id=21080, stack(0x0000003af0000000,0x0000003af0200000) (2048K)]
  0x00000181a3a10dc0 JavaThread "Inactive RequestProcessor thread [Was:Load Open Projects/org.netbeans.modules.project.ui.OpenProjectList$LoadOpenProjects]" daemon [_thread_blocked, id=23448, stack(0x0000003af0200000,0x0000003af0400000) (2048K)]
  0x00000181a3a105f0 JavaThread "JNA Cleaner"                daemon [_thread_blocked, id=16644, stack(0x0000003af0400000,0x0000003af0600000) (2048K)]
  0x00000181a38134b0 JavaThread "File Watcher"               daemon [_thread_blocked, id=14936, stack(0x0000003af0600000,0x0000003af0800000) (2048K)]
  0x00000181a447e480 JavaThread "W32 File Monitor"           daemon [_thread_in_native, id=13192, stack(0x0000003af0800000,0x0000003af0a00000) (2048K)]
  0x00000181a4477720 JavaThread "Event Dispatch Thread"      daemon [_thread_blocked, id=3264, stack(0x0000003af0a00000,0x0000003af0c00000) (2048K)]
  0x00000181a44786c0 JavaThread "TimerQueue"                 daemon [_thread_blocked, id=20092, stack(0x0000003af0c00000,0x0000003af0e00000) (2048K)]
  0x00000181a4479e30 JavaThread "Flushing caches"                   [_thread_blocked, id=1848, stack(0x0000003af0e00000,0x0000003af1000000) (2048K)]
  0x00000181a8308f50 JavaThread "Inactive RequestProcessor thread [Was:Warm Up/org.netbeans.core.startup.WarmUpSupport]" daemon [_thread_blocked, id=16968, stack(0x0000003af1600000,0x0000003af1800000) (2048K)]
  0x00000181a830be30 JavaThread "Inactive RequestProcessor thread [Was:Folder recognizer/org.openide.loaders.FolderList$ListTask]" daemon [_thread_blocked, id=1472, stack(0x0000003af1800000,0x0000003af1a00000) (2048K)]
  0x00000181a8304900 JavaThread "Keep-Alive-Timer"           daemon [_thread_blocked, id=20220, stack(0x0000003af1a00000,0x0000003af1c00000) (2048K)]
  0x00000181a8307010 JavaThread "Inactive RequestProcessor thread [Was:Folder recognizer/org.openide.loaders.FolderList$ListTask]" daemon [_thread_blocked, id=7256, stack(0x0000003af1c00000,0x0000003af1e00000) (2048K)]
  0x00000181a8309ef0 JavaThread "Thread-2"                          [_thread_blocked, id=7080, stack(0x0000003aee000000,0x0000003aee200000) (2048K)]
  0x00000181a830ae90 JavaThread "QuantumRenderer-0"          daemon [_thread_blocked, id=18892, stack(0x0000003af1000000,0x0000003af1200000) (2048K)]
  0x00000181a8306070 JavaThread "InvokeLaterDispatcher"      daemon [_thread_blocked, id=11836, stack(0x0000003af1200000,0x0000003af1400000) (2048K)]
=>0x00000181a4479660 JavaThread "WindowsNativeRunloopThread"        [_thread_in_vm, id=21248, stack(0x0000003af1400000,0x0000003af1600000) (2048K)]
Total: 37

Other Threads:
  0x00000181ffd43e10 VMThread "VM Thread"                           [id=18160, stack(0x0000003aec400000,0x0000003aec600000) (2048K)]
  0x00000181ffd2fa30 WatcherThread "VM Periodic Task Thread"        [id=9584, stack(0x0000003aec200000,0x0000003aec400000) (2048K)]
  0x00000181ff887ee0 WorkerThread "GC Thread#0"                     [id=3820, stack(0x0000003aeb800000,0x0000003aeba00000) (2048K)]
  0x00000181a39bd120 WorkerThread "GC Thread#1"                     [id=20676, stack(0x0000003aef000000,0x0000003aef200000) (2048K)]
  0x00000181a39bd550 WorkerThread "GC Thread#2"                     [id=20768, stack(0x0000003aef200000,0x0000003aef400000) (2048K)]
  0x00000181a39bd980 WorkerThread "GC Thread#3"                     [id=2192, stack(0x0000003aef400000,0x0000003aef600000) (2048K)]
  0x00000181ff8a0d70 ConcurrentGCThread "G1 Main Marker"            [id=9000, stack(0x0000003aeba00000,0x0000003aebc00000) (2048K)]
  0x00000181ff8a3240 WorkerThread "G1 Conc#0"                       [id=21720, stack(0x0000003aebc00000,0x0000003aebe00000) (2048K)]
  0x00000181ffc036f0 ConcurrentGCThread "G1 Refine#0"               [id=18992, stack(0x0000003aebe00000,0x0000003aec000000) (2048K)]
  0x00000181ffc04b20 ConcurrentGCThread "G1 Service"                [id=13776, stack(0x0000003aec000000,0x0000003aec200000) (2048K)]
Total: 10

Threads with active compile tasks:
Total: 0

VM state: not at safepoint (normal execution)

VM Mutex/Monitor currently owned by a thread: None

Heap address: 0x0000000701800000, size: 4072 MB, Compressed Oops mode: Zero based, Oop shift amount: 3

CDS archive(s) mapped at: [0x0000000094000000-0x0000000094dd0000-0x0000000094dd0000), size 14483456, SharedBaseAddress: 0x0000000094000000, ArchiveRelocationMode: 1.
Compressed class space mapped at: 0x0000000095000000-0x00000000d5000000, reserved size: 1073741824
UseCompressedClassPointers 1, UseCompactObjectHeaders 0
Narrow klass pointer bits 32, Max shift 3
Narrow klass base: 0x0000000094000000, Narrow klass shift: 0
Encoding Range: [0x0000000094000000 - 0x0000000194000000), (4294967296 bytes)
Klass Range:    [0x0000000094010000 - 0x00000000d5000000), (1090453504 bytes)
Klass ID Range:  [65536 - 1090519033) (1090453497)
Protection zone: [0x0000000094000000 - 0x0000000094010000), (65536 bytes)

GC Precious Log:
 CardTable entry size: 512
 Card Set container configuration: InlinePtr #cards 4 size 8 Array Of Cards #cards 16 size 48 Howl #buckets 8 coarsen threshold 3686 Howl Bitmap #cards 512 size 80 coarsen threshold 460 Card regions per heap region 1 cards per card region 4096
 CPUs: 4 total, 4 available
 Memory: 16281M
 Large Page Support: Disabled
 NUMA Support: Disabled
 Compressed Oops: Enabled (Zero based)
 Heap Region Size: 2M
 Heap Min Capacity: 8M
 Heap Initial Capacity: 256M
 Heap Max Capacity: 4072M
 Pre-touch: Disabled
 Parallel Workers: 4
 Concurrent Workers: 1
 Concurrent Refinement Workers: 4
 Periodic GC: Disabled

Heap:
 garbage-first heap   total reserved 4169728K, committed 137216K, used 77233K [0x0000000701800000, 0x0000000800000000)
  region size 2048K, 13 young (26624K), 2 survivors (4096K)

Heap Regions: E=young(eden), S=young(survivor), O=old, HS=humongous(starts), HC=humongous(continues), CS=collection set, F=free, TAMS=top-at-mark-start, PB=parsable bottom
|   0|0x0000000701800000, 0x0000000701a00000, 0x0000000701a00000|100%| O|  |TAMS 0x0000000701800000| PB 0x0000000701800000| Untracked |  0
|   1|0x0000000701a00000, 0x0000000701c00000, 0x0000000701c00000|100%|HS|  |TAMS 0x0000000701a00000| PB 0x0000000701a00000| Complete |  0
|   2|0x0000000701c00000, 0x0000000701e00000, 0x0000000701e00000|100%| O|  |TAMS 0x0000000701c00000| PB 0x0000000701c00000| Untracked |  0
|   3|0x0000000701e00000, 0x0000000702000000, 0x0000000702000000|100%|HS|  |TAMS 0x0000000701e00000| PB 0x0000000701e00000| Complete |  0
|   4|0x0000000702000000, 0x0000000702200000, 0x0000000702200000|100%|HC|  |TAMS 0x0000000702000000| PB 0x0000000702000000| Complete |  0
|   5|0x0000000702200000, 0x0000000702400000, 0x0000000702400000|100%|HC|  |TAMS 0x0000000702200000| PB 0x0000000702200000| Complete |  0
|   6|0x0000000702400000, 0x0000000702600000, 0x0000000702600000|100%|HS|  |TAMS 0x0000000702400000| PB 0x0000000702400000| Complete |  0
|   7|0x0000000702600000, 0x0000000702800000, 0x0000000702800000|100%|HC|  |TAMS 0x0000000702600000| PB 0x0000000702600000| Complete |  0
|   8|0x0000000702800000, 0x0000000702a00000, 0x0000000702a00000|100%|HC|  |TAMS 0x0000000702800000| PB 0x0000000702800000| Complete |  0
|   9|0x0000000702a00000, 0x0000000702c00000, 0x0000000702c00000|100%| O|  |TAMS 0x0000000702a00000| PB 0x0000000702a00000| Untracked |  0
|  10|0x0000000702c00000, 0x0000000702e00000, 0x0000000702e00000|100%| O|  |TAMS 0x0000000702c00000| PB 0x0000000702c00000| Untracked |  0
|  11|0x0000000702e00000, 0x0000000703000000, 0x0000000703000000|100%| O|  |TAMS 0x0000000702e00000| PB 0x0000000702e00000| Untracked |  0
|  12|0x0000000703000000, 0x0000000703200000, 0x0000000703200000|100%| O|  |TAMS 0x0000000703000000| PB 0x0000000703000000| Untracked |  0
|  13|0x0000000703200000, 0x0000000703400000, 0x0000000703400000|100%|HS|  |TAMS 0x0000000703200000| PB 0x0000000703200000| Complete |  0
|  14|0x0000000703400000, 0x0000000703600000, 0x0000000703600000|100%|HS|  |TAMS 0x0000000703400000| PB 0x0000000703400000| Complete |  0
|  15|0x0000000703600000, 0x0000000703800000, 0x0000000703800000|100%|HS|  |TAMS 0x0000000703600000| PB 0x0000000703600000| Complete |  0
|  16|0x0000000703800000, 0x0000000703a00000, 0x0000000703a00000|100%| O|  |TAMS 0x0000000703800000| PB 0x0000000703800000| Untracked |  0
|  17|0x0000000703a00000, 0x0000000703c00000, 0x0000000703c00000|100%| O|  |TAMS 0x0000000703a00000| PB 0x0000000703a00000| Untracked |  0
|  18|0x0000000703c00000, 0x0000000703e00000, 0x0000000703e00000|100%| O|  |TAMS 0x0000000703c00000| PB 0x0000000703c00000| Untracked |  0
|  19|0x0000000703e00000, 0x0000000704000000, 0x0000000704000000|100%| O|  |TAMS 0x0000000703e00000| PB 0x0000000703e00000| Untracked |  0
|  20|0x0000000704000000, 0x0000000704200000, 0x0000000704200000|100%| O|  |TAMS 0x0000000704000000| PB 0x0000000704000000| Untracked |  0
|  21|0x0000000704200000, 0x0000000704200000, 0x0000000704400000|  0%| F|  |TAMS 0x0000000704200000| PB 0x0000000704200000| Untracked |  0
|  22|0x0000000704400000, 0x0000000704600000, 0x0000000704600000|100%| O|  |TAMS 0x0000000704400000| PB 0x0000000704400000| Untracked |  0
|  23|0x0000000704600000, 0x0000000704800000, 0x0000000704800000|100%| O|  |TAMS 0x0000000704600000| PB 0x0000000704600000| Untracked |  0
|  24|0x0000000704800000, 0x00000007049d9640, 0x0000000704a00000| 92%| O|  |TAMS 0x0000000704800000| PB 0x0000000704800000| Untracked |  0
|  25|0x0000000704a00000, 0x0000000704a00000, 0x0000000704c00000|  0%| F|  |TAMS 0x0000000704a00000| PB 0x0000000704a00000| Untracked |  0
|  26|0x0000000704c00000, 0x0000000704c00000, 0x0000000704e00000|  0%| F|  |TAMS 0x0000000704c00000| PB 0x0000000704c00000| Untracked |  0
|  27|0x0000000704e00000, 0x0000000704e00000, 0x0000000705000000|  0%| F|  |TAMS 0x0000000704e00000| PB 0x0000000704e00000| Untracked |  0
|  28|0x0000000705000000, 0x0000000705200000, 0x0000000705200000|100%| O|  |TAMS 0x0000000705000000| PB 0x0000000705000000| Untracked |  0
|  29|0x0000000705200000, 0x0000000705400000, 0x0000000705400000|100%| O|  |TAMS 0x0000000705200000| PB 0x0000000705200000| Untracked |  0
|  30|0x0000000705400000, 0x0000000705400000, 0x0000000705600000|  0%| F|  |TAMS 0x0000000705400000| PB 0x0000000705400000| Untracked |  0
|  31|0x0000000705600000, 0x0000000705600000, 0x0000000705800000|  0%| F|  |TAMS 0x0000000705600000| PB 0x0000000705600000| Untracked |  0
|  32|0x0000000705800000, 0x0000000705800000, 0x0000000705a00000|  0%| F|  |TAMS 0x0000000705800000| PB 0x0000000705800000| Untracked |  0
|  33|0x0000000705a00000, 0x0000000705a00000, 0x0000000705c00000|  0%| F|  |TAMS 0x0000000705a00000| PB 0x0000000705a00000| Untracked |  0
|  34|0x0000000705c00000, 0x0000000705c00000, 0x0000000705e00000|  0%| F|  |TAMS 0x0000000705c00000| PB 0x0000000705c00000| Untracked |  0
|  35|0x0000000705e00000, 0x0000000705e00000, 0x0000000706000000|  0%| F|  |TAMS 0x0000000705e00000| PB 0x0000000705e00000| Untracked |  0
|  36|0x0000000706000000, 0x0000000706193170, 0x0000000706200000| 78%| S|CS|TAMS 0x0000000706000000| PB 0x0000000706000000| Complete |  0
|  37|0x0000000706200000, 0x0000000706400000, 0x0000000706400000|100%| S|CS|TAMS 0x0000000706200000| PB 0x0000000706200000| Complete |  0
|  38|0x0000000706400000, 0x0000000706400000, 0x0000000706600000|  0%| F|  |TAMS 0x0000000706400000| PB 0x0000000706400000| Untracked |  0
|  39|0x0000000706600000, 0x0000000706600000, 0x0000000706800000|  0%| F|  |TAMS 0x0000000706600000| PB 0x0000000706600000| Untracked |  0
|  40|0x0000000706800000, 0x0000000706800000, 0x0000000706a00000|  0%| F|  |TAMS 0x0000000706800000| PB 0x0000000706800000| Untracked |  0
|  41|0x0000000706a00000, 0x0000000706a00000, 0x0000000706c00000|  0%| F|  |TAMS 0x0000000706a00000| PB 0x0000000706a00000| Untracked |  0
|  42|0x0000000706c00000, 0x0000000706c00000, 0x0000000706e00000|  0%| F|  |TAMS 0x0000000706c00000| PB 0x0000000706c00000| Untracked |  0
|  43|0x0000000706e00000, 0x0000000706e00000, 0x0000000707000000|  0%| F|  |TAMS 0x0000000706e00000| PB 0x0000000706e00000| Untracked |  0
|  44|0x0000000707000000, 0x0000000707000000, 0x0000000707200000|  0%| F|  |TAMS 0x0000000707000000| PB 0x0000000707000000| Untracked |  0
|  45|0x0000000707200000, 0x0000000707200000, 0x0000000707400000|  0%| F|  |TAMS 0x0000000707200000| PB 0x0000000707200000| Untracked |  0
|  46|0x0000000707400000, 0x0000000707400000, 0x0000000707600000|  0%| F|  |TAMS 0x0000000707400000| PB 0x0000000707400000| Untracked |  0
|  47|0x0000000707600000, 0x0000000707600000, 0x0000000707800000|  0%| F|  |TAMS 0x0000000707600000| PB 0x0000000707600000| Untracked |  0
|  48|0x0000000707800000, 0x0000000707800000, 0x0000000707a00000|  0%| F|  |TAMS 0x0000000707800000| PB 0x0000000707800000| Untracked |  0
|  49|0x0000000707a00000, 0x0000000707a00000, 0x0000000707c00000|  0%| F|  |TAMS 0x0000000707a00000| PB 0x0000000707a00000| Untracked |  0
|  50|0x0000000707c00000, 0x0000000707c00000, 0x0000000707e00000|  0%| F|  |TAMS 0x0000000707c00000| PB 0x0000000707c00000| Untracked |  0
|  51|0x0000000707e00000, 0x0000000707e00000, 0x0000000708000000|  0%| F|  |TAMS 0x0000000707e00000| PB 0x0000000707e00000| Untracked |  0
|  52|0x0000000708000000, 0x0000000708000000, 0x0000000708200000|  0%| F|  |TAMS 0x0000000708000000| PB 0x0000000708000000| Untracked |  0
|  53|0x0000000708200000, 0x0000000708200000, 0x0000000708400000|  0%| F|  |TAMS 0x0000000708200000| PB 0x0000000708200000| Untracked |  0
|  54|0x0000000708400000, 0x0000000708400000, 0x0000000708600000|  0%| F|  |TAMS 0x0000000708400000| PB 0x0000000708400000| Untracked |  0
|  55|0x0000000708600000, 0x0000000708600000, 0x0000000708800000|  0%| F|  |TAMS 0x0000000708600000| PB 0x0000000708600000| Untracked |  0
|  56|0x0000000708800000, 0x0000000708960a48, 0x0000000708a00000| 68%| E|  |TAMS 0x0000000708800000| PB 0x0000000708800000| Complete |  0
|  57|0x0000000708a00000, 0x0000000708c00000, 0x0000000708c00000|100%| E|CS|TAMS 0x0000000708a00000| PB 0x0000000708a00000| Complete |  0
|  58|0x0000000708c00000, 0x0000000708e00000, 0x0000000708e00000|100%| E|CS|TAMS 0x0000000708c00000| PB 0x0000000708c00000| Complete |  0
|  59|0x0000000708e00000, 0x0000000709000000, 0x0000000709000000|100%| E|CS|TAMS 0x0000000708e00000| PB 0x0000000708e00000| Complete |  0
|  60|0x0000000709000000, 0x0000000709200000, 0x0000000709200000|100%| E|CS|TAMS 0x0000000709000000| PB 0x0000000709000000| Complete |  0
|  61|0x0000000709200000, 0x0000000709400000, 0x0000000709400000|100%| E|CS|TAMS 0x0000000709200000| PB 0x0000000709200000| Complete |  0
|  62|0x0000000709400000, 0x0000000709600000, 0x0000000709600000|100%| E|CS|TAMS 0x0000000709400000| PB 0x0000000709400000| Complete |  0
|  63|0x0000000709600000, 0x0000000709800000, 0x0000000709800000|100%| E|CS|TAMS 0x0000000709600000| PB 0x0000000709600000| Complete |  0
| 115|0x000000070fe00000, 0x0000000710000000, 0x0000000710000000|100%| E|CS|TAMS 0x000000070fe00000| PB 0x000000070fe00000| Complete |  0
| 127|0x0000000711600000, 0x0000000711800000, 0x0000000711800000|100%| E|CS|TAMS 0x0000000711600000| PB 0x0000000711600000| Complete |  0
|2035|0x00000007ffe00000, 0x0000000800000000, 0x0000000800000000|100%| E|CS|TAMS 0x00000007ffe00000| PB 0x00000007ffe00000| Complete |  0

Card table byte_map: [0x0000018198230000,0x0000018198a30000] _byte_map_base: 0x0000018194a24000

Marking Bits: (CMBitMap*) 0x00000181ff888670
 Bits: [0x0000018198a30000, 0x000001819c9d0000)

Polling page: 0x00000181fd5c0000

Metaspace:
Metaspace        used 52286K, committed 53504K, reserved 1114112K
 class space     used 5417K, committed 5952K, reserved 1048576K

Usage:
  Non-class:     45.77 MB used.
      Class:      5.29 MB used.
       Both:     51.06 MB used.

Virtual space:
  Non-class space:       64.00 MB reserved,      46.44 MB ( 73%) committed,  1 nodes.
      Class space:        1.00 GB reserved,       5.81 MB ( <1%) committed,  1 nodes.
             Both:        1.06 GB reserved,      52.25 MB (  5%) committed. 

Chunk freelists:
   Non-Class:  780.00 KB
       Class:  10.24 MB
        Both:  11.00 MB

MaxMetaspaceSize: unlimited
CompressedClassSpaceSize: 1.00 GB
Initial GC threshold: 21.00 MB
Current GC threshold: 60.25 MB
CDS: on
 - commit_granule_bytes: 65536.
 - commit_granule_words: 8192.
 - virtual_space_node_default_size: 8388608.
 - enlarge_chunks_in_place: 1.
UseCompressedClassPointers 1, UseCompactObjectHeaders 0
Narrow klass pointer bits 32, Max shift 3
Narrow klass base: 0x0000000094000000, Narrow klass shift: 0
Encoding Range: [0x0000000094000000 - 0x0000000194000000), (4294967296 bytes)
Klass Range:    [0x0000000094010000 - 0x00000000d5000000), (1090453504 bytes)
Klass ID Range:  [65536 - 1090519033) (1090453497)
Protection zone: [0x0000000094000000 - 0x0000000094010000), (65536 bytes)


Internal statistics:

num_allocs_failed_limit: 17.
num_arena_births: 562.
num_arena_deaths: 0.
num_vsnodes_births: 2.
num_vsnodes_deaths: 0.
num_space_committed: 836.
num_space_uncommitted: 0.
num_chunks_returned_to_freelist: 17.
num_chunks_taken_from_freelist: 2172.
num_chunk_merges: 11.
num_chunk_splits: 1273.
num_chunks_enlarged: 654.
num_inconsistent_stats: 0.

CodeHeap 'non-profiled nmethods': size=120064Kb used=3490Kb max_used=3490Kb free=116573Kb
 bounds [0x00000181904f0000, 0x0000018190860000, 0x0000018197a30000]
CodeHeap 'profiled nmethods': size=120000Kb used=16631Kb max_used=16631Kb free=103368Kb
 bounds [0x0000018188a30000, 0x0000018189a70000, 0x000001818ff60000]
CodeHeap 'non-nmethods': size=5696Kb used=1866Kb max_used=1911Kb free=3829Kb
 bounds [0x000001818ff60000, 0x00000181901d0000, 0x00000181904f0000]
CodeCache: size=245760Kb, used=21987Kb, max_used=22032Kb, free=223770Kb
 total_blobs=9877, nmethods=8889, adapters=891, full_count=0
Compilation: enabled, stopped_count=0, restarted_count=0

Compilation events (20 events):
Event: 16.140 Thread 0x00000181a878c9c0 nmethod 9623 0x000001819084c408 code [0x000001819084c500, 0x000001819084ce38]
Event: 16.140 Thread 0x00000181ffdd2e40 nmethod 9624 0x0000018189a4f888 code [0x0000018189a4f980, 0x0000018189a4fdc0]
Event: 16.147 Thread 0x00000181ffdd2e40 9625  s    1       javax.swing.text.html.MuxingAttributeSet::getAttributes (5 bytes)
Event: 16.147 Thread 0x00000181ffdd2e40 nmethod 9625 0x000001819084ce88 code [0x000001819084cf80, 0x000001819084d190]
Event: 16.147 Thread 0x00000181ffdd2e40 9627       3       javax.swing.text.StyleContext$SmallAttributeSet::getLocalAttribute (49 bytes)
Event: 16.147 Thread 0x00000181ffdd2e40 nmethod 9627 0x0000018189a4fe08 code [0x0000018189a4ff00, 0x0000018189a502a8]
Event: 16.147 Thread 0x00000181ffdd2e40 9626       3       javax.swing.text.StyleContext$SmallAttributeSet::getAttribute (29 bytes)
Event: 16.148 Thread 0x00000181ffdd2e40 nmethod 9626 0x0000018189a50308 code [0x0000018189a50400, 0x0000018189a50780]
Event: 16.149 Thread 0x00000181ffdd2e40 9628       3       javax.swing.text.html.MuxingAttributeSet::getAttribute (108 bytes)
Event: 16.150 Thread 0x00000181ffdd2e40 nmethod 9628 0x0000018189a50788 code [0x0000018189a50880, 0x0000018189a51760]
Event: 16.150 Thread 0x00000181ffdd2e40 9630       3       javax.swing.text.html.StyleSheet$SmallConversionSet::getAttribute (58 bytes)
Event: 16.151 Thread 0x00000181ffdd2e40 nmethod 9630 0x0000018189a51788 code [0x0000018189a51880, 0x0000018189a52790]
Event: 16.151 Thread 0x00000181ffdd2e40 9629       3       javax.swing.text.html.CSS::styleConstantsKeyToCSSKey (13 bytes)
Event: 16.151 Thread 0x00000181ffdd2e40 nmethod 9629 0x0000018189a52808 code [0x0000018189a52900, 0x0000018189a52be8]
Event: 16.151 Thread 0x00000181ffdd2e40 9631       1       javax.swing.text.View::getParent (5 bytes)
Event: 16.151 Thread 0x00000181ffdd2e40 nmethod 9631 0x000001819084d208 code [0x000001819084d300, 0x000001819084d3c8]
Event: 16.152 Thread 0x00000181ffdd2e40 9632       3       java.lang.invoke.MemberName::equals (69 bytes)
Event: 16.153 Thread 0x00000181ffdd2e40 nmethod 9632 0x0000018189a52c08 code [0x0000018189a52d00, 0x0000018189a53c98]
Event: 16.153 Thread 0x00000181ffdd2e40 9633       1       javax.swing.text.html.CSS$Attribute::isInherited (5 bytes)
Event: 16.153 Thread 0x00000181ffdd2e40 nmethod 9633 0x000001819084d508 code [0x000001819084d600, 0x000001819084d6c8]

GC Heap Usage History (16 events):
Event: 2.320 {heap Before GC invocations=0 (full 0):
 garbage-first heap   total reserved 4169728K, committed 264192K, used 42131K [0x0000000701800000, 0x0000000800000000)
  region size 2048K, 14 young (28672K), 0 survivors (0K)
}
Event: 2.326 {heap After GC invocations=1 (full 0):
 garbage-first heap   total reserved 4169728K, committed 264192K, used 17483K [0x0000000701800000, 0x0000000800000000)
  region size 2048K, 2 young (4096K), 2 survivors (4096K)
}
Event: 4.610 {heap Before GC invocations=1 (full 0):
 garbage-first heap   total reserved 4169728K, committed 264192K, used 146507K [0x0000000701800000, 0x0000000800000000)
  region size 2048K, 56 young (114688K), 2 survivors (4096K)
}
Event: 4.628 {heap After GC invocations=2 (full 0):
 garbage-first heap   total reserved 4169728K, committed 264192K, used 44286K [0x0000000701800000, 0x0000000800000000)
  region size 2048K, 7 young (14336K), 7 survivors (14336K)
}
Event: 5.211 {heap Before GC invocations=2 (full 0):
 garbage-first heap   total reserved 4169728K, committed 264192K, used 66814K [0x0000000701800000, 0x0000000800000000)
  region size 2048K, 19 young (38912K), 7 survivors (14336K)
}
Event: 5.229 {heap After GC invocations=3 (full 0):
 garbage-first heap   total reserved 4169728K, committed 264192K, used 38270K [0x0000000701800000, 0x0000000800000000)
  region size 2048K, 1 young (2048K), 1 survivors (2048K)
}
Event: 7.328 {heap Before GC invocations=4 (full 0):
 garbage-first heap   total reserved 4169728K, committed 137216K, used 111998K [0x0000000701800000, 0x0000000800000000)
  region size 2048K, 38 young (77824K), 1 survivors (2048K)
}
Event: 7.347 {heap After GC invocations=5 (full 0):
 garbage-first heap   total reserved 4169728K, committed 137216K, used 47416K [0x0000000701800000, 0x0000000800000000)
  region size 2048K, 6 young (12288K), 6 survivors (12288K)
}
Event: 7.391 {heap Before GC invocations=5 (full 0):
 garbage-first heap   total reserved 4169728K, committed 137216K, used 53560K [0x0000000701800000, 0x0000000800000000)
  region size 2048K, 11 young (22528K), 6 survivors (12288K)
}
Event: 7.406 {heap After GC invocations=6 (full 0):
 garbage-first heap   total reserved 4169728K, committed 137216K, used 48125K [0x0000000701800000, 0x0000000800000000)
  region size 2048K, 1 young (2048K), 1 survivors (2048K)
}
Event: 7.473 {heap Before GC invocations=6 (full 0):
 garbage-first heap   total reserved 4169728K, committed 137216K, used 50173K [0x0000000701800000, 0x0000000800000000)
  region size 2048K, 3 young (6144K), 1 survivors (2048K)
}
Event: 7.475 {heap After GC invocations=7 (full 0):
 garbage-first heap   total reserved 4169728K, committed 137216K, used 47142K [0x0000000701800000, 0x0000000800000000)
  region size 2048K, 1 young (2048K), 1 survivors (2048K)
}
Event: 9.476 {heap Before GC invocations=8 (full 0):
 garbage-first heap   total reserved 4169728K, committed 137216K, used 108582K [0x0000000701800000, 0x0000000800000000)
  region size 2048K, 32 young (65536K), 1 survivors (2048K)
}
Event: 9.486 {heap After GC invocations=9 (full 0):
 garbage-first heap   total reserved 4169728K, committed 137216K, used 54215K [0x0000000701800000, 0x0000000800000000)
  region size 2048K, 4 young (8192K), 4 survivors (8192K)
}
Event: 10.394 {heap Before GC invocations=9 (full 0):
 garbage-first heap   total reserved 4169728K, committed 137216K, used 113607K [0x0000000701800000, 0x0000000800000000)
  region size 2048K, 33 young (67584K), 4 survivors (8192K)
}
Event: 10.406 {heap After GC invocations=10 (full 0):
 garbage-first heap   total reserved 4169728K, committed 137216K, used 56753K [0x0000000701800000, 0x0000000800000000)
  region size 2048K, 2 young (4096K), 2 survivors (4096K)
}

Metaspace Usage History (16 events):
Event: 2.320 {metaspace Before GC invocations=0 (full 0):
 Metaspace       used 9440K, committed 9728K, reserved 1114112K
  class space    used 760K, committed 896K, reserved 1048576K
}
Event: 2.326 {metaspace After GC invocations=1 (full 0):
 Metaspace       used 9440K, committed 9728K, reserved 1114112K
  class space    used 760K, committed 896K, reserved 1048576K
}
Event: 4.610 {metaspace Before GC invocations=1 (full 0):
 Metaspace       used 16143K, committed 16448K, reserved 1114112K
  class space    used 1252K, committed 1408K, reserved 1048576K
}
Event: 4.628 {metaspace After GC invocations=2 (full 0):
 Metaspace       used 16143K, committed 16448K, reserved 1114112K
  class space    used 1252K, committed 1408K, reserved 1048576K
}
Event: 5.211 {metaspace Before GC invocations=2 (full 0):
 Metaspace       used 21004K, committed 21504K, reserved 1114112K
  class space    used 1712K, committed 1920K, reserved 1048576K
}
Event: 5.229 {metaspace After GC invocations=3 (full 0):
 Metaspace       used 21004K, committed 21504K, reserved 1114112K
  class space    used 1712K, committed 1920K, reserved 1048576K
}
Event: 7.328 {metaspace Before GC invocations=4 (full 0):
 Metaspace       used 35066K, committed 35968K, reserved 1114112K
  class space    used 3445K, committed 3840K, reserved 1048576K
}
Event: 7.347 {metaspace After GC invocations=5 (full 0):
 Metaspace       used 35066K, committed 35968K, reserved 1114112K
  class space    used 3445K, committed 3840K, reserved 1048576K
}
Event: 7.391 {metaspace Before GC invocations=5 (full 0):
 Metaspace       used 35390K, committed 36288K, reserved 1114112K
  class space    used 3517K, committed 3904K, reserved 1048576K
}
Event: 7.406 {metaspace After GC invocations=6 (full 0):
 Metaspace       used 35390K, committed 36288K, reserved 1114112K
  class space    used 3517K, committed 3904K, reserved 1048576K
}
Event: 7.473 {metaspace Before GC invocations=6 (full 0):
 Metaspace       used 35743K, committed 36608K, reserved 1114112K
  class space    used 3558K, committed 3904K, reserved 1048576K
}
Event: 7.475 {metaspace After GC invocations=7 (full 0):
 Metaspace       used 35743K, committed 36608K, reserved 1114112K
  class space    used 3558K, committed 3904K, reserved 1048576K
}
Event: 9.476 {metaspace Before GC invocations=8 (full 0):
 Metaspace       used 45631K, committed 46784K, reserved 1114112K
  class space    used 4658K, committed 5184K, reserved 1048576K
}
Event: 9.486 {metaspace After GC invocations=9 (full 0):
 Metaspace       used 45631K, committed 46784K, reserved 1114112K
  class space    used 4658K, committed 5184K, reserved 1048576K
}
Event: 10.394 {metaspace Before GC invocations=9 (full 0):
 Metaspace       used 48869K, committed 50048K, reserved 1114112K
  class space    used 5063K, committed 5504K, reserved 1048576K
}
Event: 10.406 {metaspace After GC invocations=10 (full 0):
 Metaspace       used 48869K, committed 50048K, reserved 1114112K
  class space    used 5063K, committed 5504K, reserved 1048576K
}

Dll operation events (20 events):
Event: 15.991 Loaded shared library C:\Program Files\Zulu\zulu-21\bin\api-ms-win-crt-heap-l1-1-0.dll
Event: 15.994 Loaded shared library C:\Program Files\Zulu\zulu-21\bin\api-ms-win-crt-locale-l1-1-0.dll
Event: 15.997 Loaded shared library C:\Program Files\Zulu\zulu-21\bin\api-ms-win-crt-math-l1-1-0.dll
Event: 15.999 Loaded shared library C:\Program Files\Zulu\zulu-21\bin\api-ms-win-crt-multibyte-l1-1-0.dll
Event: 16.003 Loaded shared library C:\Program Files\Zulu\zulu-21\bin\api-ms-win-crt-private-l1-1-0.dll
Event: 16.006 Loaded shared library C:\Program Files\Zulu\zulu-21\bin\api-ms-win-crt-process-l1-1-0.dll
Event: 16.008 Loaded shared library C:\Program Files\Zulu\zulu-21\bin\api-ms-win-crt-runtime-l1-1-0.dll
Event: 16.011 Loaded shared library C:\Program Files\Zulu\zulu-21\bin\api-ms-win-crt-stdio-l1-1-0.dll
Event: 16.013 Loaded shared library C:\Program Files\Zulu\zulu-21\bin\api-ms-win-crt-string-l1-1-0.dll
Event: 16.016 Loaded shared library C:\Program Files\Zulu\zulu-21\bin\api-ms-win-crt-time-l1-1-0.dll
Event: 16.018 Loaded shared library C:\Program Files\Zulu\zulu-21\bin\api-ms-win-crt-utility-l1-1-0.dll
Event: 16.021 Loaded shared library C:\Windows\System32\ucrtbase.dll
Event: 16.023 Loaded shared library C:\Windows\System32\vcruntime140.dll
Event: 16.026 Loaded shared library C:\Windows\System32\vcruntime140_1.dll
Event: 16.029 Loaded shared library C:\Windows\System32\msvcp140.dll
Event: 16.032 Loaded shared library C:\Windows\System32\msvcp140_1.dll
Event: 16.034 Loaded shared library C:\Windows\System32\msvcp140_2.dll
Event: 16.064 Loaded shared library C:\Program Files\Zulu\zulu-21\bin\prism_d3d.dll
Event: 16.092 Loaded shared library C:\Program Files\Zulu\zulu-21\bin\prism_sw.dll
Event: 16.109 Loaded shared library C:\Program Files\Zulu\zulu-21\bin\glass.dll

Deoptimization events (20 events):
Event: 15.904 Thread 0x00000181a8309ef0 Uncommon trap: trap_request=0xffffff45 fr.pc=0x00000181906cea28 relative=0x0000000000001ba8
Event: 15.904 Thread 0x00000181a8309ef0 Uncommon trap: reason=unstable_if action=reinterpret pc=0x00000181906cea28 method=jdk.internal.module.Resources.toPackageName(Ljava/lang/String;)Ljava/lang/String; @ 9 c2
Event: 15.904 Thread 0x00000181a8309ef0 DEOPT PACKING pc=0x00000181906cea28 sp=0x0000003aee1fefa0
Event: 15.904 Thread 0x00000181a8309ef0 DEOPT UNPACKING pc=0x000001818ffe8882 sp=0x0000003aee1fef00 mode 2
Event: 15.905 Thread 0x00000181a8309ef0 Uncommon trap: trap_request=0xffffff45 fr.pc=0x00000181906c5704 relative=0x0000000000000c04
Event: 15.905 Thread 0x00000181a8309ef0 Uncommon trap: reason=unstable_if action=reinterpret pc=0x00000181906c5704 method=jdk.internal.module.Resources.toPackageName(Ljava/lang/String;)Ljava/lang/String; @ 9 c2
Event: 15.905 Thread 0x00000181a8309ef0 DEOPT PACKING pc=0x00000181906c5704 sp=0x0000003aee1fef20
Event: 15.905 Thread 0x00000181a8309ef0 DEOPT UNPACKING pc=0x000001818ffe8882 sp=0x0000003aee1fef00 mode 2
Event: 16.095 Thread 0x00000181a830ae90 Uncommon trap: trap_request=0xffffffde fr.pc=0x000001819081afa4 relative=0x00000000000001a4
Event: 16.095 Thread 0x00000181a830ae90 Uncommon trap: reason=class_check action=maybe_recompile pc=0x000001819081afa4 method=java.util.concurrent.locks.AbstractQueuedSynchronizer.release(I)Z @ 2 c2
Event: 16.095 Thread 0x00000181a830ae90 DEOPT PACKING pc=0x000001819081afa4 sp=0x0000003af11ff210
Event: 16.095 Thread 0x00000181a830ae90 DEOPT UNPACKING pc=0x000001818ffe8882 sp=0x0000003af11ff1a8 mode 2
Event: 16.123 Thread 0x00000181a380e690 Uncommon trap: trap_request=0xffffff45 fr.pc=0x000001819077eff8 relative=0x0000000000000378
Event: 16.123 Thread 0x00000181a380e690 Uncommon trap: reason=unstable_if action=reinterpret pc=0x000001819077eff8 method=java.io.Reader$2.read()I @ 17 c2
Event: 16.123 Thread 0x00000181a380e690 DEOPT PACKING pc=0x000001819077eff8 sp=0x0000003aeedfd010
Event: 16.123 Thread 0x00000181a380e690 DEOPT UNPACKING pc=0x000001818ffe8882 sp=0x0000003aeedfcf50 mode 2
Event: 16.127 Thread 0x00000181a380e690 Uncommon trap: trap_request=0xffffff45 fr.pc=0x000001819077f6c4 relative=0x0000000000000144
Event: 16.127 Thread 0x00000181a380e690 Uncommon trap: reason=unstable_if action=reinterpret pc=0x000001819077f6c4 method=java.io.Reader$2.read()I @ 17 c2
Event: 16.127 Thread 0x00000181a380e690 DEOPT PACKING pc=0x000001819077f6c4 sp=0x0000003aeedfcf10
Event: 16.127 Thread 0x00000181a380e690 DEOPT UNPACKING pc=0x000001818ffe8882 sp=0x0000003aeedfcea8 mode 2

Classes loaded (20 events):
Event: 16.146 Loading class javax/swing/text/ParagraphView done
Event: 16.146 Loading class javax/swing/text/html/ParagraphView done
Event: 16.146 Loading class javax/swing/text/FlowView$FlowStrategy
Event: 16.146 Loading class javax/swing/text/FlowView$FlowStrategy done
Event: 16.147 Loading class javax/swing/text/FlowView$LogicalView
Event: 16.147 Loading class javax/swing/text/FlowView$LogicalView done
Event: 16.147 Loading class javax/swing/text/html/InlineView
Event: 16.147 Loading class javax/swing/text/LabelView
Event: 16.148 Loading class javax/swing/text/TabableView
Event: 16.148 Loading class javax/swing/text/TabableView done
Event: 16.148 Loading class javax/swing/text/GlyphView
Event: 16.148 Loading class javax/swing/text/GlyphView done
Event: 16.148 Loading class javax/swing/text/LabelView done
Event: 16.148 Loading class javax/swing/text/html/InlineView done
Event: 16.150 Loading class javax/swing/text/GlyphPainter1
Event: 16.150 Loading class javax/swing/text/GlyphView$GlyphPainter
Event: 16.150 Loading class javax/swing/text/GlyphView$GlyphPainter done
Event: 16.150 Loading class javax/swing/text/GlyphPainter1 done
Event: 16.153 Loading class javax/swing/text/ParagraphView$Row
Event: 16.154 Loading class javax/swing/text/ParagraphView$Row done

Classes unloaded (0 events):
No events

Classes redefined (0 events):
No events

Internal exceptions (20 events):
Event: 16.007 Thread 0x00000181a8309ef0 Exception <a 'java/io/IOException'{0x0000000708d6c098}> (0x0000000708d6c098) 
thrown [s\src\hotspot\share\prims\jni.cpp, line 516]
Event: 16.009 Thread 0x00000181a8309ef0 Exception <a 'java/io/IOException'{0x0000000708d6f4c0}> (0x0000000708d6f4c0) 
thrown [s\src\hotspot\share\prims\jni.cpp, line 516]
Event: 16.012 Thread 0x00000181a8309ef0 Exception <a 'java/io/IOException'{0x0000000708d72860}> (0x0000000708d72860) 
thrown [s\src\hotspot\share\prims\jni.cpp, line 516]
Event: 16.014 Thread 0x00000181a8309ef0 Exception <a 'java/io/IOException'{0x0000000708d75c00}> (0x0000000708d75c00) 
thrown [s\src\hotspot\share\prims\jni.cpp, line 516]
Event: 16.017 Thread 0x00000181a8309ef0 Exception <a 'java/io/IOException'{0x0000000708d78f70}> (0x0000000708d78f70) 
thrown [s\src\hotspot\share\prims\jni.cpp, line 516]
Event: 16.019 Thread 0x00000181a8309ef0 Exception <a 'java/io/IOException'{0x0000000708d7c348}> (0x0000000708d7c348) 
thrown [s\src\hotspot\share\prims\jni.cpp, line 516]
Event: 16.022 Thread 0x00000181a8309ef0 Exception <a 'java/io/IOException'{0x0000000708d7ece8}> (0x0000000708d7ece8) 
thrown [s\src\hotspot\share\prims\jni.cpp, line 516]
Event: 16.024 Thread 0x00000181a8309ef0 Exception <a 'java/io/IOException'{0x0000000708d81418}> (0x0000000708d81418) 
thrown [s\src\hotspot\share\prims\jni.cpp, line 516]
Event: 16.027 Thread 0x00000181a8309ef0 Exception <a 'java/io/IOException'{0x0000000708d83b90}> (0x0000000708d83b90) 
thrown [s\src\hotspot\share\prims\jni.cpp, line 516]
Event: 16.031 Thread 0x00000181a8309ef0 Exception <a 'java/io/IOException'{0x0000000708d86268}> (0x0000000708d86268) 
thrown [s\src\hotspot\share\prims\jni.cpp, line 516]
Event: 16.033 Thread 0x00000181a8309ef0 Exception <a 'java/io/IOException'{0x0000000708d88960}> (0x0000000708d88960) 
thrown [s\src\hotspot\share\prims\jni.cpp, line 516]
Event: 16.061 Thread 0x00000181a830ae90 Exception <a 'java/io/IOException'{0x0000000708aad1f8}> (0x0000000708aad1f8) 
thrown [s\src\hotspot\share\prims\jni.cpp, line 516]
Event: 16.064 Thread 0x00000181a830ae90 Exception <a 'java/lang/NoSuchFieldError'{0x0000000708ab0348}: disableD3D9Ex> (0x0000000708ab0348) 
thrown [s\src\hotspot\share\prims\jni.cpp, line 1984]
Event: 16.089 Thread 0x00000181a830ae90 Exception <a 'java/lang/NoSuchFieldError'{0x0000000708ab0348}> (0x0000000708ab0348) 
thrown [s\src\hotspot\share\oops\instanceKlass.cpp, line 1355]
Event: 16.091 Thread 0x00000181a830ae90 Exception <a 'java/io/IOException'{0x0000000708ab6220}> (0x0000000708ab6220) 
thrown [s\src\hotspot\share\prims\jni.cpp, line 516]
Event: 16.107 Thread 0x00000181a8309ef0 Exception <a 'java/io/IOException'{0x0000000708b54090}> (0x0000000708b54090) 
thrown [s\src\hotspot\share\prims\jni.cpp, line 516]
Event: 16.109 Thread 0x00000181a8309ef0 Exception <a 'java/lang/NoSuchMethodError'{0x0000000708b58668}: notifyThemeChanged> (0x0000000708b58668) 
thrown [s\src\hotspot\share\prims\jni.cpp, line 1072]
Event: 16.115 Thread 0x00000181a8309ef0 Exception <a 'java/lang/NoSuchMethodError'{0x0000000708b6a108}: 'void java.lang.invoke.DirectMethodHandle$Holder.invokeSpecial(java.lang.Object, java.lang.Object, int, java.lang.Object)'> (0x0000000708b6a108) 
thrown [s\src\hotspot\share\interpreter\linkResolver.cpp, line 804]
Event: 16.116 Thread 0x00000181a8309ef0 Exception <a 'java/lang/NoSuchMethodError'{0x0000000708b938e8}: 'java.lang.Object java.lang.invoke.DirectMethodHandle$Holder.newInvokeSpecial(java.lang.Object, java.lang.Object, int, java.lang.Object)'> (0x0000000708b938e8) 
thrown [s\src\hotspot\share\interpreter\linkResolver.cpp, line 804]
Event: 16.116 Thread 0x00000181a8309ef0 Exception <a 'java/lang/NoSuchMethodError'{0x0000000708b9b8b0}: 'java.lang.Object java.lang.invoke.Invokers$Holder.linkToTargetMethod(java.lang.Object, int, java.lang.Object, java.lang.Object)'> (0x0000000708b9b8b0) 
thrown [s\src\hotspot\share\interpreter\linkResolver.cpp, line 804]

VM Operations (20 events):
Event: 9.663 Executing non-safepoint VM operation: HandshakeAllThreads (Deoptimize)
Event: 9.663 Executing non-safepoint VM operation: HandshakeAllThreads (Deoptimize) done
Event: 9.819 Executing non-safepoint VM operation: HandshakeAllThreads (Deoptimize)
Event: 9.819 Executing non-safepoint VM operation: HandshakeAllThreads (Deoptimize) done
Event: 10.394 Executing safepoint VM operation: G1CollectForAllocation (G1 Evacuation Pause)
Event: 10.406 Executing safepoint VM operation: G1CollectForAllocation (G1 Evacuation Pause) done
Event: 10.543 Executing non-safepoint VM operation: HandshakeAllThreads (Deoptimize)
Event: 10.545 Executing non-safepoint VM operation: HandshakeAllThreads (Deoptimize) done
Event: 14.382 Executing non-safepoint VM operation: HandshakeAllThreads (Deoptimize)
Event: 14.382 Executing non-safepoint VM operation: HandshakeAllThreads (Deoptimize) done
Event: 15.854 Executing non-safepoint VM operation: HandshakeAllThreads (Deoptimize)
Event: 15.854 Executing non-safepoint VM operation: HandshakeAllThreads (Deoptimize) done
Event: 15.899 Executing non-safepoint VM operation: HandshakeAllThreads (Deoptimize)
Event: 15.899 Executing non-safepoint VM operation: HandshakeAllThreads (Deoptimize) done
Event: 15.900 Executing non-safepoint VM operation: HandshakeAllThreads (Deoptimize)
Event: 15.900 Executing non-safepoint VM operation: HandshakeAllThreads (Deoptimize) done
Event: 15.901 Executing non-safepoint VM operation: HandshakeAllThreads (Deoptimize)
Event: 15.902 Executing non-safepoint VM operation: HandshakeAllThreads (Deoptimize) done
Event: 16.114 Executing non-safepoint VM operation: HandshakeAllThreads (Deoptimize)
Event: 16.114 Executing non-safepoint VM operation: HandshakeAllThreads (Deoptimize) done

Memory protections (0 events):
No events

Nmethod flushes (20 events):
Event: 7.545 Thread 0x00000181ffd43e10 flushing  nmethod 0x0000018188deee08
Event: 7.545 Thread 0x00000181ffd43e10 flushing  nmethod 0x0000018188df2208
Event: 7.545 Thread 0x00000181ffd43e10 flushing  nmethod 0x0000018188df2588
Event: 7.545 Thread 0x00000181ffd43e10 flushing  nmethod 0x0000018188df2888
Event: 7.545 Thread 0x00000181ffd43e10 flushing  nmethod 0x0000018188df9608
Event: 7.545 Thread 0x00000181ffd43e10 flushing  nmethod 0x0000018188dfac88
Event: 7.545 Thread 0x00000181ffd43e10 flushing  nmethod 0x0000018188dfcc08
Event: 7.545 Thread 0x00000181ffd43e10 flushing  nmethod 0x0000018188dff308
Event: 7.545 Thread 0x00000181ffd43e10 flushing  nmethod 0x0000018188e04a88
Event: 7.545 Thread 0x00000181ffd43e10 flushing  nmethod 0x0000018188e33588
Event: 7.545 Thread 0x00000181ffd43e10 flushing  nmethod 0x0000018188e53d88
Event: 7.545 Thread 0x00000181ffd43e10 flushing  nmethod 0x0000018188e77888
Event: 7.545 Thread 0x00000181ffd43e10 flushing  nmethod 0x0000018189030e08
Event: 7.545 Thread 0x00000181ffd43e10 flushing  nmethod 0x000001818905ad88
Event: 7.545 Thread 0x00000181ffd43e10 flushing  nmethod 0x000001818908ef08
Event: 7.545 Thread 0x00000181ffd43e10 flushing  nmethod 0x000001818911a588
Event: 7.545 Thread 0x00000181ffd43e10 flushing  nmethod 0x0000018189148708
Event: 7.545 Thread 0x00000181ffd43e10 flushing  nmethod 0x0000018189148b08
Event: 7.545 Thread 0x00000181ffd43e10 flushing  nmethod 0x000001818914d088
Event: 7.545 Thread 0x00000181ffd43e10 flushing  nmethod 0x000001818914e188

Events (20 events):
Event: 7.223 Thread 0x00000181a3785100 Thread added: 0x00000181a8308f50
Event: 7.350 Thread 0x00000181a3785100 Thread added: 0x00000181a830be30
Event: 8.196 Thread 0x00000181a380e690 Thread added: 0x00000181a83050d0
Event: 8.315 Thread 0x00000181a83050d0 Thread exited: 0x00000181a83050d0
Event: 8.778 Thread 0x00000181a3a10dc0 Thread added: 0x00000181a8309ef0
Event: 8.780 Thread 0x00000181a8309ef0 Thread exited: 0x00000181a8309ef0
Event: 8.887 Thread 0x00000181a3a10dc0 Thread added: 0x00000181a8304900
Event: 9.044 Thread 0x00000181a3a10dc0 Thread added: 0x00000181a8307010
Event: 9.192 Thread 0x00000181a380fe00 Thread added: 0x00000181a8309ef0
Event: 9.265 Thread 0x00000181a8309ef0 Thread exited: 0x00000181a8309ef0
Event: 10.761 Thread 0x00000181a3bb4f10 Thread exited: 0x00000181a3bb4f10
Event: 12.109 Thread 0x00000181a447bd70 Thread exited: 0x00000181a447bd70
Event: 12.110 Thread 0x00000181a447d4e0 Thread exited: 0x00000181a447d4e0
Event: 12.110 Thread 0x00000181a447c540 Thread exited: 0x00000181a447c540
Event: 14.994 Thread 0x00000181a447b5a0 Thread exited: 0x00000181a447b5a0
Event: 15.862 Thread 0x00000181a380e690 Thread added: 0x00000181a8309ef0
Event: 15.868 Thread 0x00000181ffdd2e40 Thread added: 0x00000181a878c9c0
Event: 16.058 Thread 0x00000181a8309ef0 Thread added: 0x00000181a830ae90
Event: 16.114 Thread 0x00000181a8309ef0 Thread added: 0x00000181a8306070
Event: 16.117 Thread 0x00000181a8309ef0 Thread added: 0x00000181a4479660


Dynamic libraries:
0x00007ff6384a0000 - 0x00007ff6384d3000 	C:\Program Files\Apache NetBeans\platform\lib\nbexec64.exe
0x00007ff99ccb0000 - 0x00007ff99cea8000 	C:\WINDOWS\SYSTEM32\ntdll.dll
0x00007ff99cb70000 - 0x00007ff99cc32000 	C:\WINDOWS\System32\KERNEL32.DLL
0x00007ff99a340000 - 0x00007ff99a636000 	C:\WINDOWS\System32\KERNELBASE.dll
0x00007ff99c010000 - 0x00007ff99c0c1000 	C:\WINDOWS\System32\ADVAPI32.dll
0x00007ff99c540000 - 0x00007ff99c5de000 	C:\WINDOWS\System32\msvcrt.dll
0x00007ff99c920000 - 0x00007ff99c9bf000 	C:\WINDOWS\System32\sechost.dll
0x00007ff99acd0000 - 0x00007ff99adf0000 	C:\WINDOWS\System32\RPCRT4.dll
0x00007ff99a920000 - 0x00007ff99a947000 	C:\WINDOWS\System32\bcrypt.dll
0x00007ff99c9c0000 - 0x00007ff99cb61000 	C:\WINDOWS\System32\USER32.dll
0x00007ff99a760000 - 0x00007ff99a782000 	C:\WINDOWS\System32\win32u.dll
0x00007ff99cc40000 - 0x00007ff99cc6b000 	C:\WINDOWS\System32\GDI32.dll
0x00007ff99a640000 - 0x00007ff99a759000 	C:\WINDOWS\System32\gdi32full.dll
0x00007ff99ab30000 - 0x00007ff99abcd000 	C:\WINDOWS\System32\msvcp_win.dll
0x00007ff99a790000 - 0x00007ff99a890000 	C:\WINDOWS\System32\ucrtbase.dll
0x00007ff99bd30000 - 0x00007ff99bd5f000 	C:\WINDOWS\System32\IMM32.DLL
0x00007ff978c00000 - 0x00007ff978c43000 	C:\Program Files\Apache NetBeans\platform\lib\nbexec64.dll
0x00007ff99c640000 - 0x00007ff99c69b000 	C:\WINDOWS\System32\SHLWAPI.dll
0x00007ff927f10000 - 0x00007ff928e36000 	C:\Program Files\Apache NetBeans\jdk\bin\server\jvm.dll
0x00007ff99bfa0000 - 0x00007ff99c00b000 	C:\WINDOWS\System32\WS2_32.dll
0x00007ff999840000 - 0x00007ff99988b000 	C:\WINDOWS\SYSTEM32\POWRPROF.dll
0x00007ff985e40000 - 0x00007ff985e67000 	C:\WINDOWS\SYSTEM32\WINMM.dll
0x00007ff999090000 - 0x00007ff99909a000 	C:\WINDOWS\SYSTEM32\VERSION.dll
0x00007ff993060000 - 0x00007ff99307e000 	C:\Program Files\Apache NetBeans\jdk\bin\VCRUNTIME140.dll
0x00007ff993050000 - 0x00007ff99305c000 	C:\Program Files\Apache NetBeans\jdk\bin\VCRUNTIME140_1.dll
0x00007ff999700000 - 0x00007ff999712000 	C:\WINDOWS\SYSTEM32\UMPDC.dll
0x00007ff978bc0000 - 0x00007ff978bf9000 	C:\Program Files\Apache NetBeans\jdk\bin\splashscreen.dll
0x00007ff9906c0000 - 0x00007ff9906de000 	C:\Program Files\Apache NetBeans\jdk\bin\java.dll
0x00007ff99bd60000 - 0x00007ff99be8b000 	C:\WINDOWS\System32\ole32.dll
0x00007ff99afc0000 - 0x00007ff99b314000 	C:\WINDOWS\System32\combase.dll
0x00007ff99b330000 - 0x00007ff99baa0000 	C:\WINDOWS\System32\SHELL32.dll
0x00007ff990710000 - 0x00007ff99071a000 	C:\Program Files\Apache NetBeans\jdk\bin\jimage.dll
0x00007ff994e70000 - 0x00007ff995071000 	C:\WINDOWS\SYSTEM32\DBGHELP.DLL
0x00007ff972cf0000 - 0x00007ff972d24000 	C:\WINDOWS\SYSTEM32\dbgcore.DLL
0x00007ff99a890000 - 0x00007ff99a912000 	C:\WINDOWS\System32\bcryptPrimitives.dll
0x00007ff998430000 - 0x00007ff998442000 	C:\WINDOWS\SYSTEM32\kernel.appcore.dll
0x00007ff9987e0000 - 0x00007ff998f85000 	C:\WINDOWS\SYSTEM32\windows.storage.dll
0x00007ff999c90000 - 0x00007ff999cbb000 	C:\WINDOWS\SYSTEM32\Wldp.dll
0x00007ff99c6a0000 - 0x00007ff99c76d000 	C:\WINDOWS\System32\OLEAUT32.dll
0x00007ff99bb90000 - 0x00007ff99bc3d000 	C:\WINDOWS\System32\SHCORE.dll
0x00007ff99a270000 - 0x00007ff99a294000 	C:\WINDOWS\SYSTEM32\profapi.dll
0x00007ff978ba0000 - 0x00007ff978bb1000 	C:\Program Files\Apache NetBeans\jdk\bin\net.dll
0x00007ff999a70000 - 0x00007ff999ada000 	C:\WINDOWS\system32\mswsock.dll
0x00007ff978b80000 - 0x00007ff978b96000 	C:\Program Files\Apache NetBeans\jdk\bin\nio.dll
0x00007ff9842b0000 - 0x00007ff9842c7000 	C:\Program Files\Apache NetBeans\jdk\bin\zip.dll
0x00007ff9842a0000 - 0x00007ff9842b0000 	C:\Program Files\Apache NetBeans\jdk\bin\verify.dll
0x00007ff999cd0000 - 0x00007ff999ce8000 	C:\WINDOWS\SYSTEM32\CRYPTSP.dll
0x00007ff999340000 - 0x00007ff999378000 	C:\WINDOWS\system32\rsaenh.dll
0x00007ff99a1f0000 - 0x00007ff99a21e000 	C:\WINDOWS\SYSTEM32\USERENV.dll
0x00007ff999c00000 - 0x00007ff999c0c000 	C:\WINDOWS\SYSTEM32\CRYPTBASE.dll
0x00007ff999720000 - 0x00007ff99975b000 	C:\WINDOWS\SYSTEM32\IPHLPAPI.DLL
0x00007ff99b320000 - 0x00007ff99b328000 	C:\WINDOWS\System32\NSI.dll
0x00007ff9832c0000 - 0x00007ff9832c9000 	C:\Program Files\Apache NetBeans\jdk\bin\extnet.dll
0x00007ff8f6ed0000 - 0x00007ff8f6ee7000 	C:\WINDOWS\system32\napinsp.dll
0x00007ff8f6ef0000 - 0x00007ff8f6f0b000 	C:\WINDOWS\system32\pnrpnsp.dll
0x00007ff962b60000 - 0x00007ff962b7d000 	C:\WINDOWS\system32\wshbth.dll
0x00007ff991420000 - 0x00007ff99143d000 	C:\WINDOWS\system32\NLAapi.dll
0x00007ff999770000 - 0x00007ff99983a000 	C:\WINDOWS\SYSTEM32\DNSAPI.dll
0x00007ff8f6f10000 - 0x00007ff8f6f22000 	C:\WINDOWS\System32\winrnr.dll
0x00007ff9878f0000 - 0x00007ff9878fa000 	C:\Windows\System32\rasadhlp.dll
0x00007ff974510000 - 0x00007ff974690000 	C:\Program Files\Apache NetBeans\jdk\bin\awt.dll
0x00007ff9741e0000 - 0x00007ff97426d000 	C:\Program Files\Apache NetBeans\jdk\bin\MSVCP140.dll
0x00007ff993320000 - 0x00007ff9933b4000 	C:\WINDOWS\SYSTEM32\apphelp.dll
0x00007ff98e200000 - 0x00007ff98e280000 	C:\WINDOWS\System32\fwpuclnt.dll
0x00007ff994810000 - 0x00007ff99483e000 	C:\WINDOWS\system32\DWMAPI.DLL
0x00007ff994080000 - 0x00007ff99411e000 	C:\WINDOWS\system32\uxtheme.dll
0x00007ff966a40000 - 0x00007ff966b68000 	C:\WINDOWS\system32\opengl32.dll
0x00007ff966d00000 - 0x00007ff966d2c000 	C:\WINDOWS\SYSTEM32\GLU32.dll
0x00007ff981800000 - 0x00007ff981a9b000 	C:\WINDOWS\WinSxS\amd64_microsoft.windows.common-controls_6595b64144ccf1df_6.0.19041.6456_none_60b8a6cb71f64256\COMCTL32.dll
0x00007ff961370000 - 0x00007ff961448000 	c:\Program Files\HP\HP ProtectTools Security Manager\Bin\DpoFeedb.dll
0x00007ff99aea0000 - 0x00007ff99afb5000 	C:\WINDOWS\System32\MSCTF.dll
0x00007ff96e3f0000 - 0x00007ff96e477000 	C:\Program Files\Apache NetBeans\jdk\bin\freetype.dll
0x00007ff96e300000 - 0x00007ff96e3ef000 	C:\Program Files\Apache NetBeans\jdk\bin\fontmanager.dll
0x00007ff971e50000 - 0x00007ff971f49000 	C:\WINDOWS\SYSTEM32\textinputframework.dll
0x00007ff9925d0000 - 0x00007ff99292b000 	C:\WINDOWS\System32\CoreUIComponents.dll
0x00007ff992930000 - 0x00007ff992a22000 	C:\WINDOWS\System32\CoreMessaging.dll
0x00007ff999590000 - 0x00007ff9995c3000 	C:\WINDOWS\SYSTEM32\ntmarta.dll
0x00007ff9934e0000 - 0x00007ff993637000 	C:\WINDOWS\SYSTEM32\wintypes.dll
0x00007ff95fa70000 - 0x00007ff95fd64000 	C:\Windows\System32\uiautomationcore.dll
0x00007ff9933e0000 - 0x00007ff9934d4000 	C:\Windows\System32\PROPSYS.dll
0x00007ff9816e0000 - 0x00007ff981746000 	C:\Windows\System32\OLEACC.dll
0x00007ff99adf0000 - 0x00007ff99ae99000 	C:\WINDOWS\System32\clbcatq.dll
0x00007ff982330000 - 0x00007ff982336000 	C:\Program Files\Apache NetBeans\platform\modules\lib\flatlaf-windows-x86_64.dll
0x00007ff974190000 - 0x00007ff9741d9000 	C:\Program Files\Apache NetBeans\platform\modules\lib\amd64\jnidispatch-nb.dll
0x00007ff99bb80000 - 0x00007ff99bb88000 	C:\WINDOWS\System32\PSAPI.DLL
0x00007ff98eb80000 - 0x00007ff98ec8a000 	C:\WINDOWS\SYSTEM32\winhttp.dll
0x00007ff98fba0000 - 0x00007ff98fbb7000 	C:\WINDOWS\SYSTEM32\dhcpcsvc6.DLL
0x00007ff98fb10000 - 0x00007ff98fb2d000 	C:\WINDOWS\SYSTEM32\dhcpcsvc.DLL
0x00007ff993e90000 - 0x00007ff994046000 	C:\WINDOWS\SYSTEM32\WindowsCodecs.dll
0x00007ff9619a0000 - 0x00007ff9619de000 	C:\WINDOWS\system32\dataexchange.dll
0x00007ff9915c0000 - 0x00007ff991824000 	C:\WINDOWS\system32\d3d11.dll
0x00007ff991e80000 - 0x00007ff992064000 	C:\WINDOWS\system32\dcomp.dll
0x00007ff998210000 - 0x00007ff998306000 	C:\WINDOWS\system32\dxgi.dll
0x00007ff98f8c0000 - 0x00007ff98fac3000 	C:\WINDOWS\system32\twinapi.appcore.dll
0x00007ff9775c0000 - 0x00007ff9775c7000 	C:\Program Files\Apache NetBeans\jdk\bin\jawt.dll
0x00007ff97b2f0000 - 0x00007ff97b2fe000 	C:\Program Files\Apache NetBeans\jdk\bin\sunmscapi.dll
0x00007ff99a9d0000 - 0x00007ff99ab2d000 	C:\WINDOWS\System32\CRYPT32.dll
0x00007ff999de0000 - 0x00007ff999e07000 	C:\WINDOWS\SYSTEM32\ncrypt.dll
0x00007ff999da0000 - 0x00007ff999ddb000 	C:\WINDOWS\SYSTEM32\NTASN1.dll
0x00007ff97b1d0000 - 0x00007ff97b1da000 	C:\Program Files\Apache NetBeans\jdk\bin\management.dll
0x00007ff978b70000 - 0x00007ff978b7c000 	C:\Program Files\Apache NetBeans\jdk\bin\management_ext.dll
0x00000181a5ed0000 - 0x00000181a5ed4000 	C:\Program Files\Zulu\zulu-21\bin\api-ms-win-core-console-l1-1-0.dll
0x00000181a5ee0000 - 0x00000181a5ee4000 	C:\Program Files\Zulu\zulu-21\bin\api-ms-win-core-console-l1-2-0.dll
0x00000181a5ef0000 - 0x00000181a5ef4000 	C:\Program Files\Zulu\zulu-21\bin\api-ms-win-core-datetime-l1-1-0.dll
0x00000181a5f00000 - 0x00000181a5f04000 	C:\Program Files\Zulu\zulu-21\bin\api-ms-win-core-debug-l1-1-0.dll
0x00000181a5f10000 - 0x00000181a5f14000 	C:\Program Files\Zulu\zulu-21\bin\api-ms-win-core-errorhandling-l1-1-0.dll
0x00000181a5f20000 - 0x00000181a5f25000 	C:\Program Files\Zulu\zulu-21\bin\api-ms-win-core-file-l1-1-0.dll
0x00000181a5f30000 - 0x00000181a5f34000 	C:\Program Files\Zulu\zulu-21\bin\api-ms-win-core-file-l1-2-0.dll
0x00000181a5f40000 - 0x00000181a5f44000 	C:\Program Files\Zulu\zulu-21\bin\api-ms-win-core-file-l2-1-0.dll
0x00000181a5f50000 - 0x00000181a5f54000 	C:\Program Files\Zulu\zulu-21\bin\api-ms-win-core-handle-l1-1-0.dll
0x00000181a5f60000 - 0x00000181a5f64000 	C:\Program Files\Zulu\zulu-21\bin\api-ms-win-core-heap-l1-1-0.dll
0x00000181a5f70000 - 0x00000181a5f74000 	C:\Program Files\Zulu\zulu-21\bin\api-ms-win-core-interlocked-l1-1-0.dll
0x00000181a5f80000 - 0x00000181a5f84000 	C:\Program Files\Zulu\zulu-21\bin\api-ms-win-core-libraryloader-l1-1-0.dll
0x00000181a5f90000 - 0x00000181a5f94000 	C:\Program Files\Zulu\zulu-21\bin\api-ms-win-core-localization-l1-2-0.dll
0x00000181a5fa0000 - 0x00000181a5fa4000 	C:\Program Files\Zulu\zulu-21\bin\api-ms-win-core-memory-l1-1-0.dll
0x00000181a5fb0000 - 0x00000181a5fb4000 	C:\Program Files\Zulu\zulu-21\bin\api-ms-win-core-namedpipe-l1-1-0.dll
0x00000181a5fc0000 - 0x00000181a5fc4000 	C:\Program Files\Zulu\zulu-21\bin\api-ms-win-core-processenvironment-l1-1-0.dll
0x00000181a5fd0000 - 0x00000181a5fd4000 	C:\Program Files\Zulu\zulu-21\bin\api-ms-win-core-processthreads-l1-1-0.dll
0x00000181a5fe0000 - 0x00000181a5fe4000 	C:\Program Files\Zulu\zulu-21\bin\api-ms-win-core-processthreads-l1-1-1.dll
0x00000181a5ff0000 - 0x00000181a5ff4000 	C:\Program Files\Zulu\zulu-21\bin\api-ms-win-core-profile-l1-1-0.dll
0x00000181a6000000 - 0x00000181a6004000 	C:\Program Files\Zulu\zulu-21\bin\api-ms-win-core-rtlsupport-l1-1-0.dll
0x00000181a6010000 - 0x00000181a6014000 	C:\Program Files\Zulu\zulu-21\bin\api-ms-win-core-string-l1-1-0.dll
0x00000181a6020000 - 0x00000181a6024000 	C:\Program Files\Zulu\zulu-21\bin\api-ms-win-core-synch-l1-1-0.dll
0x00000181a6030000 - 0x00000181a6034000 	C:\Program Files\Zulu\zulu-21\bin\api-ms-win-core-synch-l1-2-0.dll
0x00000181a6040000 - 0x00000181a6044000 	C:\Program Files\Zulu\zulu-21\bin\api-ms-win-core-sysinfo-l1-1-0.dll
0x00000181a6050000 - 0x00000181a6054000 	C:\Program Files\Zulu\zulu-21\bin\api-ms-win-core-timezone-l1-1-0.dll
0x00000181a6190000 - 0x00000181a6194000 	C:\Program Files\Zulu\zulu-21\bin\api-ms-win-core-util-l1-1-0.dll
0x00000181a61a0000 - 0x00000181a61a4000 	C:\Program Files\Zulu\zulu-21\bin\api-ms-win-crt-conio-l1-1-0.dll

JVMTI agents: none

dbghelp: loaded successfully - version: 4.0.5 - missing functions: none
symbol engine: initialized successfully - sym options: 0x614 - pdb path: .;C:\Program Files\Apache NetBeans\platform\lib;C:\WINDOWS\SYSTEM32;C:\Program Files\Apache NetBeans\jdk\bin\server;C:\Program Files\Apache NetBeans\jdk\bin;C:\WINDOWS\WinSxS\amd64_microsoft.windows.common-controls_6595b64144ccf1df_6.0.19041.6456_none_60b8a6cb71f64256;c:\Program Files\HP\HP ProtectTools Security Manager\Bin;C:\Program Files\Apache NetBeans\platform\modules\lib;C:\Program Files\Apache NetBeans\platform\modules\lib\amd64;C:\Program Files\Zulu\zulu-21\bin;C:\WINDOWS\System32\DriverStore\FileRepository\igdlh64.inf_amd64_e6daaea9afe1e6f6;C:\WINDOWS\System32\DriverStore\FileRepository\nvbl.inf_amd64_f6b5d3bff633c683

VM Arguments:
jvm_args: -Dnetbeans.logger.console=true -ea -DTopSecurityManager.disable=true -Djava.lang.Runtime.level=FINE -Dapple.laf.useScreenMenuBar=true -Dapple.awt.application.appearance=system -Dsun.java2d.noddraw=true -Dsun.java2d.dpiaware=true -Dplugin.manager.check.updates=false -Dnetbeans.extbrowser.manual_chrome_plugin_install=yes --enable-native-access=ALL-UNNAMED --add-opens=java.base/java.net=ALL-UNNAMED --add-opens=java.base/java.lang.ref=ALL-UNNAMED --add-opens=java.base/java.lang=ALL-UNNAMED --add-opens=java.base/java.security=ALL-UNNAMED --add-opens=java.base/java.util=ALL-UNNAMED --add-opens=java.base/java.nio=ALL-UNNAMED --add-exports=java.base/sun.reflect.annotation=ALL-UNNAMED --add-opens=java.prefs/java.util.prefs=ALL-UNNAMED --add-opens=java.desktop/javax.swing.plaf.basic=ALL-UNNAMED --add-opens=java.desktop/javax.swing.text=ALL-UNNAMED --add-opens=java.desktop/javax.swing=ALL-UNNAMED --add-opens=java.desktop/java.awt=ALL-UNNAMED --add-opens=java.desktop/java.awt.event=ALL-UNNAMED --add-opens=java.desktop/sun.awt.X11=ALL-UNNAMED --add-opens=java.desktop/javax.swing.plaf.synth=ALL-UNNAMED --add-opens=java.desktop/com.sun.java.swing.plaf.gtk=ALL-UNNAMED --add-opens=java.desktop/com.sun.java.swing.plaf.windows=ALL-UNNAMED --add-opens=java.desktop/com.apple.laf=ALL-UNNAMED --add-opens=java.desktop/sun.awt.shell=ALL-UNNAMED --add-opens=java.desktop/sun.awt.im=ALL-UNNAMED --add-exports=java.desktop/sun.awt=ALL-UNNAMED --add-exports=java.desktop/java.awt.peer=ALL-UNNAMED --add-exports=java.desktop/com.sun.beans.editors=ALL-UNNAMED --add-exports=java.desktop/sun.swing=ALL-UNNAMED --add-exports=java.desktop/sun.awt.im=ALL-UNNAMED --add-exports=java.desktop/com.sun.java.swing.plaf.motif=ALL-UNNAMED --add-exports=java.desktop/com.apple.eio=ALL-UNNAMED --add-opens=jdk.compiler/com.sun.tools.javac.api=ALL-UNNAMED --add-opens=jdk.compiler/com.sun.tools.javac.code=ALL-UNNAMED --add-opens=jdk.compiler/com.sun.tools.javac.comp=ALL-UNNAMED --add-opens=jdk.compiler/com.sun.tools.javac.file=ALL-UNNAMED --add-opens=jdk.compiler/com.sun.tools.javac.jvm=ALL-UNNAMED --add-opens=jdk.compiler/com.sun.tools.javac.main=ALL-UNNAMED --add-opens=jdk.compiler/com.sun.tools.javac.model=ALL-UNNAMED --add-opens=jdk.compiler/com.sun.tools.javac.parser=ALL-UNNAMED --add-opens=jdk.compiler/com.sun.tools.javac.processing=ALL-UNNAMED --add-opens=jdk.compiler/com.sun.tools.javac.tree=ALL-UNNAMED --add-opens=jdk.compiler/com.sun.tools.javac.util=ALL-UNNAMED --add-exports=jdk.compiler/com.sun.tools.javac.api=ALL-UNNAMED --add-exports=jdk.compiler/com.sun.tools.javac.code=ALL-UNNAMED --add-exports=jdk.compiler/com.sun.tools.javac.comp=ALL-UNNAMED --add-exports=jdk.compiler/com.sun.tools.javac.file=ALL-UNNAMED --add-exports=jdk.compiler/com.sun.tools.javac.jvm=ALL-UNNAMED --add-exports=jdk.compiler/com.sun.tools.javac.main=ALL-UNNAMED --add-exports=jdk.compiler/com.sun.tools.javac.model=ALL-UNNAMED --add-exports=jdk.compiler/com.sun.tools.javac.parser=ALL-UNNAMED --add-exports=jdk.compiler/com.sun.tools.javac.processing=ALL-UNNAMED --add-exports=jdk.compiler/com.sun.tools.javac.tree=ALL-UNNAMED --add-exports=jdk.compiler/com.sun.tools.javac.util=ALL-UNNAMED --add-modules=jdk.jshell --add-opens=jdk.jshell/jdk.jshell=ALL-UNNAMED --add-exports=jdk.jshell/jdk.internal.jshell.debug=ALL-UNNAMED --add-exports=jdk.jdeps/com.sun.tools.classfile=ALL-UNNAMED --add-exports=jdk.jdeps/com.sun.tools.javap=ALL-UNNAMED --add-exports=jdk.internal.jvmstat/sun.jvmstat.monitor=ALL-UNNAMED --add-exports=jdk.internal.opt/jdk.internal.opt=ALL-UNNAMED --add-exports=java.management/sun.management=ALL-UNNAMED -Djdk.home=C:\Program Files\Apache NetBeans\jdk -Dnetbeans.home=C:\Program Files\Apache NetBeans\platform -Dnetbeans.user=C:\Users\Rok Koren\NetBeansProjects\OpenPKM\build\testuserdir -Dnetbeans.default_userdir_root= -XX:+HeapDumpOnOutOfMemoryError -XX:HeapDumpPath=C:\Users\Rok Koren\NetBeansProjects\OpenPKM\build\testuserdir\var\log\heapdump.hprof -Dsun.awt.keepWorkingSetOnMinimize=true -Dnetbeans.dirs=C:\Users\Rok Koren\NetBeansProjects\OpenPKM\build\cluster;C:\Program Files\Apache NetBeans\ide;C:\Program Files\Apache NetBeans\platform exit 
java_command: <unknown>
java_class_path (initial): C:\Program Files\Apache NetBeans\platform\lib\boot.jar;C:\Program Files\Apache NetBeans\platform\lib\org-openide-modules.jar;C:\Program Files\Apache NetBeans\platform\lib\org-openide-util-lookup.jar;C:\Program Files\Apache NetBeans\platform\lib\org-openide-util-ui.jar;C:\Program Files\Apache NetBeans\platform\lib\org-openide-util.jar
Launcher Type: generic

[Global flags]
     intx CICompilerCount                          = 3                                         {product} {ergonomic}
     uint ConcGCThreads                            = 1                                         {product} {ergonomic}
     uint G1ConcRefinementThreads                  = 4                                         {product} {ergonomic}
   size_t G1HeapRegionSize                         = 2097152                                   {product} {ergonomic}
     bool HeapDumpOnOutOfMemoryError               = true                                   {manageable} {command line}
    ccstr HeapDumpPath                             = C:\Users\Rok Koren\NetBeansProjects\OpenPKM\build\testuserdir\var\log\heapdump.hprof         {manageable} {command line}
   size_t InitialHeapSize                          = 268435456                                 {product} {ergonomic}
   size_t MarkStackSize                            = 4194304                                   {product} {ergonomic}
   size_t MarkStackSizeMax                         = 536870912                                 {product} {ergonomic}
   size_t MaxHeapSize                              = 4269801472                                {product} {ergonomic}
   size_t MaxNewSize                               = 2560622592                                {product} {ergonomic}
   size_t MinHeapDeltaBytes                        = 2097152                                   {product} {ergonomic}
   size_t MinHeapSize                              = 8388608                                   {product} {ergonomic}
    uintx NonNMethodCodeHeapSize                   = 5832704                                {pd product} {ergonomic}
    uintx NonProfiledCodeHeapSize                  = 122945536                              {pd product} {ergonomic}
    uintx ProfiledCodeHeapSize                     = 122880000                              {pd product} {ergonomic}
    uintx ReservedCodeCacheSize                    = 251658240                              {pd product} {ergonomic}
     bool SegmentedCodeCache                       = true                                      {product} {ergonomic}
   size_t SoftMaxHeapSize                          = 4269801472                             {manageable} {ergonomic}
     bool UseCompressedOops                        = true                           {product lp64_product} {ergonomic}
     bool UseG1GC                                  = true                                      {product} {ergonomic}
     bool UseLargePagesIndividualAllocation        = false                                  {pd product} {ergonomic}

Logging:
Log output configuration:
 #0: stdout all=warning uptime,level,tags foldmultilines=false
 #1: stderr all=off uptime,level,tags foldmultilines=false

Release file:
IMPLEMENTOR="Eclipse Adoptium" 
IMPLEMENTOR_VERSION="Temurin-25.0.1+8" 
JAVA_RUNTIME_VERSION="25.0.1+8-LTS" 
JAVA_VERSION="25.0.1" 
JAVA_VERSION_DATE="2025-10-21" 
LIBC="default" 
MODULES="java.base java.compiler java.datatransfer java.xml java.prefs java.desktop java.instrument java.logging java.management java.security.sasl java.naming java.rmi java.management.rmi java.net.http java.scripting java.security.jgss java.transaction.xa java.sql java.sql.rowset java.xml.crypto java.se java.smartcardio jdk.accessibility jdk.internal.jvmstat jdk.attach jdk.charsets jdk.internal.opt jdk.zipfs jdk.compiler jdk.crypto.cryptoki jdk.crypto.ec jdk.crypto.mscapi jdk.dynalink jdk.internal.ed jdk.editpad jdk.internal.vm.ci jdk.graal.compiler jdk.graal.compiler.management jdk.hotspot.agent jdk.httpserver jdk.incubator.vector jdk.internal.le jdk.internal.md jdk.jartool jdk.javadoc jdk.jcmd jdk.management jdk.management.agent jdk.jconsole jdk.jdeps jdk.jdwp.agent jdk.jdi jdk.jfr jdk.jlink jdk.jpackage jdk.jshell jdk.jsobject jdk.jstatd jdk.localedata jdk.management.jfr jdk.naming.dns jdk.naming.rmi jdk.net jdk.nio.mapmode jdk.sctp jdk.security.auth jdk.security.jgss jdk.unsupported jdk.unsupported.desktop jdk.xml.dom" 
OS_ARCH="x86_64" 
OS_NAME="Windows" 
SOURCE=".:git:61d6a2c1b35e" 
BUILD_SOURCE="git:839fa0b45d809157cffd3dc8515aad262a4a1776"
BUILD_SOURCE_REPO="https://github.com/adoptium/temurin-build.git"
SOURCE_REPO="https://github.com/adoptium/jdk25u.git"
FULL_VERSION="25.0.1+8-LTS"
SEMANTIC_VERSION="25.0.1+8"
BUILD_INFO="OS: Windows Server 2022 Version: 10.0"
JVM_VARIANT="Hotspot"
JVM_VERSION="25.0.1+8-LTS"
IMAGE_TYPE="JDK"

Environment Variables:
JAVA_HOME=C:\Users\Rok Koren\.jdks\ms-21.0.8
PATH=C:\Program Files\Zulu\zulu-21\bin\;C:\Program Files\Common Files\Oracle\Java\javapath;C:\ProgramData\Oracle\Java\javapath;C:\Users\Rok Koren\.jdks\ms-11.0.27\bin;C:\windows\system32;C:\windows;C:\windows\System32\Wbem;C:\windows\System32\WindowsPowerShell\v1.0\;C:\Program Files (x86)\NVIDIA Corporation\PhysX\Common;C:\Program Files\apache-maven-3.5.2\bin;C:\WINDOWS\system32;C:\WINDOWS;C:\WINDOWS\System32\Wbem;C:\WINDOWS\System32\WindowsPowerShell\v1.0\;C:\Program Files\PuTTY\;C:\WINDOWS\System32\OpenSSH\;C:\Program Files\Intel\WiFi\bin\;C:\Program Files\Common Files\Intel\WirelessCommon\;C:\Program Files (x86)\Intel\Intel(R) Management Engine Components\DAL;C:\Program Files\Intel\Intel(R) Management Engine Components\DAL;C:\Program Files\jEdit;C:\Program Files\Git\cmd;C:\Program Files\Docker\Docker\resources\bin;C:\Users\Rok Koren\AppData\Local\nvm;C:\nvm4w\nodejs;C:\Users\Rok Koren\AppData\Local\Microsoft\WindowsApps;C:\Program Files\JetBrains\IntelliJ IDEA 2020.2.3\bin;C:\Users\Rok Koren\AppData\Local\JetBrains\Toolbox\scripts;C:\Users\Rok Koren\AppData\Local\nvm;C:\nvm4w\nodejs
USERNAME=Rok Koren
OS=Windows_NT
PROCESSOR_IDENTIFIER=Intel64 Family 6 Model 142 Stepping 9, GenuineIntel
TMP=C:\Users\ROKKOR~1\AppData\Local\Temp
TEMP=C:\Users\ROKKOR~1\AppData\Local\Temp




Compilation memory statistics disabled.

Periodic native trim disabled

---------------  S Y S T E M  ---------------

OS:
 Windows 10 , 64 bit Build 19041 (10.0.19041.5915)
OS uptime: 0 days 3:36 hours
Hyper-V role detected

CPU: total 4 (initial active 4) (2 cores per cpu, 2 threads per core) family 6 model 142 stepping 9 microcode 0xb4, cx8, cmov, fxsr, ht, mmx, 3dnowpref, sse, sse2, sse3, ssse3, sse4.1, sse4.2, popcnt, lzcnt, tsc, tscinvbit, avx, avx2, aes, erms, clmul, bmi1, bmi2, adx, fma, vzeroupper, clflush, clflushopt, hv, rdtscp, f16c
Processor Information for processor 0
  Max Mhz: 2904, Current Mhz: 1502, Mhz Limit: 2700
Processor Information for processor 1
  Max Mhz: 2904, Current Mhz: 2703, Mhz Limit: 2700
Processor Information for processor 2
  Max Mhz: 2904, Current Mhz: 1502, Mhz Limit: 2700
Processor Information for processor 3
  Max Mhz: 2904, Current Mhz: 1502, Mhz Limit: 2700

Memory: 4k page, system-wide physical 16281M (4242M free)
TotalPageFile size 20633M (AvailPageFile size 4438M)
current process WorkingSet (physical memory assigned to process): 335M, peak: 335M
current process commit charge ("private bytes"): 378M, peak: 421M

vm_info: OpenJDK 64-Bit Server VM (25.0.1+8-LTS) for windows-amd64 JRE (25.0.1+8-LTS), built on 2025-10-21T00:00:00Z with unknown MS VC++:1942

END.
