#
# A fatal error has been detected by the Java Runtime Environment:
#
#  EXCEPTION_ACCESS_VIOLATION (0xc0000005) at pc=0x00007ff9283f9882, pid=23116, tid=19920
#
# JRE version: OpenJDK Runtime Environment Temurin-25.0.1+8 (25.0.1+8) (build 25.0.1+8-LTS)
# Java VM: OpenJDK 64-Bit Server VM Temurin-25.0.1+8 (25.0.1+8-LTS, mixed mode, sharing, tiered, compressed oops, compressed class ptrs, g1 gc, windows-amd64)
# Problematic frame:
# V  [jvm.dll+0x4e9882]
#
# No core dump will be written. Minidumps are not enabled by default on client versions of Windows
#
# If you would like to submit a bug report, please visit:
#   https://github.com/adoptium/adoptium-support/issues
#

---------------  S U M M A R Y ------------

Command Line: -Dnetbeans.logger.console=true -ea -DTopSecurityManager.disable=true -Djava.lang.Runtime.level=FINE -Dapple.laf.useScreenMenuBar=true -Dapple.awt.application.appearance=system -Dsun.java2d.noddraw=true -Dsun.java2d.dpiaware=true -Dplugin.manager.check.updates=false -Dnetbeans.extbrowser.manual_chrome_plugin_install=yes --enable-native-access=ALL-UNNAMED --add-opens=java.base/java.net=ALL-UNNAMED --add-opens=java.base/java.lang.ref=ALL-UNNAMED --add-opens=java.base/java.lang=ALL-UNNAMED --add-opens=java.base/java.security=ALL-UNNAMED --add-opens=java.base/java.util=ALL-UNNAMED --add-opens=java.base/java.nio=ALL-UNNAMED --add-exports=java.base/sun.reflect.annotation=ALL-UNNAMED --add-opens=java.prefs/java.util.prefs=ALL-UNNAMED --add-opens=java.desktop/javax.swing.plaf.basic=ALL-UNNAMED --add-opens=java.desktop/javax.swing.text=ALL-UNNAMED --add-opens=java.desktop/javax.swing=ALL-UNNAMED --add-opens=java.desktop/java.awt=ALL-UNNAMED --add-opens=java.desktop/java.awt.event=ALL-UNNAMED --add-opens=java.desktop/sun.awt.X11=ALL-UNNAMED --add-opens=java.desktop/javax.swing.plaf.synth=ALL-UNNAMED --add-opens=java.desktop/com.sun.java.swing.plaf.gtk=ALL-UNNAMED --add-opens=java.desktop/com.sun.java.swing.plaf.windows=ALL-UNNAMED --add-opens=java.desktop/com.apple.laf=ALL-UNNAMED --add-opens=java.desktop/sun.awt.shell=ALL-UNNAMED --add-opens=java.desktop/sun.awt.im=ALL-UNNAMED --add-exports=java.desktop/sun.awt=ALL-UNNAMED --add-exports=java.desktop/java.awt.peer=ALL-UNNAMED --add-exports=java.desktop/com.sun.beans.editors=ALL-UNNAMED --add-exports=java.desktop/sun.swing=ALL-UNNAMED --add-exports=java.desktop/sun.awt.im=ALL-UNNAMED --add-exports=java.desktop/com.sun.java.swing.plaf.motif=ALL-UNNAMED --add-exports=java.desktop/com.apple.eio=ALL-UNNAMED --add-opens=jdk.compiler/com.sun.tools.javac.api=ALL-UNNAMED --add-opens=jdk.compiler/com.sun.tools.javac.code=ALL-UNNAMED --add-opens=jdk.compiler/com.sun.tools.javac.comp=ALL-UNNAMED --add-opens=jdk.compiler/com.sun.tools.javac.file=ALL-UNNAMED --add-opens=jdk.compiler/com.sun.tools.javac.jvm=ALL-UNNAMED --add-opens=jdk.compiler/com.sun.tools.javac.main=ALL-UNNAMED --add-opens=jdk.compiler/com.sun.tools.javac.model=ALL-UNNAMED --add-opens=jdk.compiler/com.sun.tools.javac.parser=ALL-UNNAMED --add-opens=jdk.compiler/com.sun.tools.javac.processing=ALL-UNNAMED --add-opens=jdk.compiler/com.sun.tools.javac.tree=ALL-UNNAMED --add-opens=jdk.compiler/com.sun.tools.javac.util=ALL-UNNAMED --add-exports=jdk.compiler/com.sun.tools.javac.api=ALL-UNNAMED --add-exports=jdk.compiler/com.sun.tools.javac.code=ALL-UNNAMED --add-exports=jdk.compiler/com.sun.tools.javac.comp=ALL-UNNAMED --add-exports=jdk.compiler/com.sun.tools.javac.file=ALL-UNNAMED --add-exports=jdk.compiler/com.sun.tools.javac.jvm=ALL-UNNAMED --add-exports=jdk.compiler/com.sun.tools.javac.main=ALL-UNNAMED --add-exports=jdk.compiler/com.sun.tools.javac.model=ALL-UNNAMED --add-exports=jdk.compiler/com.sun.tools.javac.parser=ALL-UNNAMED --add-exports=jdk.compiler/com.sun.tools.javac.processing=ALL-UNNAMED --add-exports=jdk.compiler/com.sun.tools.javac.tree=ALL-UNNAMED --add-exports=jdk.compiler/com.sun.tools.javac.util=ALL-UNNAMED --add-modules=jdk.jshell --add-opens=jdk.jshell/jdk.jshell=ALL-UNNAMED --add-exports=jdk.jshell/jdk.internal.jshell.debug=ALL-UNNAMED --add-exports=jdk.jdeps/com.sun.tools.classfile=ALL-UNNAMED --add-exports=jdk.jdeps/com.sun.tools.javap=ALL-UNNAMED --add-exports=jdk.internal.jvmstat/sun.jvmstat.monitor=ALL-UNNAMED --add-exports=jdk.internal.opt/jdk.internal.opt=ALL-UNNAMED --add-exports=java.management/sun.management=ALL-UNNAMED -Djdk.home=C:\Program Files\Apache NetBeans\jdk -Dnetbeans.home=C:\Program Files\Apache NetBeans\platform -Dnetbeans.user=C:\Users\Rok Koren\NetBeansProjects\OpenPKM\build\testuserdir -Dnetbeans.default_userdir_root= -XX:+HeapDumpOnOutOfMemoryError -XX:HeapDumpPath=C:\Users\Rok Koren\NetBeansProjects\OpenPKM\build\testuserdir\var\log\heapdump.hprof -Dsun.awt.keepWorkingSetOnMinimize=true -Dnetbeans.dirs=C:\Users\Rok Koren\NetBeansProjects\OpenPKM\build\cluster;C:\Program Files\Apache NetBeans\ide;C:\Program Files\Apache NetBeans\platform exit 

Host: Intel(R) Core(TM) i7-7500U CPU @ 2.70GHz, 4 cores, 15G,  Windows 10 , 64 bit Build 19041 (10.0.19041.5915)
Time: Tue Dec  2 13:57:56 2025 elapsed time: 16.562081 seconds (0d 0h 0m 16s)

---------------  T H R E A D  ---------------

Current thread (0x000001931f19d5b0):  JavaThread "WindowsNativeRunloopThread"        [_thread_in_vm, id=19920, stack(0x0000005b5e800000,0x0000005b5ea00000) (2048K)]

Stack: [0x0000005b5e800000,0x0000005b5ea00000],  sp=0x0000005b5e9fee20,  free space=2043k
Native frames: (J=compiled Java code, j=interpreted, Vv=VM code, C=native code)
V  [jvm.dll+0x4e9882]  (no source info available)
C  0x00007ff95ff3510c  (no source info available)
C  0x00007ff95ff3a706  (no source info available)
C  0x000001930ff6d193  (no source info available)

The last pc belongs to native method entry point (kind = native) (printed below).
Java frames: (J=compiled Java code, j=interpreted, Vv=VM code)
j  com.sun.glass.ui.win.WinApplication._runLoop(Ljava/lang/Runnable;)V+0
j  com.sun.glass.ui.win.WinApplication.lambda$runLoop$0(ILjava/lang/Runnable;)V+8
j  com.sun.glass.ui.win.WinApplication$$Lambda+0x000000009c5ae840.run()V+12
j  java.lang.Thread.runWith(Ljava/lang/Object;Ljava/lang/Runnable;)V+5 java.base@25.0.1
j  java.lang.Thread.run()V+19 java.base@25.0.1
v  ~StubRoutines::call_stub 0x000001930ff612ed

siginfo: EXCEPTION_ACCESS_VIOLATION (0xc0000005), reading address 0x0000000000000000


Registers:
RAX=0x0000000000000000, RBX=0x000001931f19d5b0, RCX=0x000001931f19d9f8, RDX=0x0000005b5e9ff008
RSP=0x0000005b5e9fee20, RBP=0x0000005b5e9fef28, RSI=0x0000000000000000, RDI=0x000001931f19d9f8
R8 =0x0000000000000000, R9 =0x0000005b5e9fef28, R10=0x00007ff99b24dd88, R11=0x0000005b5e9feec0
R12=0x0000000000000000, R13=0x000001931ce48a68, R14=0x0000005b5e9ff008, R15=0x000001931f19d5b0
RIP=0x00007ff9283f9882, EFLAGS=0x0000000000010246

XMM[0]=0x0000000000000000 0x0000000000000000
XMM[1]=0x0000000000000000 0x0000000000000000
XMM[2]=0x0000000000000000 0x0000000000000000
XMM[3]=0x0000000000000000 0x0000000000000000
XMM[4]=0x0000000000000000 0x0000000000000000
XMM[5]=0x0000000000000000 0x0000000000000000
XMM[6]=0x0000000000000000 0x0000000000000000
XMM[7]=0x0000000000000000 0x0000000000000000
XMM[8]=0x0000000000000000 0x0000000000000000
XMM[9]=0x0000000000000000 0x0000000000000000
XMM[10]=0x0000000000000000 0x0000000000000000
XMM[11]=0x0000000000000000 0x0000000000000000
XMM[12]=0x0000000000000000 0x0000000000000000
XMM[13]=0x0000000000000000 0x0000000000000000
XMM[14]=0x0000000000000000 0x0000000000000000
XMM[15]=0x0000000000000000 0x0000000000000000
  MXCSR=0x00001fa0


Register to memory mapping:

RAX=0x0 is null
RBX=0x000001931f19d5b0 is a thread
RCX=0x000001931f19d9f8 points into unknown readable memory: 0x00007ff928cadd70 | 70 dd ca 28 f9 7f 00 00
RDX=0x0000005b5e9ff008 is pointing into the stack for thread: 0x000001931f19d5b0
RSP=0x0000005b5e9fee20 is pointing into the stack for thread: 0x000001931f19d5b0
RBP=0x0000005b5e9fef28 is pointing into the stack for thread: 0x000001931f19d5b0
RSI=0x0 is null
RDI=0x000001931f19d9f8 points into unknown readable memory: 0x00007ff928cadd70 | 70 dd ca 28 f9 7f 00 00
R8 =0x0 is null
R9 =0x0000005b5e9fef28 is pointing into the stack for thread: 0x000001931f19d5b0
R10=0x00007ff99b24dd88 combase.dll
R11=0x0000005b5e9feec0 is pointing into the stack for thread: 0x000001931f19d5b0
R12=0x0 is null
R13={method} {0x000001931ce48a70} '_runLoop' '(Ljava/lang/Runnable;)V' in 'com/sun/glass/ui/win/WinApplication'
R14=0x0000005b5e9ff008 is pointing into the stack for thread: 0x000001931f19d5b0
R15=0x000001931f19d5b0 is a thread

Top of Stack: (sp=0x0000005b5e9fee20)
0x0000005b5e9fee20:   000001931eedb620 000000000000000d    ...............
0x0000005b5e9fee30:   0000000000000000 0000000000000000   ................
0x0000005b5e9fee40:   000001931ce7cac0 0000000000000008   ................
0x0000005b5e9fee50:   0000000000000000 0000000000000000   ................
0x0000005b5e9fee60:   0000000000000000 00007ff92864e476   ........v.d(....
0x0000005b5e9fee70:   000001931f19d5b0 0000000000000000   ................
0x0000005b5e9fee80:   0000000000000008 00007ff99bd682a9   ................
0x0000005b5e9fee90:   000001931f19d5b0 00007ff99b0a7dcf   .........}......
0x0000005b5e9feea0:   000001931f19d5b0 0000005b5e9ff010   ...........^[...
0x0000005b5e9feeb0:   00007ff99be5f2b0 0000000000000000   ................
0x0000005b5e9feec0:   000001931f19d5b0 0000005b5e9ff010   ...........^[...
0x0000005b5e9feed0:   000001931f19d9f8 00007ff95ff3510c   .........Q._....
0x0000005b5e9feee0:   0000019324d5b010 0000000000000000   ...$............
0x0000005b5e9feef0:   0000005b5e9fefe8 0000005b5e9ff008   ...^[......^[...
0x0000005b5e9fef00:   0000005b5e9ff008 00007ff95ff3a706   ...^[......_....
0x0000005b5e9fef10:   000001931ce48a68 000001935e9ff010   h..........^....
0x0000005b5e9fef20:   0000000000000000 0000000000004dd0   .........M......
0x0000005b5e9fef30:   000001930ff68c0e 000001930ff6cff6   ................
0x0000005b5e9fef40:   000001931ce48a68 000001931ce48a68   h.......h.......
0x0000005b5e9fef50:   000001931ce48a68 0000000000000000   h...............
0x0000005b5e9fef60:   000001930ff68c0e 000001930ff6d193   ................
0x0000005b5e9fef70:   000001931ce48a68 0000005b5e9ff4f0   h..........^[...
0x0000005b5e9fef80:   0000005b5e9ff4f0 000001931f19d5b0   ...^[...........
0x0000005b5e9fef90:   0000005b5e9ff4f0 000001930ff6ce6b   ...^[...k.......
0x0000005b5e9fefa0:   fffffffffffffff7 000001931ce48a68   ........h.......
0x0000005b5e9fefb0:   0000000000000005 000001931ce736a0   .........6......
0x0000005b5e9fefc0:   0000000000000000 00000007098508a8   ................
0x0000005b5e9fefd0:   000001931ce48a68 0000000000000000   h...............
0x0000005b5e9fefe0:   0000005b5e9ff008 0000005b5e9ff060   ...^[...`..^[...
0x0000005b5e9feff0:   000001930ff68b18 0000000000000000   ................
0x0000005b5e9ff000:   000001930ff6a757 00000007098aa018   W...............
0x0000005b5e9ff010:   000000070989f8a8 fffffffffffffff7   ................

Instructions: (pc=0x00007ff9283f9882)
  0x00007ff9283f9782:   47 10 48 89 41 18 48 8b 4f 08 48 8b 47 18 48 89
  0x00007ff9283f9792:   41 20 48 8b 4f 08 48 8b 47 20 48 89 41 28 48 8d
  0x00007ff9283f97a2:   8b 28 04 00 00 e8 94 1c ec ff 90 c7 83 d4 04 00
  0x00007ff9283f97b2:   00 04 00 00 00 48 81 c4 b0 00 00 00 41 5e 5f 5e
  0x00007ff9283f97c2:   5d 5b c3 cc cc cc cc cc cc cc cc cc cc cc 48 89
  0x00007ff9283f97d2:   5c 24 10 48 89 6c 24 18 48 89 74 24 20 57 41 56
  0x00007ff9283f97e2:   41 57 48 81 ec a0 00 00 00 8b 81 a0 00 00 00 48
  0x00007ff9283f97f2:   8d 99 b8 fb ff ff 05 53 21 ff ff 49 8b e9 49 8b
  0x00007ff9283f9802:   f0 4c 8b f2 48 8b f9 83 f8 01 77 08 48 8b cb e8
  0x00007ff9283f9812:   7a 21 fa ff 80 3d cd f7 91 00 00 c7 83 d4 04 00
  0x00007ff9283f9822:   00 06 00 00 00 75 06 e8 b2 d4 2a 00 90 48 8b 43
  0x00007ff9283f9832:   28 a8 01 74 0d 45 33 c0 b2 01 48 8b cb e8 dc 6d
  0x00007ff9283f9842:   32 00 8b 83 d0 04 00 00 c1 e8 03 a8 01 74 08 48
  0x00007ff9283f9852:   8b cb e8 c7 3a fa ff c7 83 d4 04 00 00 06 00 00
  0x00007ff9283f9862:   00 48 83 7b 08 00 48 89 5c 24 50 48 c7 44 24 58
  0x00007ff9283f9872:   00 00 00 00 74 0a 48 8d 4c 24 50 e8 9e ea 2e 00
=>0x00007ff9283f9882:   48 8b 16 48 8d 4c 24 70 c6 44 24 40 0e e8 0c 06
  0x00007ff9283f9892:   01 00 48 8d 44 24 70 48 89 5c 24 30 48 89 44 24
  0x00007ff9283f98a2:   28 4c 8d 3d 8e 23 6a 00 41 b9 01 00 00 00 48 89
  0x00007ff9283f98b2:   74 24 20 4d 8b c6 4c 89 7c 24 70 48 8d 54 24 40
  0x00007ff9283f98c2:   48 89 ac 24 98 00 00 00 48 8b cf e8 ce 14 01 00
  0x00007ff9283f98d2:   48 83 7c 24 58 00 4c 89 7c 24 70 48 c7 84 24 98
  0x00007ff9283f98e2:   00 00 00 00 00 00 00 74 0a 48 8d 4c 24 50 e8 ab
  0x00007ff9283f98f2:   ea 2e 00 48 8b bb a8 01 00 00 48 8b 47 10 48 83
  0x00007ff9283f9902:   38 00 74 08 48 8b cf e8 d2 10 f5 ff 48 8b 4f 08
  0x00007ff9283f9912:   48 8b 47 10 48 89 41 18 48 8b 4f 08 48 8b 47 18
  0x00007ff9283f9922:   48 89 41 20 48 8b 4f 08 48 8b 47 20 48 89 41 28
  0x00007ff9283f9932:   48 8d 8b 28 04 00 00 e8 02 1b ec ff 4c 8d 9c 24
  0x00007ff9283f9942:   a0 00 00 00 90 49 8b 6b 30 49 8b 73 38 c7 83 d4
  0x00007ff9283f9952:   04 00 00 04 00 00 00 49 8b 5b 28 49 8b e3 41 5f
  0x00007ff9283f9962:   41 5e 5f c3 cc cc cc cc cc cc cc cc cc cc 48 89
  0x00007ff9283f9972:   5c 24 10 48 89 6c 24 18 56 57 41 56 48 81 ec a0


Stack slot to memory mapping:

stack at sp + 0 slots: 0x000001931eedb620 points into unknown readable memory: 0x0000000000000000 | 00 00 00 00 00 00 00 00
stack at sp + 1 slots: 0x000000000000000d is an unknown value
stack at sp + 2 slots: 0x0 is null
stack at sp + 3 slots: 0x0 is null
stack at sp + 4 slots: 0x000001931ce7cac0 is pointing into metadata
stack at sp + 5 slots: 0x0000000000000008 is an unknown value
stack at sp + 6 slots: 0x0 is null
stack at sp + 7 slots: 0x0 is null

Lock stack of current Java thread (top to bottom):

native method entry point (kind = native)  [0x000001930ff6cdc0, 0x000001930ff6d8b8]  2808 bytes
[MachCode]
  0x000001930ff6cdc0: 488b 4b08 | 0fb7 492e | 584c 8d74 | ccf8 6800 | 0000 0068 | 0000 0000 | 5055 488b | ec41 5548 
  0x000001930ff6cde0: 8b43 084c | 8d68 3848 | 8b40 0868 | 0000 0000 | 5348 8b50 | 1848 8b52 | 7048 8b12 | 5248 8b53 
  0x000001930ff6ce00: 1048 85d2 | 7407 4881 | c2d0 0000 | 0052 488b | 5010 5249 | 8bc6 482b | c548 c1e8 | 0350 6800 
  0x000001930ff6ce20: 0000 0068 | f7ff ffff | 41c6 87f1 | 0400 0001 | 488b 4310 | 4885 c074 | 208b 8890 | 0000 0083 
  0x000001930ff6ce40: c102 8988 | 9000 0000 | 2388 a400 | 0000 0f84 | b209 0000 | e9cf 0000 | 0048 8b43 | 1848 85c0 
  0x000001930ff6ce60: 0f85 b000 | 0000 e805 | 0000 00e9 | 9900 0000 | 488b d348 | 8d44 2408 | 4c89 6dc0 | 498b cfc5 
  0x000001930ff6ce80: f877 4989 | af38 0400 | 0049 8987 | 2804 0000 | 4883 ec20 | 40f6 c40f | 0f84 1900 | 0000 4883 
  0x000001930ff6cea0: ec08 48b8 | 602c 3828 | f97f 0000 | ffd0 4883 | c408 e90c | 0000 0048 | b860 2c38 | 28f9 7f00 
  0x000001930ff6cec0: 00ff d048 | 83c4 2049 | c787 2804 | 0000 0000 | 0000 49c7 | 8738 0400 | 0000 0000 | 0049 c787 
  0x000001930ff6cee0: 3004 0000 | 0000 0000 | c5f8 7749 | 837f 0800 | 0f84 0500 | 0000 e9e5 | 42ff ff4c | 8b6d c04c 
  0x000001930ff6cf00: 8b75 c84e | 8d74 f500 | c348 8b43 | 1848 85c0 | 0f84 1200 | 0000 8b48 | 0883 c102 | 8948 0823 
  0x000001930ff6cf20: 482c 0f84 | de08 0000 | 493b a770 | 0500 000f | 8748 0000 | 0089 8424 | 00f0 ffff | 8984 2400 
  0x000001930ff6cf40: e0ff ff89 | 8424 00d0 | ffff 8984 | 2400 c0ff | ff89 8424 | 00b0 ffff | 8984 2400 | a0ff ff89 
  0x000001930ff6cf60: 8424 0090 | ffff 8984 | 2400 80ff | ff49 3ba7 | 6805 0000 | 7607 4989 | a770 0500 | 0041 c687 
  0x000001930ff6cf80: f104 0000 | 0048 8b5d | e84c 8b5b | 0845 0fb7 | 5b2e 41c1 | e303 492b | e348 83ec | 2048 83e4 
  0x000001930ff6cfa0: f04c 8b5b | 604d 85db | 0f85 ab00 | 0000 e805 | 0000 00e9 | 9900 0000 | 488b d348 | 8d44 2408 
  0x000001930ff6cfc0: 4c89 6dc0 | 498b cfc5 | f877 4989 | af38 0400 | 0049 8987 | 2804 0000 | 4883 ec20 | 40f6 c40f 
  0x000001930ff6cfe0: 0f84 1900 | 0000 4883 | ec08 48b8 | 9055 3828 | f97f 0000 | ffd0 4883 | c408 e90c | 0000 0048 
  0x000001930ff6d000: b890 5538 | 28f9 7f00 | 00ff d048 | 83c4 2049 | c787 2804 | 0000 0000 | 0000 49c7 | 8738 0400 
  0x000001930ff6d020: 0000 0000 | 0049 c787 | 3004 0000 | 0000 0000 | c5f8 7749 | 837f 0800 | 0f84 0500 | 0000 e99d 
  0x000001930ff6d040: 41ff ff4c | 8b6d c04c | 8b75 c84e | 8d74 f500 | c348 8b5d | e84c 8b5b | 6041 ffd3 | 488b 5de8 
  0x000001930ff6d060: 4889 4518 | 440f b75b | 2c41 f6c3 | 080f 841b | 0000 004c | 8b5b 084d | 8b5b 084d | 8b5b 184d 
  0x000001930ff6d080: 8b5b 704d | 8b1b 4c89 | 5d10 488d | 5510 488b | 4358 49ba | e026 7328 | f97f 0000 | 493b c20f 
  0x000001930ff6d0a0: 85ab 0000 | 00e8 0500 | 0000 e999 | 0000 0048 | 8bd3 488d | 4424 084c | 896d c049 | 8bcf c5f8 
  0x000001930ff6d0c0: 7749 89af | 3804 0000 | 4989 8728 | 0400 0048 | 83ec 2040 | f6c4 0f0f | 8419 0000 | 0048 83ec 
  0x000001930ff6d0e0: 0848 b890 | 5538 28f9 | 7f00 00ff | d048 83c4 | 08e9 0c00 | 0000 48b8 | 9055 3828 | f97f 0000 
  0x000001930ff6d100: ffd0 4883 | c420 49c7 | 8728 0400 | 0000 0000 | 0049 c787 | 3804 0000 | 0000 0000 | 49c7 8730 
  0x000001930ff6d120: 0400 0000 | 0000 00c5 | f877 4983 | 7f08 000f | 8405 0000 | 00e9 a640 | ffff 4c8b | 6dc0 4c8b 
  0x000001930ff6d140: 75c8 4e8d | 74f5 00c3 | 488b 5de8 | 488b 4358 | 498d 8f48 | 0400 004c | 8d15 d500 | 0000 4d89 
  0x000001930ff6d160: 9730 0400 | 00c5 f877 | 4989 af38 | 0400 0049 | 89a7 2804 | 0000 41c7 | 87d4 0400 | 0004 0000 
  0x000001930ff6d180: 0049 3ba7 | c805 0000 | 7607 4989 | a7c8 0500 | 00ff d049 | 3ba7 c805 | 0000 720b | 49c7 87c8 
  0x000001930ff6d1a0: 0500 0000 | 0000 00c5 | f877 4883 | ec10 c5fb | 1104 2448 | 83ec 1048 | 8904 2448 | c744 2408 
  0x000001930ff6d1c0: 0000 0000 | 41c7 87d4 | 0400 0005 | 0000 00f0 | 8344 24c0 | 0049 3b6f | 280f 870e | 0000 0041 
  0x000001930ff6d1e0: 83bf d004 | 0000 000f | 8420 0000 | 0049 8bcf | 4c8b e448 | 83ec 2048 | 83e4 f048 | b810 bc39 
  0x000001930ff6d200: 28f9 7f00 | 00ff d049 | 8be4 4d33 | e441 c787 | d404 0000 | 0800 0000 | 4d8b 97f0 | 0500 0049 
  0x000001930ff6d220: 83fa 0074 | 3549 c787 | f005 0000 | 0000 0000 | 41ff e249 | ba60 bef6 | 0f93 0100 | 0041 ffd2 
  0x000001930ff6d240: 4883 ec10 | c5fb 1104 | 2448 83ec | 1048 8904 | 2448 c744 | 2408 0000 | 0000 49c7 | 8728 0400 
  0x000001930ff6d260: 0000 0000 | 0049 c787 | 3804 0000 | 0000 0000 | 49c7 8730 | 0400 0000 | 0000 00c5 | f877 4d8b 
  0x000001930ff6d280: 9fb8 0400 | 0041 c783 | 0001 0000 | 0000 0000 | 49bb 5aa7 | f60f 9301 | 0000 4c3b | 5d18 0f85 
  0x000001930ff6d2a0: 5501 0000 | 488b 0424 | 4883 c410 | 4885 c00f | 842f 0100 | 00a8 030f | 8508 0000 | 0048 8b00 
  0x000001930ff6d2c0: e91f 0100 | 00a8 010f | 8509 0000 | 0048 8b40 | fee9 0e01 | 0000 488b | 40ff 4180 | 7f48 000f 
  0x000001930ff6d2e0: 84ff 0000 | 0048 83f8 | 000f 84f5 | 0000 004d | 8b5f 384d | 85db 0f84 | 1400 0000 | 4983 eb08 
  0x000001930ff6d300: 4d89 5f38 | 4d03 5f40 | 4989 03e9 | d400 0000 | 4883 ec70 | 4889 0424 | 4889 4c24 | 0848 8954 
  0x000001930ff6d320: 2410 4c89 | 4424 184c | 894c 2420 | 4c89 5424 | 284c 895c | 2430 c5fb | 1144 2440 | c5fb 114c 
  0x000001930ff6d340: 2448 c5fb | 1154 2450 | c5fb 115c | 2458 c5fb | 1164 2460 | c5fb 116c | 2468 498b | d748 8bc8 
  0x000001930ff6d360: 4883 ec20 | 40f6 c40f | 0f84 1900 | 0000 4883 | ec08 48b8 | e080 2c28 | f97f 0000 | ffd0 4883 
  0x000001930ff6d380: c408 e90c | 0000 0048 | b8e0 802c | 28f9 7f00 | 00ff d048 | 83c4 20c5 | fb10 6c24 | 68c5 fb10 
  0x000001930ff6d3a0: 6424 60c5 | fb10 5c24 | 58c5 fb10 | 5424 50c5 | fb10 4c24 | 48c5 fb10 | 4424 404c | 8b5c 2430 
  0x000001930ff6d3c0: 4c8b 5424 | 284c 8b4c | 2420 4c8b | 4424 1848 | 8b54 2410 | 488b 4c24 | 0848 8b04 | 2448 83c4 
  0x000001930ff6d3e0: 70c5 f877 | 4889 4510 | 4883 ec10 | 4889 0424 | 48c7 4424 | 0800 0000 | 0041 83bf | 5005 0000 
  0x000001930ff6d400: 020f 85bf | 0000 0048 | 81ec 8000 | 0000 4889 | 4424 7848 | 894c 2470 | 4889 5424 | 6848 895c 
  0x000001930ff6d420: 2460 4889 | 6c24 5048 | 8974 2448 | 4889 7c24 | 404c 8944 | 2438 4c89 | 4c24 304c | 8954 2428 
  0x000001930ff6d440: 4c89 5c24 | 204c 8964 | 2418 4c89 | 6c24 104c | 8974 2408 | 4c89 3c24 | 4c8b e448 | 83ec 2048 
  0x000001930ff6d460: 83e4 f048 | b850 0e73 | 28f9 7f00 | 00ff d049 | 8be4 4c8b | 3c24 4c8b | 7424 084c | 8b6c 2410 
  0x000001930ff6d480: 4c8b 6424 | 184c 8b5c | 2420 4c8b | 5424 284c | 8b4c 2430 | 4c8b 4424 | 3848 8b7c | 2440 488b 
  0x000001930ff6d4a0: 7424 4848 | 8b6c 2450 | 488b 5c24 | 6048 8b54 | 2468 488b | 4c24 7048 | 8b44 2478 | 4881 c480 
  0x000001930ff6d4c0: 0000 004d | 33e4 488b | 5de8 4c8b | 6b08 4d8d | 6d38 4983 | 7f08 000f | 84bb 0000 | 00e8 0500 
  0x000001930ff6d4e0: 0000 e996 | 0000 0048 | 8d44 2408 | 4c89 6dc0 | 498b cfc5 | f877 4989 | af38 0400 | 0049 8987 
  0x000001930ff6d500: 2804 0000 | 4883 ec20 | 40f6 c40f | 0f84 1900 | 0000 4883 | ec08 48b8 | d073 3828 | f97f 0000 
  0x000001930ff6d520: ffd0 4883 | c408 e90c | 0000 0048 | b8d0 7338 | 28f9 7f00 | 00ff d048 | 83c4 2049 | c787 2804 
  0x000001930ff6d540: 0000 0000 | 0000 49c7 | 8738 0400 | 0000 0000 | 0049 c787 | 3004 0000 | 0000 0000 | c5f8 7749 
  0x000001930ff6d560: 837f 0800 | 0f84 0500 | 0000 e971 | 3cff ff4c | 8b6d c04c | 8b75 c84e | 8d74 f500 | c348 b940 
  0x000001930ff6d580: 00a5 28f9 | 7f00 0048 | 83e4 f048 | b8c0 895f | 28f9 7f00 | 00ff d0f4 | 440f b75b | 2c41 f6c3 
  0x000001930ff6d5a0: 200f 8472 | 0100 0048 | 8d55 a84c | 8b5a 084d | 85db 0f85 | bb00 0000 | e805 0000 | 00e9 9600 
  0x000001930ff6d5c0: 0000 488d | 4424 084c | 896d c049 | 8bcf c5f8 | 7749 89af | 3804 0000 | 4989 8728 | 0400 0048 
  0x000001930ff6d5e0: 83ec 2040 | f6c4 0f0f | 8419 0000 | 0048 83ec | 0848 b800 | 7338 28f9 | 7f00 00ff | d048 83c4 
  0x000001930ff6d600: 08e9 0c00 | 0000 48b8 | 0073 3828 | f97f 0000 | ffd0 4883 | c420 49c7 | 8728 0400 | 0000 0000 
  0x000001930ff6d620: 0049 c787 | 3804 0000 | 0000 0000 | 49c7 8730 | 0400 0000 | 0000 00c5 | f877 4983 | 7f08 000f 
  0x000001930ff6d640: 8405 0000 | 00e9 963b | ffff 4c8b | 6dc0 4c8b | 75c8 4e8d | 74f5 00c3 | 48b9 4000 | a528 f97f 
  0x000001930ff6d660: 0000 4883 | e4f0 48b8 | c089 5f28 | f97f 0000 | ffd0 f44c | 896d c04c | 8b4a 0848 | c742 0800 
  0x000001930ff6d680: 0000 0045 | 8b87 d806 | 0000 4f3b | 4c07 f80f | 8542 0000 | 0041 83af | d806 0000 | 084f 3b4c 
  0x000001930ff6d6a0: 07f0 0f84 | 2a00 0000 | 498b 01a8 | 020f 8512 | 0000 004c | 8bc0 4983 | c801 f04d | 0fb1 010f 
  0x000001930ff6d6c0: 840d 0000 | 0041 8387 | d806 0000 | 08e9 0500 | 0000 e93e | 0000 004c | 894a 0848 | 8bca 4883 
  0x000001930ff6d6e0: ec20 40f6 | c40f 0f84 | 1900 0000 | 4883 ec08 | 48b8 5045 | 3828 f97f | 0000 ffd0 | 4883 c408 
  0x000001930ff6d700: e90c 0000 | 0048 b850 | 4538 28f9 | 7f00 00ff | d048 83c4 | 204c 8b6d | c041 c687 | 9603 0000 
  0x000001930ff6d720: 0149 3b6f | 280f 8705 | 0000 00e9 | ab00 0000 | 4883 ec10 | c5fb 1104 | 2448 83ec | 1048 8904 
  0x000001930ff6d740: 2448 c744 | 2408 0000 | 0000 c5f8 | 7749 89af | 3804 0000 | 49ba 4ad7 | f60f 9301 | 0000 4d89 
  0x000001930ff6d760: 9730 0400 | 0049 89a7 | 2804 0000 | 498b cf48 | 83ec 2040 | f6c4 0f0f | 8419 0000 | 0048 83ec 
  0x000001930ff6d780: 0848 b8f0 | 2b38 28f9 | 7f00 00ff | d048 83c4 | 08e9 0c00 | 0000 48b8 | f02b 3828 | f97f 0000 
  0x000001930ff6d7a0: ffd0 4883 | c420 49c7 | 8728 0400 | 0000 0000 | 0049 c787 | 3804 0000 | 0000 0000 | 49c7 8730 
  0x000001930ff6d7c0: 0400 0000 | 0000 00c5 | f877 488b | 0424 4883 | c410 c5fb | 1004 2448 | 83c4 1048 | 8b04 2448 
  0x000001930ff6d7e0: 83c4 10c5 | fb10 0424 | 4883 c410 | 4c8b 5d18 | 41ff d34c | 8b5d f8c9 | 41c6 8796 | 0300 0000 
  0x000001930ff6d800: 5f49 8be3 | ffe7 ba00 | 0000 00e8 | 0500 0000 | e996 0000 | 0048 8d44 | 2408 4c89 | 6dc0 498b 
  0x000001930ff6d820: cfc5 f877 | 4989 af38 | 0400 0049 | 8987 2804 | 0000 4883 | ec20 40f6 | c40f 0f84 | 1900 0000 
  0x000001930ff6d840: 4883 ec08 | 48b8 403b | 3828 f97f | 0000 ffd0 | 4883 c408 | e90c 0000 | 0048 b840 | 3b38 28f9 
  0x000001930ff6d860: 7f00 00ff | d048 83c4 | 2049 c787 | 2804 0000 | 0000 0000 | 49c7 8738 | 0400 0000 | 0000 0049 
  0x000001930ff6d880: c787 3004 | 0000 0000 | 0000 c5f8 | 7749 837f | 0800 0f84 | 0500 0000 | e943 39ff | ff4c 8b6d 
  0x000001930ff6d8a0: c04c 8b75 | c84e 8d74 | f500 c348 | 8b5d e8e9 | 74f6 ffff | 0f1f 4000 
[/MachCode]

---------------  P R O C E S S  ---------------

Threads class SMR info:
_java_thread_list=0x0000019323ee90c0, length=38, elements={
0x00000193777a9f60, 0x000001937eede7d0, 0x000001937eee13a0, 0x000001937eee6d70,
0x000001937eee7930, 0x000001937eee90a0, 0x000001937eeea400, 0x000001937eeef6f0,
0x000001937eef6330, 0x0000019319b9ff10, 0x0000019319ba0bf0, 0x000001931e402380,
0x000001931e700700, 0x000001931e706d30, 0x000001931e848eb0, 0x000001931e875070,
0x000001931e8080e0, 0x000001931e80b790, 0x000001931e809850, 0x000001931e80d6d0,
0x000001931ee942c0, 0x000001931ee97970, 0x000001931ee96200, 0x000001931ee90c10,
0x0000019321d22b20, 0x0000019321d24290, 0x0000019321d21b80, 0x0000019321d25a00,
0x0000019321d22350, 0x0000019321d269a0, 0x000001932361de80, 0x000001931e80dea0,
0x000001931f19ed20, 0x0000019322da9980, 0x000001931f19fcc0, 0x000001931f1a4ae0,
0x000001931f1a3370, 0x000001931f19d5b0
}

Java Threads: ( => current thread )
  0x00000193777a9f60 JavaThread "main"                              [_thread_blocked, id=22980, stack(0x0000005b58400000,0x0000005b58600000) (2048K)]
  0x000001937eede7d0 JavaThread "Reference Handler"          daemon [_thread_blocked, id=13496, stack(0x0000005b59a00000,0x0000005b59c00000) (2048K)]
  0x000001937eee13a0 JavaThread "Finalizer"                  daemon [_thread_blocked, id=22884, stack(0x0000005b59c00000,0x0000005b59e00000) (2048K)]
  0x000001937eee6d70 JavaThread "Signal Dispatcher"          daemon [_thread_blocked, id=8652, stack(0x0000005b59e00000,0x0000005b5a000000) (2048K)]
  0x000001937eee7930 JavaThread "Attach Listener"            daemon [_thread_blocked, id=20796, stack(0x0000005b5a000000,0x0000005b5a200000) (2048K)]
  0x000001937eee90a0 JavaThread "Service Thread"             daemon [_thread_blocked, id=19652, stack(0x0000005b5a200000,0x0000005b5a400000) (2048K)]
  0x000001937eeea400 JavaThread "Monitor Deflation Thread"   daemon [_thread_blocked, id=21124, stack(0x0000005b5a400000,0x0000005b5a600000) (2048K)]
  0x000001937eeef6f0 JavaThread "C2 CompilerThread0"         daemon [_thread_blocked, id=18024, stack(0x0000005b5a600000,0x0000005b5a800000) (2048K)]
  0x000001937eef6330 JavaThread "C1 CompilerThread0"         daemon [_thread_blocked, id=21408, stack(0x0000005b5a800000,0x0000005b5aa00000) (2048K)]
  0x0000019319b9ff10 JavaThread "Notification Thread"        daemon [_thread_blocked, id=3652, stack(0x0000005b5aa00000,0x0000005b5ac00000) (2048K)]
  0x0000019319ba0bf0 JavaThread "Common-Cleaner"             daemon [_thread_blocked, id=21436, stack(0x0000005b5ac00000,0x0000005b5ae00000) (2048K)]
  0x000001931e402380 JavaThread "Active Reference Queue Daemon" daemon [_thread_blocked, id=23168, stack(0x0000005b5ae00000,0x0000005b5b000000) (2048K)]
  0x000001931e700700 JavaThread "CLI Requests Server"        daemon [_thread_in_native, id=7772, stack(0x0000005b5b200000,0x0000005b5b400000) (2048K)]
  0x000001931e706d30 JavaThread "Inactive RequestProcessor thread [Was:Folder recognizer/org.openide.loaders.FolderList$ListTask]" daemon [_thread_blocked, id=18508, stack(0x0000005b5b400000,0x0000005b5b600000) (2048K)]
  0x000001931e848eb0 JavaThread "RequestProcessor queue manager" daemon [_thread_blocked, id=4908, stack(0x0000005b5b800000,0x0000005b5ba00000) (2048K)]
  0x000001931e875070 JavaThread "Java2D Disposer"            daemon [_thread_blocked, id=9948, stack(0x0000005b5ba00000,0x0000005b5bc00000) (2048K)]
  0x000001931e8080e0 JavaThread "AWT-Shutdown"                      [_thread_blocked, id=22900, stack(0x0000005b5bc00000,0x0000005b5be00000) (2048K)]
  0x000001931e80b790 JavaThread "AWT-Windows"                daemon [_thread_in_native, id=21700, stack(0x0000005b5be00000,0x0000005b5c000000) (2048K)]
  0x000001931e809850 JavaThread "AWT-EventQueue-0"                  [_thread_blocked, id=19784, stack(0x0000005b5c000000,0x0000005b5c200000) (2048K)]
  0x000001931e80d6d0 JavaThread "Inactive RequestProcessor thread [Was:MimePathLookupFiring/org.openide.util.lookup.ProxyLookup$1Notify]" daemon [_thread_blocked, id=22704, stack(0x0000005b5c800000,0x0000005b5ca00000) (2048K)]
  0x000001931ee942c0 JavaThread "Inactive RequestProcessor thread [Was:Lookup Dispatch Thread/org.openide.loaders.FolderLookup$Dispatch]" daemon [_thread_blocked, id=17728, stack(0x0000005b5d000000,0x0000005b5d200000) (2048K)]
  0x000001931ee97970 JavaThread "Inactive RequestProcessor thread [Was:Folder Instance Processor/org.openide.loaders.FolderInstance$1R]" daemon [_thread_blocked, id=22832, stack(0x0000005b5d200000,0x0000005b5d400000) (2048K)]
  0x000001931ee96200 JavaThread "Inactive RequestProcessor thread [Was:Logging Flush/org.netbeans.core.startup.logging.DispatchingHandler]" daemon [_thread_blocked, id=8900, stack(0x0000005b5d400000,0x0000005b5d600000) (2048K)]
  0x000001931ee90c10 JavaThread "Inactive RequestProcessor thread [Was:Logging Flush/org.netbeans.core.startup.logging.DispatchingHandler]" daemon [_thread_blocked, id=14156, stack(0x0000005b5d600000,0x0000005b5d800000) (2048K)]
  0x0000019321d22b20 JavaThread "JNA Cleaner"                daemon [_thread_blocked, id=14964, stack(0x0000005b5d800000,0x0000005b5da00000) (2048K)]
  0x0000019321d24290 JavaThread "File Watcher"               daemon [_thread_blocked, id=19280, stack(0x0000005b5da00000,0x0000005b5dc00000) (2048K)]
  0x0000019321d21b80 JavaThread "W32 File Monitor"           daemon [_thread_in_native, id=8608, stack(0x0000005b5dc00000,0x0000005b5de00000) (2048K)]
  0x0000019321d25a00 JavaThread "Event Dispatch Thread"      daemon [_thread_blocked, id=5464, stack(0x0000005b5de00000,0x0000005b5e000000) (2048K)]
  0x0000019321d22350 JavaThread "TimerQueue"                 daemon [_thread_blocked, id=22776, stack(0x0000005b5e000000,0x0000005b5e200000) (2048K)]
  0x0000019321d269a0 JavaThread "Flushing caches"                   [_thread_blocked, id=11744, stack(0x0000005b5e200000,0x0000005b5e400000) (2048K)]
  0x000001932361de80 JavaThread "Inactive RequestProcessor thread [Was:MimePathLookupFiring/org.openide.util.lookup.ProxyLookup$1Notify]" daemon [_thread_blocked, id=17952, stack(0x0000005b5ea00000,0x0000005b5ec00000) (2048K)]
  0x000001931e80dea0 JavaThread "Keep-Alive-Timer"           daemon [_thread_blocked, id=18064, stack(0x0000005b5ec00000,0x0000005b5ee00000) (2048K)]
  0x000001931f19ed20 JavaThread "Inactive RequestProcessor thread [Was:Folder Instance Processor/org.openide.loaders.FolderInstance$1R]" daemon [_thread_blocked, id=20844, stack(0x0000005b5ee00000,0x0000005b5f000000) (2048K)]
  0x0000019322da9980 JavaThread "C2 CompilerThread1"         daemon [_thread_blocked, id=13540, stack(0x0000005b5b000000,0x0000005b5b200000) (2048K)]
  0x000001931f19fcc0 JavaThread "Thread-2"                          [_thread_blocked, id=18188, stack(0x0000005b5b600000,0x0000005b5b800000) (2048K)]
  0x000001931f1a4ae0 JavaThread "QuantumRenderer-0"          daemon [_thread_blocked, id=2252, stack(0x0000005b5e400000,0x0000005b5e600000) (2048K)]
  0x000001931f1a3370 JavaThread "InvokeLaterDispatcher"      daemon [_thread_blocked, id=14508, stack(0x0000005b5e600000,0x0000005b5e800000) (2048K)]
=>0x000001931f19d5b0 JavaThread "WindowsNativeRunloopThread"        [_thread_in_vm, id=19920, stack(0x0000005b5e800000,0x0000005b5ea00000) (2048K)]
Total: 38

Other Threads:
  0x000001937eed31d0 VMThread "VM Thread"                           [id=4960, stack(0x0000005b59800000,0x0000005b59a00000) (2048K)]
  0x000001937eec4960 WatcherThread "VM Periodic Task Thread"        [id=4112, stack(0x0000005b59600000,0x0000005b59800000) (2048K)]
  0x0000019379a68b10 WorkerThread "GC Thread#0"                     [id=2672, stack(0x0000005b58c00000,0x0000005b58e00000) (2048K)]
  0x000001931ec235a0 WorkerThread "GC Thread#1"                     [id=8688, stack(0x0000005b5c200000,0x0000005b5c400000) (2048K)]
  0x000001931ec239d0 WorkerThread "GC Thread#2"                     [id=16008, stack(0x0000005b5c400000,0x0000005b5c600000) (2048K)]
  0x000001931e9aa5d0 WorkerThread "GC Thread#3"                     [id=8580, stack(0x0000005b5c600000,0x0000005b5c800000) (2048K)]
  0x0000019379a83180 ConcurrentGCThread "G1 Main Marker"            [id=16744, stack(0x0000005b58e00000,0x0000005b59000000) (2048K)]
  0x0000019379a83cf0 WorkerThread "G1 Conc#0"                       [id=7784, stack(0x0000005b59000000,0x0000005b59200000) (2048K)]
  0x0000019379a9e860 ConcurrentGCThread "G1 Refine#0"               [id=6400, stack(0x0000005b59200000,0x0000005b59400000) (2048K)]
  0x000001937ed98480 ConcurrentGCThread "G1 Service"                [id=7284, stack(0x0000005b59400000,0x0000005b59600000) (2048K)]
Total: 10

Threads with active compile tasks:
Total: 0

VM state: not at safepoint (normal execution)

VM Mutex/Monitor currently owned by a thread: None

Heap address: 0x0000000701800000, size: 4072 MB, Compressed Oops mode: Zero based, Oop shift amount: 3

CDS archive(s) mapped at: [0x000000009b000000-0x000000009bdd0000-0x000000009bdd0000), size 14483456, SharedBaseAddress: 0x000000009b000000, ArchiveRelocationMode: 1.
Compressed class space mapped at: 0x000000009c000000-0x00000000dc000000, reserved size: 1073741824
UseCompressedClassPointers 1, UseCompactObjectHeaders 0
Narrow klass pointer bits 32, Max shift 3
Narrow klass base: 0x000000009b000000, Narrow klass shift: 0
Encoding Range: [0x000000009b000000 - 0x000000019b000000), (4294967296 bytes)
Klass Range:    [0x000000009b010000 - 0x00000000dc000000), (1090453504 bytes)
Klass ID Range:  [65536 - 1090519033) (1090453497)
Protection zone: [0x000000009b000000 - 0x000000009b010000), (65536 bytes)

GC Precious Log:
 CardTable entry size: 512
 Card Set container configuration: InlinePtr #cards 4 size 8 Array Of Cards #cards 16 size 48 Howl #buckets 8 coarsen threshold 3686 Howl Bitmap #cards 512 size 80 coarsen threshold 460 Card regions per heap region 1 cards per card region 4096
 CPUs: 4 total, 4 available
 Memory: 16281M
 Large Page Support: Disabled
 NUMA Support: Disabled
 Compressed Oops: Enabled (Zero based)
 Heap Region Size: 2M
 Heap Min Capacity: 8M
 Heap Initial Capacity: 256M
 Heap Max Capacity: 4072M
 Pre-touch: Disabled
 Parallel Workers: 4
 Concurrent Workers: 1
 Concurrent Refinement Workers: 4
 Periodic GC: Disabled

Heap:
 garbage-first heap   total reserved 4169728K, committed 143360K, used 68516K [0x0000000701800000, 0x0000000800000000)
  region size 2048K, 10 young (20480K), 3 survivors (6144K)

Heap Regions: E=young(eden), S=young(survivor), O=old, HS=humongous(starts), HC=humongous(continues), CS=collection set, F=free, TAMS=top-at-mark-start, PB=parsable bottom
|   0|0x0000000701800000, 0x0000000701a00000, 0x0000000701a00000|100%| O|  |TAMS 0x0000000701800000| PB 0x0000000701800000| Untracked |  0
|   1|0x0000000701a00000, 0x0000000701c00000, 0x0000000701c00000|100%|HS|  |TAMS 0x0000000701a00000| PB 0x0000000701a00000| Complete |  0
|   2|0x0000000701c00000, 0x0000000701e00000, 0x0000000701e00000|100%| O|  |TAMS 0x0000000701c00000| PB 0x0000000701c00000| Untracked |  0
|   3|0x0000000701e00000, 0x0000000702000000, 0x0000000702000000|100%|HS|  |TAMS 0x0000000701e00000| PB 0x0000000701e00000| Complete |  1
|   4|0x0000000702000000, 0x0000000702200000, 0x0000000702200000|100%|HC|  |TAMS 0x0000000702000000| PB 0x0000000702000000| Complete |  0
|   5|0x0000000702200000, 0x0000000702400000, 0x0000000702400000|100%|HC|  |TAMS 0x0000000702200000| PB 0x0000000702200000| Complete |  0
|   6|0x0000000702400000, 0x0000000702600000, 0x0000000702600000|100%|HS|  |TAMS 0x0000000702400000| PB 0x0000000702400000| Complete |  0
|   7|0x0000000702600000, 0x0000000702800000, 0x0000000702800000|100%|HC|  |TAMS 0x0000000702600000| PB 0x0000000702600000| Complete |  0
|   8|0x0000000702800000, 0x0000000702a00000, 0x0000000702a00000|100%|HC|  |TAMS 0x0000000702800000| PB 0x0000000702800000| Complete |  0
|   9|0x0000000702a00000, 0x0000000702c00000, 0x0000000702c00000|100%| O|  |TAMS 0x0000000702a00000| PB 0x0000000702a00000| Untracked |  0
|  10|0x0000000702c00000, 0x0000000702e00000, 0x0000000702e00000|100%| O|  |TAMS 0x0000000702c00000| PB 0x0000000702c00000| Untracked |  0
|  11|0x0000000702e00000, 0x0000000703000000, 0x0000000703000000|100%| O|  |TAMS 0x0000000702e00000| PB 0x0000000702e00000| Untracked |  0
|  12|0x0000000703000000, 0x0000000703200000, 0x0000000703200000|100%| O|  |TAMS 0x0000000703000000| PB 0x0000000703000000| Untracked |  0
|  13|0x0000000703200000, 0x0000000703400000, 0x0000000703400000|100%|HS|  |TAMS 0x0000000703200000| PB 0x0000000703200000| Complete |  0
|  14|0x0000000703400000, 0x0000000703600000, 0x0000000703600000|100%| O|  |TAMS 0x0000000703400000| PB 0x0000000703400000| Untracked |  0
|  15|0x0000000703600000, 0x0000000703800000, 0x0000000703800000|100%|HS|  |TAMS 0x0000000703600000| PB 0x0000000703600000| Complete |  0
|  16|0x0000000703800000, 0x0000000703a00000, 0x0000000703a00000|100%|HS|  |TAMS 0x0000000703800000| PB 0x0000000703800000| Complete |  0
|  17|0x0000000703a00000, 0x0000000703c00000, 0x0000000703c00000|100%| O|  |TAMS 0x0000000703a00000| PB 0x0000000703a00000| Untracked |  0
|  18|0x0000000703c00000, 0x0000000703e00000, 0x0000000703e00000|100%| O|  |TAMS 0x0000000703c00000| PB 0x0000000703c00000| Untracked |  0
|  19|0x0000000703e00000, 0x0000000703e00000, 0x0000000704000000|  0%| F|  |TAMS 0x0000000703e00000| PB 0x0000000703e00000| Untracked |  0
|  20|0x0000000704000000, 0x0000000704200000, 0x0000000704200000|100%| O|  |TAMS 0x0000000704000000| PB 0x0000000704000000| Untracked |  0
|  21|0x0000000704200000, 0x0000000704400000, 0x0000000704400000|100%| O|  |TAMS 0x0000000704200000| PB 0x0000000704200000| Untracked |  0
|  22|0x0000000704400000, 0x0000000704600000, 0x0000000704600000|100%| O|  |TAMS 0x0000000704400000| PB 0x0000000704400000| Untracked |  0
|  23|0x0000000704600000, 0x0000000704800000, 0x0000000704800000|100%| O|  |TAMS 0x0000000704600000| PB 0x0000000704600000| Untracked |  0
|  24|0x0000000704800000, 0x0000000704a00000, 0x0000000704a00000|100%| O|  |TAMS 0x0000000704800000| PB 0x0000000704800000| Untracked |  0
|  25|0x0000000704a00000, 0x0000000704c00000, 0x0000000704c00000|100%| O|  |TAMS 0x0000000704a00000| PB 0x0000000704a00000| Untracked |  0
|  26|0x0000000704c00000, 0x0000000704e00000, 0x0000000704e00000|100%| O|  |TAMS 0x0000000704c00000| PB 0x0000000704c00000| Untracked |  0
|  27|0x0000000704e00000, 0x0000000704e26580, 0x0000000705000000|  7%| O|  |TAMS 0x0000000704e00000| PB 0x0000000704e00000| Untracked |  0
|  28|0x0000000705000000, 0x0000000705000000, 0x0000000705200000|  0%| F|  |TAMS 0x0000000705000000| PB 0x0000000705000000| Untracked |  0
|  29|0x0000000705200000, 0x0000000705200000, 0x0000000705400000|  0%| F|  |TAMS 0x0000000705200000| PB 0x0000000705200000| Untracked |  0
|  30|0x0000000705400000, 0x0000000705400000, 0x0000000705600000|  0%| F|  |TAMS 0x0000000705400000| PB 0x0000000705400000| Untracked |  0
|  31|0x0000000705600000, 0x0000000705600000, 0x0000000705800000|  0%| F|  |TAMS 0x0000000705600000| PB 0x0000000705600000| Untracked |  0
|  32|0x0000000705800000, 0x0000000705800000, 0x0000000705a00000|  0%| F|  |TAMS 0x0000000705800000| PB 0x0000000705800000| Untracked |  0
|  33|0x0000000705a00000, 0x0000000705a00000, 0x0000000705c00000|  0%| F|  |TAMS 0x0000000705a00000| PB 0x0000000705a00000| Untracked |  0
|  34|0x0000000705c00000, 0x0000000705c00000, 0x0000000705e00000|  0%| F|  |TAMS 0x0000000705c00000| PB 0x0000000705c00000| Untracked |  0
|  35|0x0000000705e00000, 0x0000000705e00000, 0x0000000706000000|  0%| F|  |TAMS 0x0000000705e00000| PB 0x0000000705e00000| Untracked |  0
|  36|0x0000000706000000, 0x00000007060c2b68, 0x0000000706200000| 38%| S|CS|TAMS 0x0000000706000000| PB 0x0000000706000000| Complete |  0
|  37|0x0000000706200000, 0x0000000706400000, 0x0000000706400000|100%| S|CS|TAMS 0x0000000706200000| PB 0x0000000706200000| Complete |  0
|  38|0x0000000706400000, 0x0000000706600000, 0x0000000706600000|100%| S|CS|TAMS 0x0000000706400000| PB 0x0000000706400000| Complete |  0
|  39|0x0000000706600000, 0x0000000706600000, 0x0000000706800000|  0%| F|  |TAMS 0x0000000706600000| PB 0x0000000706600000| Untracked |  0
|  40|0x0000000706800000, 0x0000000706800000, 0x0000000706a00000|  0%| F|  |TAMS 0x0000000706800000| PB 0x0000000706800000| Untracked |  0
|  41|0x0000000706a00000, 0x0000000706a00000, 0x0000000706c00000|  0%| F|  |TAMS 0x0000000706a00000| PB 0x0000000706a00000| Untracked |  0
|  42|0x0000000706c00000, 0x0000000706c00000, 0x0000000706e00000|  0%| F|  |TAMS 0x0000000706c00000| PB 0x0000000706c00000| Untracked |  0
|  43|0x0000000706e00000, 0x0000000706e00000, 0x0000000707000000|  0%| F|  |TAMS 0x0000000706e00000| PB 0x0000000706e00000| Untracked |  0
|  44|0x0000000707000000, 0x0000000707000000, 0x0000000707200000|  0%| F|  |TAMS 0x0000000707000000| PB 0x0000000707000000| Untracked |  0
|  45|0x0000000707200000, 0x0000000707200000, 0x0000000707400000|  0%| F|  |TAMS 0x0000000707200000| PB 0x0000000707200000| Untracked |  0
|  46|0x0000000707400000, 0x0000000707400000, 0x0000000707600000|  0%| F|  |TAMS 0x0000000707400000| PB 0x0000000707400000| Untracked |  0
|  47|0x0000000707600000, 0x0000000707600000, 0x0000000707800000|  0%| F|  |TAMS 0x0000000707600000| PB 0x0000000707600000| Untracked |  0
|  48|0x0000000707800000, 0x0000000707800000, 0x0000000707a00000|  0%| F|  |TAMS 0x0000000707800000| PB 0x0000000707800000| Untracked |  0
|  49|0x0000000707a00000, 0x0000000707a00000, 0x0000000707c00000|  0%| F|  |TAMS 0x0000000707a00000| PB 0x0000000707a00000| Untracked |  0
|  50|0x0000000707c00000, 0x0000000707c00000, 0x0000000707e00000|  0%| F|  |TAMS 0x0000000707c00000| PB 0x0000000707c00000| Untracked |  0
|  51|0x0000000707e00000, 0x0000000707e00000, 0x0000000708000000|  0%| F|  |TAMS 0x0000000707e00000| PB 0x0000000707e00000| Untracked |  0
|  52|0x0000000708000000, 0x0000000708000000, 0x0000000708200000|  0%| F|  |TAMS 0x0000000708000000| PB 0x0000000708000000| Untracked |  0
|  53|0x0000000708200000, 0x0000000708200000, 0x0000000708400000|  0%| F|  |TAMS 0x0000000708200000| PB 0x0000000708200000| Untracked |  0
|  54|0x0000000708400000, 0x0000000708400000, 0x0000000708600000|  0%| F|  |TAMS 0x0000000708400000| PB 0x0000000708400000| Untracked |  0
|  55|0x0000000708600000, 0x0000000708600000, 0x0000000708800000|  0%| F|  |TAMS 0x0000000708600000| PB 0x0000000708600000| Untracked |  0
|  56|0x0000000708800000, 0x0000000708800000, 0x0000000708a00000|  0%| F|  |TAMS 0x0000000708800000| PB 0x0000000708800000| Untracked |  0
|  57|0x0000000708a00000, 0x0000000708a00000, 0x0000000708c00000|  0%| F|  |TAMS 0x0000000708a00000| PB 0x0000000708a00000| Untracked |  0
|  58|0x0000000708c00000, 0x0000000708c00000, 0x0000000708e00000|  0%| F|  |TAMS 0x0000000708c00000| PB 0x0000000708c00000| Untracked |  0
|  59|0x0000000708e00000, 0x0000000708e00000, 0x0000000709000000|  0%| F|  |TAMS 0x0000000708e00000| PB 0x0000000708e00000| Untracked |  0
|  60|0x0000000709000000, 0x0000000709000000, 0x0000000709200000|  0%| F|  |TAMS 0x0000000709000000| PB 0x0000000709000000| Untracked |  0
|  61|0x0000000709200000, 0x0000000709200000, 0x0000000709400000|  0%| F|  |TAMS 0x0000000709200000| PB 0x0000000709200000| Untracked |  0
|  62|0x0000000709400000, 0x0000000709400000, 0x0000000709600000|  0%| F|  |TAMS 0x0000000709400000| PB 0x0000000709400000| Untracked |  0
|  63|0x0000000709600000, 0x00000007096d7208, 0x0000000709800000| 42%| E|  |TAMS 0x0000000709600000| PB 0x0000000709600000| Complete |  0
|  64|0x0000000709800000, 0x0000000709a00000, 0x0000000709a00000|100%| E|CS|TAMS 0x0000000709800000| PB 0x0000000709800000| Complete |  0
|  65|0x0000000709a00000, 0x0000000709c00000, 0x0000000709c00000|100%| E|  |TAMS 0x0000000709a00000| PB 0x0000000709a00000| Complete |  1
|  66|0x0000000709c00000, 0x0000000709e00000, 0x0000000709e00000|100%| E|CS|TAMS 0x0000000709c00000| PB 0x0000000709c00000| Complete |  0
| 112|0x000000070f800000, 0x000000070fa00000, 0x000000070fa00000|100%| E|CS|TAMS 0x000000070f800000| PB 0x000000070f800000| Complete |  0
| 113|0x000000070fa00000, 0x000000070fc00000, 0x000000070fc00000|100%| E|CS|TAMS 0x000000070fa00000| PB 0x000000070fa00000| Complete |  0
|2035|0x00000007ffe00000, 0x0000000800000000, 0x0000000800000000|100%| E|CS|TAMS 0x00000007ffe00000| PB 0x00000007ffe00000| Complete |  0

Card table byte_map: [0x000001937a2a0000,0x000001937aaa0000] _byte_map_base: 0x0000019376a94000

Marking Bits: (CMBitMap*) 0x0000019379a69150
 Bits: [0x000001937aaa0000, 0x000001937ea40000)

Polling page: 0x00000193777c0000

Metaspace:
Metaspace        used 52293K, committed 53504K, reserved 1114112K
 class space     used 5403K, committed 5888K, reserved 1048576K

Usage:
  Non-class:     45.79 MB used.
      Class:      5.28 MB used.
       Both:     51.07 MB used.

Virtual space:
  Non-class space:       64.00 MB reserved,      46.50 MB ( 73%) committed,  1 nodes.
      Class space:        1.00 GB reserved,       5.75 MB ( <1%) committed,  1 nodes.
             Both:        1.06 GB reserved,      52.25 MB (  5%) committed. 

Chunk freelists:
   Non-Class:  1.48 MB
       Class:  10.29 MB
        Both:  11.76 MB

MaxMetaspaceSize: unlimited
CompressedClassSpaceSize: 1.00 GB
Initial GC threshold: 21.00 MB
Current GC threshold: 59.94 MB
CDS: on
 - commit_granule_bytes: 65536.
 - commit_granule_words: 8192.
 - virtual_space_node_default_size: 8388608.
 - enlarge_chunks_in_place: 1.
UseCompressedClassPointers 1, UseCompactObjectHeaders 0
Narrow klass pointer bits 32, Max shift 3
Narrow klass base: 0x000000009b000000, Narrow klass shift: 0
Encoding Range: [0x000000009b000000 - 0x000000019b000000), (4294967296 bytes)
Klass Range:    [0x000000009b010000 - 0x00000000dc000000), (1090453504 bytes)
Klass ID Range:  [65536 - 1090519033) (1090453497)
Protection zone: [0x000000009b000000 - 0x000000009b010000), (65536 bytes)


Internal statistics:

num_allocs_failed_limit: 12.
num_arena_births: 544.
num_arena_deaths: 0.
num_vsnodes_births: 2.
num_vsnodes_deaths: 0.
num_space_committed: 836.
num_space_uncommitted: 0.
num_chunks_returned_to_freelist: 12.
num_chunks_taken_from_freelist: 2175.
num_chunk_merges: 9.
num_chunk_splits: 1237.
num_chunks_enlarged: 614.
num_inconsistent_stats: 0.

CodeHeap 'non-profiled nmethods': size=120064Kb used=3662Kb max_used=3662Kb free=116401Kb
 bounds [0x00000193104f0000, 0x0000019310890000, 0x0000019317a30000]
CodeHeap 'profiled nmethods': size=120000Kb used=16442Kb max_used=16442Kb free=103557Kb
 bounds [0x0000019308a30000, 0x0000019309a40000, 0x000001930ff60000]
CodeHeap 'non-nmethods': size=5696Kb used=1861Kb max_used=1911Kb free=3834Kb
 bounds [0x000001930ff60000, 0x00000193101d0000, 0x00000193104f0000]
CodeCache: size=245760Kb, used=21965Kb, max_used=22015Kb, free=223792Kb
 total_blobs=9925, nmethods=8937, adapters=891, full_count=0
Compilation: enabled, stopped_count=0, restarted_count=0

Compilation events (20 events):
Event: 16.532 Thread 0x000001937eef6330 9675       3       javax.swing.text.html.parser.DTD::defineEntity (103 bytes)
Event: 16.533 Thread 0x000001937eef6330 nmethod 9675 0x0000019309a15f88 code [0x0000019309a16080, 0x0000019309a16ab0]
Event: 16.533 Thread 0x000001937eef6330 9676       3       javax.swing.text.html.parser.DTD::defEntity (31 bytes)
Event: 16.533 Thread 0x000001937eef6330 nmethod 9676 0x0000019309a16b08 code [0x0000019309a16c00, 0x0000019309a170d8]
Event: 16.533 Thread 0x000001937eef6330 9677       3       javax.swing.text.html.parser.DTD::readContentModel (115 bytes)
Event: 16.535 Thread 0x000001937eef6330 nmethod 9677 0x0000019309a17108 code [0x0000019309a17200, 0x0000019309a18830]
Event: 16.535 Thread 0x000001937eef6330 9679       3       javax.swing.text.html.parser.DTD::defContentModel (11 bytes)
Event: 16.535 Thread 0x0000019322da9980 nmethod 9671 0x000001931086e588 code [0x000001931086e680, 0x000001931086f660]
Event: 16.535 Thread 0x0000019322da9980 9673       4       jdk.internal.jimage.ImageStringsReader::stringFromByteBufferMatches (138 bytes)
Event: 16.535 Thread 0x000001937eef6330 nmethod 9679 0x0000019309a18888 code [0x0000019309a18980, 0x0000019309a18c70]
Event: 16.535 Thread 0x000001937eef6330 9680       3       javax.swing.text.html.parser.ContentModel::<init> (20 bytes)
Event: 16.535 Thread 0x000001937eef6330 nmethod 9680 0x0000019309a18c88 code [0x0000019309a18d80, 0x0000019309a18fb0]
Event: 16.535 Thread 0x000001937eef6330 9678       3       javax.swing.text.html.parser.DTD::getElement (52 bytes)
Event: 16.536 Thread 0x000001937eef6330 nmethod 9678 0x0000019309a19008 code [0x0000019309a19100, 0x0000019309a19d28]
Event: 16.542 Thread 0x0000019322da9980 nmethod 9673 0x000001931086f688 code [0x000001931086f780, 0x000001931086fc10]
Event: 16.542 Thread 0x0000019322da9980 9674       4       java.util.Hashtable::addEntry (87 bytes)
Event: 16.545 Thread 0x000001937eef6330 9682       3       javax.swing.text.GapContent$MarkVector::elementAt (40 bytes)
Event: 16.545 Thread 0x000001937eef6330 nmethod 9682 0x0000019309a19d88 code [0x0000019309a19e80, 0x0000019309a1a2c0]
Event: 16.546 Thread 0x0000019322da9980 nmethod 9674 0x000001931086fc88 code [0x000001931086fd80, 0x00000193108701a8]
Event: 16.546 Thread 0x0000019322da9980 9681       4       java.io.DataInputStream::readByte (6 bytes)

GC Heap Usage History (16 events):
Event: 0.921 {heap Before GC invocations=0 (full 0):
 garbage-first heap   total reserved 4169728K, committed 264192K, used 54419K [0x0000000701800000, 0x0000000800000000)
  region size 2048K, 14 young (28672K), 0 survivors (0K)
}
Event: 0.928 {heap After GC invocations=1 (full 0):
 garbage-first heap   total reserved 4169728K, committed 264192K, used 29523K [0x0000000701800000, 0x0000000800000000)
  region size 2048K, 2 young (4096K), 2 survivors (4096K)
}
Event: 2.859 {heap Before GC invocations=1 (full 0):
 garbage-first heap   total reserved 4169728K, committed 264192K, used 142163K [0x0000000701800000, 0x0000000800000000)
  region size 2048K, 53 young (108544K), 2 survivors (4096K)
}
Event: 2.877 {heap After GC invocations=2 (full 0):
 garbage-first heap   total reserved 4169728K, committed 264192K, used 40313K [0x0000000701800000, 0x0000000800000000)
  region size 2048K, 7 young (14336K), 7 survivors (14336K)
}
Event: 3.306 {heap Before GC invocations=2 (full 0):
 garbage-first heap   total reserved 4169728K, committed 264192K, used 66937K [0x0000000701800000, 0x0000000800000000)
  region size 2048K, 21 young (43008K), 7 survivors (14336K)
}
Event: 3.320 {heap After GC invocations=3 (full 0):
 garbage-first heap   total reserved 4169728K, committed 264192K, used 39280K [0x0000000701800000, 0x0000000800000000)
  region size 2048K, 2 young (4096K), 2 survivors (4096K)
}
Event: 5.513 {heap Before GC invocations=4 (full 0):
 garbage-first heap   total reserved 4169728K, committed 143360K, used 110960K [0x0000000701800000, 0x0000000800000000)
  region size 2048K, 39 young (79872K), 2 survivors (4096K)
}
Event: 5.528 {heap After GC invocations=5 (full 0):
 garbage-first heap   total reserved 4169728K, committed 143360K, used 47720K [0x0000000701800000, 0x0000000800000000)
  region size 2048K, 6 young (12288K), 6 survivors (12288K)
}
Event: 5.562 {heap Before GC invocations=5 (full 0):
 garbage-first heap   total reserved 4169728K, committed 143360K, used 49768K [0x0000000701800000, 0x0000000800000000)
  region size 2048K, 8 young (16384K), 6 survivors (12288K)
}
Event: 5.579 {heap After GC invocations=6 (full 0):
 garbage-first heap   total reserved 4169728K, committed 143360K, used 48332K [0x0000000701800000, 0x0000000800000000)
  region size 2048K, 1 young (2048K), 1 survivors (2048K)
}
Event: 5.622 {heap Before GC invocations=6 (full 0):
 garbage-first heap   total reserved 4169728K, committed 143360K, used 52428K [0x0000000701800000, 0x0000000800000000)
  region size 2048K, 4 young (8192K), 1 survivors (2048K)
}
Event: 5.624 {heap After GC invocations=7 (full 0):
 garbage-first heap   total reserved 4169728K, committed 143360K, used 47164K [0x0000000701800000, 0x0000000800000000)
  region size 2048K, 1 young (2048K), 1 survivors (2048K)
}
Event: 8.007 {heap Before GC invocations=8 (full 0):
 garbage-first heap   total reserved 4169728K, committed 143360K, used 112700K [0x0000000701800000, 0x0000000800000000)
  region size 2048K, 34 young (69632K), 1 survivors (2048K)
}
Event: 8.017 {heap After GC invocations=9 (full 0):
 garbage-first heap   total reserved 4169728K, committed 143360K, used 54556K [0x0000000701800000, 0x0000000800000000)
  region size 2048K, 4 young (8192K), 4 survivors (8192K)
}
Event: 9.359 {heap Before GC invocations=9 (full 0):
 garbage-first heap   total reserved 4169728K, committed 143360K, used 118044K [0x0000000701800000, 0x0000000800000000)
  region size 2048K, 35 young (71680K), 4 survivors (8192K)
}
Event: 9.376 {heap After GC invocations=10 (full 0):
 garbage-first heap   total reserved 4169728K, committed 143360K, used 58276K [0x0000000701800000, 0x0000000800000000)
  region size 2048K, 3 young (6144K), 3 survivors (6144K)
}

Metaspace Usage History (16 events):
Event: 0.921 {metaspace Before GC invocations=0 (full 0):
 Metaspace       used 10145K, committed 10304K, reserved 1114112K
  class space    used 805K, committed 896K, reserved 1048576K
}
Event: 0.928 {metaspace After GC invocations=1 (full 0):
 Metaspace       used 10145K, committed 10304K, reserved 1114112K
  class space    used 805K, committed 896K, reserved 1048576K
}
Event: 2.859 {metaspace Before GC invocations=1 (full 0):
 Metaspace       used 16133K, committed 16512K, reserved 1114112K
  class space    used 1251K, committed 1408K, reserved 1048576K
}
Event: 2.877 {metaspace After GC invocations=2 (full 0):
 Metaspace       used 16133K, committed 16512K, reserved 1114112K
  class space    used 1251K, committed 1408K, reserved 1048576K
}
Event: 3.306 {metaspace Before GC invocations=2 (full 0):
 Metaspace       used 21026K, committed 21504K, reserved 1114112K
  class space    used 1693K, committed 1856K, reserved 1048576K
}
Event: 3.320 {metaspace After GC invocations=3 (full 0):
 Metaspace       used 21026K, committed 21504K, reserved 1114112K
  class space    used 1693K, committed 1856K, reserved 1048576K
}
Event: 5.513 {metaspace Before GC invocations=4 (full 0):
 Metaspace       used 35100K, committed 35968K, reserved 1114112K
  class space    used 3386K, committed 3712K, reserved 1048576K
}
Event: 5.528 {metaspace After GC invocations=5 (full 0):
 Metaspace       used 35100K, committed 35968K, reserved 1114112K
  class space    used 3386K, committed 3712K, reserved 1048576K
}
Event: 5.562 {metaspace Before GC invocations=5 (full 0):
 Metaspace       used 35467K, committed 36288K, reserved 1114112K
  class space    used 3473K, committed 3840K, reserved 1048576K
}
Event: 5.579 {metaspace After GC invocations=6 (full 0):
 Metaspace       used 35467K, committed 36288K, reserved 1114112K
  class space    used 3473K, committed 3840K, reserved 1048576K
}
Event: 5.622 {metaspace Before GC invocations=6 (full 0):
 Metaspace       used 35769K, committed 36608K, reserved 1114112K
  class space    used 3543K, committed 3904K, reserved 1048576K
}
Event: 5.624 {metaspace After GC invocations=7 (full 0):
 Metaspace       used 35769K, committed 36608K, reserved 1114112K
  class space    used 3543K, committed 3904K, reserved 1048576K
}
Event: 8.007 {metaspace Before GC invocations=8 (full 0):
 Metaspace       used 45945K, committed 47040K, reserved 1114112K
  class space    used 4664K, committed 5120K, reserved 1048576K
}
Event: 8.017 {metaspace After GC invocations=9 (full 0):
 Metaspace       used 45945K, committed 47040K, reserved 1114112K
  class space    used 4664K, committed 5120K, reserved 1048576K
}
Event: 9.359 {metaspace Before GC invocations=9 (full 0):
 Metaspace       used 49717K, committed 50816K, reserved 1114112K
  class space    used 5143K, committed 5568K, reserved 1048576K
}
Event: 9.376 {metaspace After GC invocations=10 (full 0):
 Metaspace       used 49717K, committed 50816K, reserved 1114112K
  class space    used 5143K, committed 5568K, reserved 1048576K
}

Dll operation events (20 events):
Event: 16.397 Loaded shared library C:\Program Files\Zulu\zulu-21\bin\api-ms-win-crt-heap-l1-1-0.dll
Event: 16.400 Loaded shared library C:\Program Files\Zulu\zulu-21\bin\api-ms-win-crt-locale-l1-1-0.dll
Event: 16.403 Loaded shared library C:\Program Files\Zulu\zulu-21\bin\api-ms-win-crt-math-l1-1-0.dll
Event: 16.406 Loaded shared library C:\Program Files\Zulu\zulu-21\bin\api-ms-win-crt-multibyte-l1-1-0.dll
Event: 16.408 Loaded shared library C:\Program Files\Zulu\zulu-21\bin\api-ms-win-crt-private-l1-1-0.dll
Event: 16.411 Loaded shared library C:\Program Files\Zulu\zulu-21\bin\api-ms-win-crt-process-l1-1-0.dll
Event: 16.414 Loaded shared library C:\Program Files\Zulu\zulu-21\bin\api-ms-win-crt-runtime-l1-1-0.dll
Event: 16.417 Loaded shared library C:\Program Files\Zulu\zulu-21\bin\api-ms-win-crt-stdio-l1-1-0.dll
Event: 16.420 Loaded shared library C:\Program Files\Zulu\zulu-21\bin\api-ms-win-crt-string-l1-1-0.dll
Event: 16.422 Loaded shared library C:\Program Files\Zulu\zulu-21\bin\api-ms-win-crt-time-l1-1-0.dll
Event: 16.425 Loaded shared library C:\Program Files\Zulu\zulu-21\bin\api-ms-win-crt-utility-l1-1-0.dll
Event: 16.427 Loaded shared library C:\Windows\System32\ucrtbase.dll
Event: 16.428 Loaded shared library C:\Windows\System32\vcruntime140.dll
Event: 16.431 Loaded shared library C:\Windows\System32\vcruntime140_1.dll
Event: 16.434 Loaded shared library C:\Windows\System32\msvcp140.dll
Event: 16.436 Loaded shared library C:\Windows\System32\msvcp140_1.dll
Event: 16.438 Loaded shared library C:\Windows\System32\msvcp140_2.dll
Event: 16.466 Loaded shared library C:\Program Files\Zulu\zulu-21\bin\prism_d3d.dll
Event: 16.494 Loaded shared library C:\Program Files\Zulu\zulu-21\bin\prism_sw.dll
Event: 16.510 Loaded shared library C:\Program Files\Zulu\zulu-21\bin\glass.dll

Deoptimization events (20 events):
Event: 16.307 Thread 0x000001931f19fcc0 Uncommon trap: trap_request=0xffffffde fr.pc=0x00000193107e16b4 relative=0x00000000000000b4
Event: 16.307 Thread 0x000001931f19fcc0 Uncommon trap: reason=class_check action=maybe_recompile pc=0x00000193107e16b4 method=java.lang.StackStreamFactory$StackFrameBuffer.at(I)Ljava/lang/Class; @ 6 c2
Event: 16.307 Thread 0x000001931f19fcc0 DEOPT PACKING pc=0x00000193107e16b4 sp=0x0000005b5b7faa20
Event: 16.307 Thread 0x000001931f19fcc0 DEOPT UNPACKING pc=0x000001931007ed02 sp=0x0000005b5b7fa9b0 mode 2
Event: 16.309 Thread 0x000001931f19fcc0 Uncommon trap: trap_request=0xffffff45 fr.pc=0x0000019310753bac relative=0x000000000000552c
Event: 16.309 Thread 0x000001931f19fcc0 Uncommon trap: reason=unstable_if action=reinterpret pc=0x0000019310753bac method=org.netbeans.ProxyClassLoader.getResourceImpl(Ljava/lang/String;)Ljava/net/URL; @ 19 c2
Event: 16.309 Thread 0x000001931f19fcc0 DEOPT PACKING pc=0x0000019310753bac sp=0x0000005b5b7fed00
Event: 16.309 Thread 0x000001931f19fcc0 DEOPT UNPACKING pc=0x000001931007ed02 sp=0x0000005b5b7fecf8 mode 2
Event: 16.309 Thread 0x000001931f19fcc0 Uncommon trap: trap_request=0xffffff45 fr.pc=0x00000193106c97fc relative=0x0000000000000bfc
Event: 16.309 Thread 0x000001931f19fcc0 Uncommon trap: reason=unstable_if action=reinterpret pc=0x00000193106c97fc method=jdk.internal.module.Resources.toPackageName(Ljava/lang/String;)Ljava/lang/String; @ 9 c2
Event: 16.309 Thread 0x000001931f19fcc0 DEOPT PACKING pc=0x00000193106c97fc sp=0x0000005b5b7febb0
Event: 16.309 Thread 0x000001931f19fcc0 DEOPT UNPACKING pc=0x000001931007ed02 sp=0x0000005b5b7feb88 mode 2
Event: 16.311 Thread 0x000001931f19fcc0 Uncommon trap: trap_request=0xffffffde fr.pc=0x00000193107e16b4 relative=0x00000000000000b4
Event: 16.311 Thread 0x000001931f19fcc0 Uncommon trap: reason=class_check action=maybe_recompile pc=0x00000193107e16b4 method=java.lang.StackStreamFactory$StackFrameBuffer.at(I)Ljava/lang/Class; @ 6 c2
Event: 16.311 Thread 0x000001931f19fcc0 DEOPT PACKING pc=0x00000193107e16b4 sp=0x0000005b5b7fab60
Event: 16.311 Thread 0x000001931f19fcc0 DEOPT UNPACKING pc=0x000001931007ed02 sp=0x0000005b5b7faaf0 mode 2
Event: 16.507 Thread 0x000001931f19fcc0 Uncommon trap: trap_request=0xffffffc6 fr.pc=0x00000193105b6360 relative=0x0000000000000ae0
Event: 16.507 Thread 0x000001931f19fcc0 Uncommon trap: reason=bimorphic_or_optimized_type_check action=maybe_recompile pc=0x00000193105b6360 method=java.util.TreeMap.getEntryUsingComparator(Ljava/lang/Object;)Ljava/util/TreeMap$Entry; @ 29 c2
Event: 16.507 Thread 0x000001931f19fcc0 DEOPT PACKING pc=0x00000193105b6360 sp=0x0000005b5b7fe890
Event: 16.507 Thread 0x000001931f19fcc0 DEOPT UNPACKING pc=0x000001931007ed02 sp=0x0000005b5b7fe7a0 mode 2

Classes loaded (20 events):
Event: 16.542 Loading class javax/swing/text/html/parser/ContentModelState
Event: 16.542 Loading class javax/swing/text/html/parser/ContentModelState done
Event: 16.543 Loading class javax/swing/text/DefaultStyledDocument$ElementSpec
Event: 16.543 Loading class javax/swing/text/DefaultStyledDocument$ElementSpec done
Event: 16.544 Loading class javax/swing/text/DefaultStyledDocument$ElementBuffer$ElemChanges
Event: 16.544 Loading class javax/swing/text/DefaultStyledDocument$ElementBuffer$ElemChanges done
Event: 16.544 Loading class javax/swing/text/DefaultStyledDocument$AttributeUndoableEdit
Event: 16.544 Loading class javax/swing/text/DefaultStyledDocument$AttributeUndoableEdit done
Event: 16.545 Loading class javax/swing/text/AbstractDocument$ElementEdit
Event: 16.545 Loading class javax/swing/text/AbstractDocument$ElementEdit done
Event: 16.546 Loading class javax/swing/text/GapContent$RemoveUndo
Event: 16.546 Loading class javax/swing/text/GapContent$RemoveUndo done
Event: 16.546 Loading class javax/swing/text/GapContent$UndoPosRef
Event: 16.546 Loading class javax/swing/text/GapContent$UndoPosRef done
Event: 16.546 Loading class javax/swing/text/html/BlockView
Event: 16.547 Loading class javax/swing/text/BoxView
Event: 16.547 Loading class javax/swing/text/CompositeView
Event: 16.547 Loading class javax/swing/text/CompositeView done
Event: 16.548 Loading class javax/swing/text/BoxView done
Event: 16.548 Loading class javax/swing/text/html/BlockView done

Classes unloaded (0 events):
No events

Classes redefined (0 events):
No events

Internal exceptions (20 events):
Event: 16.412 Thread 0x000001931f19fcc0 Exception <a 'java/io/IOException'{0x0000000709a9ffd8}> (0x0000000709a9ffd8) 
thrown [s\src\hotspot\share\prims\jni.cpp, line 516]
Event: 16.415 Thread 0x000001931f19fcc0 Exception <a 'java/io/IOException'{0x0000000709aa3400}> (0x0000000709aa3400) 
thrown [s\src\hotspot\share\prims\jni.cpp, line 516]
Event: 16.418 Thread 0x000001931f19fcc0 Exception <a 'java/io/IOException'{0x0000000709aa69f0}> (0x0000000709aa69f0) 
thrown [s\src\hotspot\share\prims\jni.cpp, line 516]
Event: 16.421 Thread 0x000001931f19fcc0 Exception <a 'java/io/IOException'{0x0000000709aa9d90}> (0x0000000709aa9d90) 
thrown [s\src\hotspot\share\prims\jni.cpp, line 516]
Event: 16.423 Thread 0x000001931f19fcc0 Exception <a 'java/io/IOException'{0x0000000709aad100}> (0x0000000709aad100) 
thrown [s\src\hotspot\share\prims\jni.cpp, line 516]
Event: 16.426 Thread 0x000001931f19fcc0 Exception <a 'java/io/IOException'{0x0000000709ab04d8}> (0x0000000709ab04d8) 
thrown [s\src\hotspot\share\prims\jni.cpp, line 516]
Event: 16.427 Thread 0x000001931f19fcc0 Exception <a 'java/io/IOException'{0x0000000709ab2bb8}> (0x0000000709ab2bb8) 
thrown [s\src\hotspot\share\prims\jni.cpp, line 516]
Event: 16.429 Thread 0x000001931f19fcc0 Exception <a 'java/io/IOException'{0x0000000709ab52e8}> (0x0000000709ab52e8) 
thrown [s\src\hotspot\share\prims\jni.cpp, line 516]
Event: 16.432 Thread 0x000001931f19fcc0 Exception <a 'java/io/IOException'{0x0000000709ab7a60}> (0x0000000709ab7a60) 
thrown [s\src\hotspot\share\prims\jni.cpp, line 516]
Event: 16.435 Thread 0x000001931f19fcc0 Exception <a 'java/io/IOException'{0x0000000709aba388}> (0x0000000709aba388) 
thrown [s\src\hotspot\share\prims\jni.cpp, line 516]
Event: 16.437 Thread 0x000001931f19fcc0 Exception <a 'java/io/IOException'{0x0000000709abca80}> (0x0000000709abca80) 
thrown [s\src\hotspot\share\prims\jni.cpp, line 516]
Event: 16.462 Thread 0x000001931f1a4ae0 Exception <a 'java/io/IOException'{0x0000000709be7650}> (0x0000000709be7650) 
thrown [s\src\hotspot\share\prims\jni.cpp, line 516]
Event: 16.466 Thread 0x000001931f1a4ae0 Exception <a 'java/lang/NoSuchFieldError'{0x0000000709beaa60}: disableD3D9Ex> (0x0000000709beaa60) 
thrown [s\src\hotspot\share\prims\jni.cpp, line 1984]
Event: 16.491 Thread 0x000001931f1a4ae0 Exception <a 'java/lang/NoSuchFieldError'{0x0000000709beaa60}> (0x0000000709beaa60) 
thrown [s\src\hotspot\share\oops\instanceKlass.cpp, line 1355]
Event: 16.492 Thread 0x000001931f1a4ae0 Exception <a 'java/io/IOException'{0x0000000709bef0e0}> (0x0000000709bef0e0) 
thrown [s\src\hotspot\share\prims\jni.cpp, line 516]
Event: 16.508 Thread 0x000001931f19fcc0 Exception <a 'java/io/IOException'{0x0000000709892038}> (0x0000000709892038) 
thrown [s\src\hotspot\share\prims\jni.cpp, line 516]
Event: 16.510 Thread 0x000001931f19fcc0 Exception <a 'java/lang/NoSuchMethodError'{0x0000000709894e38}: notifyThemeChanged> (0x0000000709894e38) 
thrown [s\src\hotspot\share\prims\jni.cpp, line 1072]
Event: 16.515 Thread 0x000001931f19fcc0 Exception <a 'java/lang/NoSuchMethodError'{0x00000007098aac88}: 'void java.lang.invoke.DirectMethodHandle$Holder.invokeSpecial(java.lang.Object, java.lang.Object, int, java.lang.Object)'> (0x00000007098aac88) 
thrown [s\src\hotspot\share\interpreter\linkResolver.cpp, line 804]
Event: 16.519 Thread 0x000001931f19fcc0 Exception <a 'java/lang/NoSuchMethodError'{0x00000007098ce9e8}: 'java.lang.Object java.lang.invoke.DirectMethodHandle$Holder.newInvokeSpecial(java.lang.Object, java.lang.Object, int, java.lang.Object)'> (0x00000007098ce9e8) 
thrown [s\src\hotspot\share\interpreter\linkResolver.cpp, line 804]
Event: 16.520 Thread 0x000001931f19fcc0 Exception <a 'java/lang/NoSuchMethodError'{0x000000070993f528}: 'java.lang.Object java.lang.invoke.Invokers$Holder.linkToTargetMethod(java.lang.Object, int, java.lang.Object, java.lang.Object)'> (0x000000070993f528) 
thrown [s\src\hotspot\share\interpreter\linkResolver.cpp, line 804]

VM Operations (20 events):
Event: 8.371 Executing non-safepoint VM operation: HandshakeAllThreads (Deoptimize)
Event: 8.419 Executing non-safepoint VM operation: HandshakeAllThreads (Deoptimize) done
Event: 8.453 Executing non-safepoint VM operation: HandshakeAllThreads (Deoptimize)
Event: 8.453 Executing non-safepoint VM operation: HandshakeAllThreads (Deoptimize) done
Event: 9.359 Executing safepoint VM operation: G1CollectForAllocation (G1 Evacuation Pause)
Event: 9.376 Executing safepoint VM operation: G1CollectForAllocation (G1 Evacuation Pause) done
Event: 9.402 Executing non-safepoint VM operation: HandshakeAllThreads (Deoptimize)
Event: 9.403 Executing non-safepoint VM operation: HandshakeAllThreads (Deoptimize) done
Event: 14.763 Executing non-safepoint VM operation: HandshakeAllThreads (Deoptimize)
Event: 14.763 Executing non-safepoint VM operation: HandshakeAllThreads (Deoptimize) done
Event: 16.283 Executing non-safepoint VM operation: HandshakeAllThreads (Deoptimize)
Event: 16.283 Executing non-safepoint VM operation: HandshakeAllThreads (Deoptimize) done
Event: 16.303 Executing non-safepoint VM operation: HandshakeAllThreads (Deoptimize)
Event: 16.303 Executing non-safepoint VM operation: HandshakeAllThreads (Deoptimize) done
Event: 16.304 Executing non-safepoint VM operation: HandshakeAllThreads (Deoptimize)
Event: 16.305 Executing non-safepoint VM operation: HandshakeAllThreads (Deoptimize) done
Event: 16.306 Executing non-safepoint VM operation: HandshakeAllThreads (Deoptimize)
Event: 16.306 Executing non-safepoint VM operation: HandshakeAllThreads (Deoptimize) done
Event: 16.515 Executing non-safepoint VM operation: HandshakeAllThreads (Deoptimize)
Event: 16.515 Executing non-safepoint VM operation: HandshakeAllThreads (Deoptimize) done

Memory protections (0 events):
No events

Nmethod flushes (20 events):
Event: 5.699 Thread 0x000001937eed31d0 flushing  nmethod 0x0000019308eee888
Event: 5.699 Thread 0x000001937eed31d0 flushing  nmethod 0x0000019308f0aa88
Event: 5.699 Thread 0x000001937eed31d0 flushing  nmethod 0x0000019308f27508
Event: 5.699 Thread 0x000001937eed31d0 flushing  nmethod 0x0000019308f41d88
Event: 5.699 Thread 0x000001937eed31d0 flushing  nmethod 0x0000019308f42288
Event: 5.699 Thread 0x000001937eed31d0 flushing  nmethod 0x0000019308f42588
Event: 5.699 Thread 0x000001937eed31d0 flushing  nmethod 0x0000019308f43008
Event: 5.699 Thread 0x000001937eed31d0 flushing  nmethod 0x0000019308f43808
Event: 5.699 Thread 0x000001937eed31d0 flushing  nmethod 0x0000019308f71188
Event: 5.699 Thread 0x000001937eed31d0 flushing  nmethod 0x0000019308f87c08
Event: 5.699 Thread 0x000001937eed31d0 flushing  nmethod 0x000001930900e688
Event: 5.699 Thread 0x000001937eed31d0 flushing  nmethod 0x000001930904d088
Event: 5.699 Thread 0x000001937eed31d0 flushing  nmethod 0x000001930906aa88
Event: 5.699 Thread 0x000001937eed31d0 flushing  nmethod 0x000001930906e888
Event: 5.699 Thread 0x000001937eed31d0 flushing  nmethod 0x000001930906f808
Event: 5.699 Thread 0x000001937eed31d0 flushing  nmethod 0x0000019309092a08
Event: 5.699 Thread 0x000001937eed31d0 flushing  nmethod 0x00000193090c1e88
Event: 5.699 Thread 0x000001937eed31d0 flushing  nmethod 0x00000193090f7b08
Event: 5.699 Thread 0x000001937eed31d0 flushing  nmethod 0x00000193090f8008
Event: 5.699 Thread 0x000001937eed31d0 flushing  nmethod 0x00000193090ff188

Events (20 events):
Event: 7.273 Thread 0x000001932361de80 Thread added: 0x0000019323620590
Event: 7.275 Thread 0x0000019323620590 Thread exited: 0x0000019323620590
Event: 7.353 Thread 0x000001932361de80 Thread added: 0x000001931e80dea0
Event: 7.691 Thread 0x000001931ee96200 Thread added: 0x0000019322fa67a0
Event: 7.769 Thread 0x0000019322fa67a0 Thread exited: 0x0000019322fa67a0
Event: 8.138 Thread 0x000001931e848eb0 Thread added: 0x000001931f19ed20
Event: 9.919 Thread 0x0000019319a93510 Thread exited: 0x0000019319a93510
Event: 10.327 Thread 0x000001937ef10f40 Thread exited: 0x000001937ef10f40
Event: 10.328 Thread 0x0000019321d20be0 Thread exited: 0x0000019321d20be0
Event: 10.329 Thread 0x000001932361fdc0 Thread exited: 0x000001932361fdc0
Event: 10.681 Thread 0x000001937eef6330 Thread added: 0x0000019322da9980
Event: 11.042 Thread 0x0000019322da9980 Thread exited: 0x0000019322da9980
Event: 13.775 Thread 0x000001932361cee0 Thread exited: 0x000001932361cee0
Event: 14.790 Thread 0x000001937eef6330 Thread added: 0x0000019322daa190
Event: 15.548 Thread 0x0000019322daa190 Thread exited: 0x0000019322daa190
Event: 16.277 Thread 0x000001937eef6330 Thread added: 0x0000019322da9980
Event: 16.291 Thread 0x000001931e809850 Thread added: 0x000001931f19fcc0
Event: 16.458 Thread 0x000001931f19fcc0 Thread added: 0x000001931f1a4ae0
Event: 16.514 Thread 0x000001931f19fcc0 Thread added: 0x000001931f1a3370
Event: 16.520 Thread 0x000001931f19fcc0 Thread added: 0x000001931f19d5b0


Dynamic libraries:
0x00007ff6384a0000 - 0x00007ff6384d3000 	C:\Program Files\Apache NetBeans\platform\lib\nbexec64.exe
0x00007ff99ccb0000 - 0x00007ff99cea8000 	C:\WINDOWS\SYSTEM32\ntdll.dll
0x00007ff99cb70000 - 0x00007ff99cc32000 	C:\WINDOWS\System32\KERNEL32.DLL
0x00007ff99a340000 - 0x00007ff99a636000 	C:\WINDOWS\System32\KERNELBASE.dll
0x00007ff99c010000 - 0x00007ff99c0c1000 	C:\WINDOWS\System32\ADVAPI32.dll
0x00007ff99c540000 - 0x00007ff99c5de000 	C:\WINDOWS\System32\msvcrt.dll
0x00007ff99c920000 - 0x00007ff99c9bf000 	C:\WINDOWS\System32\sechost.dll
0x00007ff99acd0000 - 0x00007ff99adf0000 	C:\WINDOWS\System32\RPCRT4.dll
0x00007ff99a920000 - 0x00007ff99a947000 	C:\WINDOWS\System32\bcrypt.dll
0x00007ff99c9c0000 - 0x00007ff99cb61000 	C:\WINDOWS\System32\USER32.dll
0x00007ff99a760000 - 0x00007ff99a782000 	C:\WINDOWS\System32\win32u.dll
0x00007ff99cc40000 - 0x00007ff99cc6b000 	C:\WINDOWS\System32\GDI32.dll
0x00007ff99a640000 - 0x00007ff99a759000 	C:\WINDOWS\System32\gdi32full.dll
0x00007ff99ab30000 - 0x00007ff99abcd000 	C:\WINDOWS\System32\msvcp_win.dll
0x00007ff99a790000 - 0x00007ff99a890000 	C:\WINDOWS\System32\ucrtbase.dll
0x00007ff99bd30000 - 0x00007ff99bd5f000 	C:\WINDOWS\System32\IMM32.DLL
0x00007ff978c00000 - 0x00007ff978c43000 	C:\Program Files\Apache NetBeans\platform\lib\nbexec64.dll
0x00007ff99c640000 - 0x00007ff99c69b000 	C:\WINDOWS\System32\SHLWAPI.dll
0x00007ff927f10000 - 0x00007ff928e36000 	C:\Program Files\Apache NetBeans\jdk\bin\server\jvm.dll
0x00007ff99bfa0000 - 0x00007ff99c00b000 	C:\WINDOWS\System32\WS2_32.dll
0x00007ff999840000 - 0x00007ff99988b000 	C:\WINDOWS\SYSTEM32\POWRPROF.dll
0x00007ff985e40000 - 0x00007ff985e67000 	C:\WINDOWS\SYSTEM32\WINMM.dll
0x00007ff999090000 - 0x00007ff99909a000 	C:\WINDOWS\SYSTEM32\VERSION.dll
0x00007ff993060000 - 0x00007ff99307e000 	C:\Program Files\Apache NetBeans\jdk\bin\VCRUNTIME140.dll
0x00007ff993050000 - 0x00007ff99305c000 	C:\Program Files\Apache NetBeans\jdk\bin\VCRUNTIME140_1.dll
0x00007ff999700000 - 0x00007ff999712000 	C:\WINDOWS\SYSTEM32\UMPDC.dll
0x00007ff978bc0000 - 0x00007ff978bf9000 	C:\Program Files\Apache NetBeans\jdk\bin\splashscreen.dll
0x00007ff9906c0000 - 0x00007ff9906de000 	C:\Program Files\Apache NetBeans\jdk\bin\java.dll
0x00007ff99bd60000 - 0x00007ff99be8b000 	C:\WINDOWS\System32\ole32.dll
0x00007ff99afc0000 - 0x00007ff99b314000 	C:\WINDOWS\System32\combase.dll
0x00007ff99b330000 - 0x00007ff99baa0000 	C:\WINDOWS\System32\SHELL32.dll
0x00007ff990710000 - 0x00007ff99071a000 	C:\Program Files\Apache NetBeans\jdk\bin\jimage.dll
0x00007ff994e70000 - 0x00007ff995071000 	C:\WINDOWS\SYSTEM32\DBGHELP.DLL
0x00007ff972cf0000 - 0x00007ff972d24000 	C:\WINDOWS\SYSTEM32\dbgcore.DLL
0x00007ff99a890000 - 0x00007ff99a912000 	C:\WINDOWS\System32\bcryptPrimitives.dll
0x00007ff998430000 - 0x00007ff998442000 	C:\WINDOWS\SYSTEM32\kernel.appcore.dll
0x00007ff9987e0000 - 0x00007ff998f85000 	C:\WINDOWS\SYSTEM32\windows.storage.dll
0x00007ff999c90000 - 0x00007ff999cbb000 	C:\WINDOWS\SYSTEM32\Wldp.dll
0x00007ff99c6a0000 - 0x00007ff99c76d000 	C:\WINDOWS\System32\OLEAUT32.dll
0x00007ff99bb90000 - 0x00007ff99bc3d000 	C:\WINDOWS\System32\SHCORE.dll
0x00007ff99a270000 - 0x00007ff99a294000 	C:\WINDOWS\SYSTEM32\profapi.dll
0x00007ff978ba0000 - 0x00007ff978bb1000 	C:\Program Files\Apache NetBeans\jdk\bin\net.dll
0x00007ff999a70000 - 0x00007ff999ada000 	C:\WINDOWS\system32\mswsock.dll
0x00007ff978b80000 - 0x00007ff978b96000 	C:\Program Files\Apache NetBeans\jdk\bin\nio.dll
0x00007ff9842b0000 - 0x00007ff9842c7000 	C:\Program Files\Apache NetBeans\jdk\bin\zip.dll
0x00007ff9842a0000 - 0x00007ff9842b0000 	C:\Program Files\Apache NetBeans\jdk\bin\verify.dll
0x00007ff999cd0000 - 0x00007ff999ce8000 	C:\WINDOWS\SYSTEM32\CRYPTSP.dll
0x00007ff999340000 - 0x00007ff999378000 	C:\WINDOWS\system32\rsaenh.dll
0x00007ff99a1f0000 - 0x00007ff99a21e000 	C:\WINDOWS\SYSTEM32\USERENV.dll
0x00007ff999c00000 - 0x00007ff999c0c000 	C:\WINDOWS\SYSTEM32\CRYPTBASE.dll
0x00007ff999720000 - 0x00007ff99975b000 	C:\WINDOWS\SYSTEM32\IPHLPAPI.DLL
0x00007ff99b320000 - 0x00007ff99b328000 	C:\WINDOWS\System32\NSI.dll
0x00007ff9832c0000 - 0x00007ff9832c9000 	C:\Program Files\Apache NetBeans\jdk\bin\extnet.dll
0x00007ff8f6ed0000 - 0x00007ff8f6ee7000 	C:\WINDOWS\system32\napinsp.dll
0x00007ff8f6ef0000 - 0x00007ff8f6f0b000 	C:\WINDOWS\system32\pnrpnsp.dll
0x00007ff962b60000 - 0x00007ff962b7d000 	C:\WINDOWS\system32\wshbth.dll
0x00007ff991420000 - 0x00007ff99143d000 	C:\WINDOWS\system32\NLAapi.dll
0x00007ff999770000 - 0x00007ff99983a000 	C:\WINDOWS\SYSTEM32\DNSAPI.dll
0x00007ff8f6f10000 - 0x00007ff8f6f22000 	C:\WINDOWS\System32\winrnr.dll
0x00007ff9878f0000 - 0x00007ff9878fa000 	C:\Windows\System32\rasadhlp.dll
0x00007ff98e200000 - 0x00007ff98e280000 	C:\WINDOWS\System32\fwpuclnt.dll
0x00007ff974510000 - 0x00007ff974690000 	C:\Program Files\Apache NetBeans\jdk\bin\awt.dll
0x00007ff9741e0000 - 0x00007ff97426d000 	C:\Program Files\Apache NetBeans\jdk\bin\MSVCP140.dll
0x00007ff993320000 - 0x00007ff9933b4000 	C:\WINDOWS\SYSTEM32\apphelp.dll
0x00007ff994810000 - 0x00007ff99483e000 	C:\WINDOWS\system32\DWMAPI.DLL
0x00007ff994080000 - 0x00007ff99411e000 	C:\WINDOWS\system32\uxtheme.dll
0x00007ff966a40000 - 0x00007ff966b68000 	C:\WINDOWS\system32\opengl32.dll
0x00007ff966d00000 - 0x00007ff966d2c000 	C:\WINDOWS\SYSTEM32\GLU32.dll
0x00007ff981800000 - 0x00007ff981a9b000 	C:\WINDOWS\WinSxS\amd64_microsoft.windows.common-controls_6595b64144ccf1df_6.0.19041.6456_none_60b8a6cb71f64256\COMCTL32.dll
0x00007ff961370000 - 0x00007ff961448000 	c:\Program Files\HP\HP ProtectTools Security Manager\Bin\DpoFeedb.dll
0x00007ff99aea0000 - 0x00007ff99afb5000 	C:\WINDOWS\System32\MSCTF.dll
0x00007ff96e3f0000 - 0x00007ff96e477000 	C:\Program Files\Apache NetBeans\jdk\bin\freetype.dll
0x00007ff96e300000 - 0x00007ff96e3ef000 	C:\Program Files\Apache NetBeans\jdk\bin\fontmanager.dll
0x00007ff971e50000 - 0x00007ff971f49000 	C:\WINDOWS\SYSTEM32\textinputframework.dll
0x00007ff992930000 - 0x00007ff992a22000 	C:\WINDOWS\System32\CoreMessaging.dll
0x00007ff9925d0000 - 0x00007ff99292b000 	C:\WINDOWS\System32\CoreUIComponents.dll
0x00007ff999590000 - 0x00007ff9995c3000 	C:\WINDOWS\SYSTEM32\ntmarta.dll
0x00007ff9934e0000 - 0x00007ff993637000 	C:\WINDOWS\SYSTEM32\wintypes.dll
0x00007ff95fa70000 - 0x00007ff95fd64000 	C:\Windows\System32\uiautomationcore.dll
0x00007ff9933e0000 - 0x00007ff9934d4000 	C:\Windows\System32\PROPSYS.dll
0x00007ff9816e0000 - 0x00007ff981746000 	C:\Windows\System32\OLEACC.dll
0x00007ff99adf0000 - 0x00007ff99ae99000 	C:\WINDOWS\System32\clbcatq.dll
0x00007ff982330000 - 0x00007ff982336000 	C:\Program Files\Apache NetBeans\platform\modules\lib\flatlaf-windows-x86_64.dll
0x00007ff974190000 - 0x00007ff9741d9000 	C:\Program Files\Apache NetBeans\platform\modules\lib\amd64\jnidispatch-nb.dll
0x00007ff99bb80000 - 0x00007ff99bb88000 	C:\WINDOWS\System32\PSAPI.DLL
0x00007ff98eb80000 - 0x00007ff98ec8a000 	C:\WINDOWS\SYSTEM32\winhttp.dll
0x00007ff98fba0000 - 0x00007ff98fbb7000 	C:\WINDOWS\SYSTEM32\dhcpcsvc6.DLL
0x00007ff98fb10000 - 0x00007ff98fb2d000 	C:\WINDOWS\SYSTEM32\dhcpcsvc.DLL
0x00007ff993e90000 - 0x00007ff994046000 	C:\WINDOWS\SYSTEM32\WindowsCodecs.dll
0x00007ff9619a0000 - 0x00007ff9619de000 	C:\WINDOWS\system32\dataexchange.dll
0x00007ff9915c0000 - 0x00007ff991824000 	C:\WINDOWS\system32\d3d11.dll
0x00007ff991e80000 - 0x00007ff992064000 	C:\WINDOWS\system32\dcomp.dll
0x00007ff998210000 - 0x00007ff998306000 	C:\WINDOWS\system32\dxgi.dll
0x00007ff98f8c0000 - 0x00007ff98fac3000 	C:\WINDOWS\system32\twinapi.appcore.dll
0x00007ff9775c0000 - 0x00007ff9775c7000 	C:\Program Files\Apache NetBeans\jdk\bin\jawt.dll
0x00007ff97b2f0000 - 0x00007ff97b2fe000 	C:\Program Files\Apache NetBeans\jdk\bin\sunmscapi.dll
0x00007ff99a9d0000 - 0x00007ff99ab2d000 	C:\WINDOWS\System32\CRYPT32.dll
0x00007ff999de0000 - 0x00007ff999e07000 	C:\WINDOWS\SYSTEM32\ncrypt.dll
0x00007ff999da0000 - 0x00007ff999ddb000 	C:\WINDOWS\SYSTEM32\NTASN1.dll
0x00007ff97b1d0000 - 0x00007ff97b1da000 	C:\Program Files\Apache NetBeans\jdk\bin\management.dll
0x00007ff978b70000 - 0x00007ff978b7c000 	C:\Program Files\Apache NetBeans\jdk\bin\management_ext.dll
0x0000019320ed0000 - 0x0000019320ed4000 	C:\Program Files\Zulu\zulu-21\bin\api-ms-win-core-console-l1-1-0.dll
0x0000019320ee0000 - 0x0000019320ee4000 	C:\Program Files\Zulu\zulu-21\bin\api-ms-win-core-console-l1-2-0.dll
0x0000019320ef0000 - 0x0000019320ef4000 	C:\Program Files\Zulu\zulu-21\bin\api-ms-win-core-datetime-l1-1-0.dll
0x0000019320f00000 - 0x0000019320f04000 	C:\Program Files\Zulu\zulu-21\bin\api-ms-win-core-debug-l1-1-0.dll
0x0000019320f10000 - 0x0000019320f14000 	C:\Program Files\Zulu\zulu-21\bin\api-ms-win-core-errorhandling-l1-1-0.dll
0x0000019320f20000 - 0x0000019320f25000 	C:\Program Files\Zulu\zulu-21\bin\api-ms-win-core-file-l1-1-0.dll
0x0000019320f30000 - 0x0000019320f34000 	C:\Program Files\Zulu\zulu-21\bin\api-ms-win-core-file-l1-2-0.dll
0x0000019320f40000 - 0x0000019320f44000 	C:\Program Files\Zulu\zulu-21\bin\api-ms-win-core-file-l2-1-0.dll
0x0000019320f50000 - 0x0000019320f54000 	C:\Program Files\Zulu\zulu-21\bin\api-ms-win-core-handle-l1-1-0.dll
0x0000019320f60000 - 0x0000019320f64000 	C:\Program Files\Zulu\zulu-21\bin\api-ms-win-core-heap-l1-1-0.dll
0x0000019320f70000 - 0x0000019320f74000 	C:\Program Files\Zulu\zulu-21\bin\api-ms-win-core-interlocked-l1-1-0.dll
0x0000019320f80000 - 0x0000019320f84000 	C:\Program Files\Zulu\zulu-21\bin\api-ms-win-core-libraryloader-l1-1-0.dll
0x0000019320f90000 - 0x0000019320f94000 	C:\Program Files\Zulu\zulu-21\bin\api-ms-win-core-localization-l1-2-0.dll
0x0000019320fa0000 - 0x0000019320fa4000 	C:\Program Files\Zulu\zulu-21\bin\api-ms-win-core-memory-l1-1-0.dll
0x0000019320fb0000 - 0x0000019320fb4000 	C:\Program Files\Zulu\zulu-21\bin\api-ms-win-core-namedpipe-l1-1-0.dll
0x0000019320fc0000 - 0x0000019320fc4000 	C:\Program Files\Zulu\zulu-21\bin\api-ms-win-core-processenvironment-l1-1-0.dll
0x0000019320fd0000 - 0x0000019320fd4000 	C:\Program Files\Zulu\zulu-21\bin\api-ms-win-core-processthreads-l1-1-0.dll
0x0000019320fe0000 - 0x0000019320fe4000 	C:\Program Files\Zulu\zulu-21\bin\api-ms-win-core-processthreads-l1-1-1.dll
0x0000019320ff0000 - 0x0000019320ff4000 	C:\Program Files\Zulu\zulu-21\bin\api-ms-win-core-profile-l1-1-0.dll
0x0000019321000000 - 0x0000019321004000 	C:\Program Files\Zulu\zulu-21\bin\api-ms-win-core-rtlsupport-l1-1-0.dll
0x0000019321010000 - 0x0000019321014000 	C:\Program Files\Zulu\zulu-21\bin\api-ms-win-core-string-l1-1-0.dll
0x0000019321020000 - 0x0000019321024000 	C:\Program Files\Zulu\zulu-21\bin\api-ms-win-core-synch-l1-1-0.dll
0x0000019321030000 - 0x0000019321034000 	C:\Program Files\Zulu\zulu-21\bin\api-ms-win-core-synch-l1-2-0.dll
0x0000019321040000 - 0x0000019321044000 	C:\Program Files\Zulu\zulu-21\bin\api-ms-win-core-sysinfo-l1-1-0.dll
0x0000019321050000 - 0x0000019321054000 	C:\Program Files\Zulu\zulu-21\bin\api-ms-win-core-timezone-l1-1-0.dll
0x0000019323190000 - 0x0000019323194000 	C:\Program Files\Zulu\zulu-21\bin\api-ms-win-core-util-l1-1-0.dll
0x00000193231a0000 - 0x00000193231a4000 	C:\Program Files\Zulu\zulu-21\bin\api-ms-win-crt-conio-l1-1-0.dll

JVMTI agents: none

dbghelp: loaded successfully - version: 4.0.5 - missing functions: none
symbol engine: initialized successfully - sym options: 0x614 - pdb path: .;C:\Program Files\Apache NetBeans\platform\lib;C:\WINDOWS\SYSTEM32;C:\Program Files\Apache NetBeans\jdk\bin\server;C:\Program Files\Apache NetBeans\jdk\bin;C:\WINDOWS\WinSxS\amd64_microsoft.windows.common-controls_6595b64144ccf1df_6.0.19041.6456_none_60b8a6cb71f64256;c:\Program Files\HP\HP ProtectTools Security Manager\Bin;C:\Program Files\Apache NetBeans\platform\modules\lib;C:\Program Files\Apache NetBeans\platform\modules\lib\amd64;C:\Program Files\Zulu\zulu-21\bin;C:\WINDOWS\System32\DriverStore\FileRepository\igdlh64.inf_amd64_e6daaea9afe1e6f6;C:\WINDOWS\System32\DriverStore\FileRepository\nvbl.inf_amd64_f6b5d3bff633c683

VM Arguments:
jvm_args: -Dnetbeans.logger.console=true -ea -DTopSecurityManager.disable=true -Djava.lang.Runtime.level=FINE -Dapple.laf.useScreenMenuBar=true -Dapple.awt.application.appearance=system -Dsun.java2d.noddraw=true -Dsun.java2d.dpiaware=true -Dplugin.manager.check.updates=false -Dnetbeans.extbrowser.manual_chrome_plugin_install=yes --enable-native-access=ALL-UNNAMED --add-opens=java.base/java.net=ALL-UNNAMED --add-opens=java.base/java.lang.ref=ALL-UNNAMED --add-opens=java.base/java.lang=ALL-UNNAMED --add-opens=java.base/java.security=ALL-UNNAMED --add-opens=java.base/java.util=ALL-UNNAMED --add-opens=java.base/java.nio=ALL-UNNAMED --add-exports=java.base/sun.reflect.annotation=ALL-UNNAMED --add-opens=java.prefs/java.util.prefs=ALL-UNNAMED --add-opens=java.desktop/javax.swing.plaf.basic=ALL-UNNAMED --add-opens=java.desktop/javax.swing.text=ALL-UNNAMED --add-opens=java.desktop/javax.swing=ALL-UNNAMED --add-opens=java.desktop/java.awt=ALL-UNNAMED --add-opens=java.desktop/java.awt.event=ALL-UNNAMED --add-opens=java.desktop/sun.awt.X11=ALL-UNNAMED --add-opens=java.desktop/javax.swing.plaf.synth=ALL-UNNAMED --add-opens=java.desktop/com.sun.java.swing.plaf.gtk=ALL-UNNAMED --add-opens=java.desktop/com.sun.java.swing.plaf.windows=ALL-UNNAMED --add-opens=java.desktop/com.apple.laf=ALL-UNNAMED --add-opens=java.desktop/sun.awt.shell=ALL-UNNAMED --add-opens=java.desktop/sun.awt.im=ALL-UNNAMED --add-exports=java.desktop/sun.awt=ALL-UNNAMED --add-exports=java.desktop/java.awt.peer=ALL-UNNAMED --add-exports=java.desktop/com.sun.beans.editors=ALL-UNNAMED --add-exports=java.desktop/sun.swing=ALL-UNNAMED --add-exports=java.desktop/sun.awt.im=ALL-UNNAMED --add-exports=java.desktop/com.sun.java.swing.plaf.motif=ALL-UNNAMED --add-exports=java.desktop/com.apple.eio=ALL-UNNAMED --add-opens=jdk.compiler/com.sun.tools.javac.api=ALL-UNNAMED --add-opens=jdk.compiler/com.sun.tools.javac.code=ALL-UNNAMED --add-opens=jdk.compiler/com.sun.tools.javac.comp=ALL-UNNAMED --add-opens=jdk.compiler/com.sun.tools.javac.file=ALL-UNNAMED --add-opens=jdk.compiler/com.sun.tools.javac.jvm=ALL-UNNAMED --add-opens=jdk.compiler/com.sun.tools.javac.main=ALL-UNNAMED --add-opens=jdk.compiler/com.sun.tools.javac.model=ALL-UNNAMED --add-opens=jdk.compiler/com.sun.tools.javac.parser=ALL-UNNAMED --add-opens=jdk.compiler/com.sun.tools.javac.processing=ALL-UNNAMED --add-opens=jdk.compiler/com.sun.tools.javac.tree=ALL-UNNAMED --add-opens=jdk.compiler/com.sun.tools.javac.util=ALL-UNNAMED --add-exports=jdk.compiler/com.sun.tools.javac.api=ALL-UNNAMED --add-exports=jdk.compiler/com.sun.tools.javac.code=ALL-UNNAMED --add-exports=jdk.compiler/com.sun.tools.javac.comp=ALL-UNNAMED --add-exports=jdk.compiler/com.sun.tools.javac.file=ALL-UNNAMED --add-exports=jdk.compiler/com.sun.tools.javac.jvm=ALL-UNNAMED --add-exports=jdk.compiler/com.sun.tools.javac.main=ALL-UNNAMED --add-exports=jdk.compiler/com.sun.tools.javac.model=ALL-UNNAMED --add-exports=jdk.compiler/com.sun.tools.javac.parser=ALL-UNNAMED --add-exports=jdk.compiler/com.sun.tools.javac.processing=ALL-UNNAMED --add-exports=jdk.compiler/com.sun.tools.javac.tree=ALL-UNNAMED --add-exports=jdk.compiler/com.sun.tools.javac.util=ALL-UNNAMED --add-modules=jdk.jshell --add-opens=jdk.jshell/jdk.jshell=ALL-UNNAMED --add-exports=jdk.jshell/jdk.internal.jshell.debug=ALL-UNNAMED --add-exports=jdk.jdeps/com.sun.tools.classfile=ALL-UNNAMED --add-exports=jdk.jdeps/com.sun.tools.javap=ALL-UNNAMED --add-exports=jdk.internal.jvmstat/sun.jvmstat.monitor=ALL-UNNAMED --add-exports=jdk.internal.opt/jdk.internal.opt=ALL-UNNAMED --add-exports=java.management/sun.management=ALL-UNNAMED -Djdk.home=C:\Program Files\Apache NetBeans\jdk -Dnetbeans.home=C:\Program Files\Apache NetBeans\platform -Dnetbeans.user=C:\Users\Rok Koren\NetBeansProjects\OpenPKM\build\testuserdir -Dnetbeans.default_userdir_root= -XX:+HeapDumpOnOutOfMemoryError -XX:HeapDumpPath=C:\Users\Rok Koren\NetBeansProjects\OpenPKM\build\testuserdir\var\log\heapdump.hprof -Dsun.awt.keepWorkingSetOnMinimize=true -Dnetbeans.dirs=C:\Users\Rok Koren\NetBeansProjects\OpenPKM\build\cluster;C:\Program Files\Apache NetBeans\ide;C:\Program Files\Apache NetBeans\platform exit 
java_command: <unknown>
java_class_path (initial): C:\Program Files\Apache NetBeans\platform\lib\boot.jar;C:\Program Files\Apache NetBeans\platform\lib\org-openide-modules.jar;C:\Program Files\Apache NetBeans\platform\lib\org-openide-util-lookup.jar;C:\Program Files\Apache NetBeans\platform\lib\org-openide-util-ui.jar;C:\Program Files\Apache NetBeans\platform\lib\org-openide-util.jar
Launcher Type: generic

[Global flags]
     intx CICompilerCount                          = 3                                         {product} {ergonomic}
     uint ConcGCThreads                            = 1                                         {product} {ergonomic}
     uint G1ConcRefinementThreads                  = 4                                         {product} {ergonomic}
   size_t G1HeapRegionSize                         = 2097152                                   {product} {ergonomic}
     bool HeapDumpOnOutOfMemoryError               = true                                   {manageable} {command line}
    ccstr HeapDumpPath                             = C:\Users\Rok Koren\NetBeansProjects\OpenPKM\build\testuserdir\var\log\heapdump.hprof         {manageable} {command line}
   size_t InitialHeapSize                          = 268435456                                 {product} {ergonomic}
   size_t MarkStackSize                            = 4194304                                   {product} {ergonomic}
   size_t MarkStackSizeMax                         = 536870912                                 {product} {ergonomic}
   size_t MaxHeapSize                              = 4269801472                                {product} {ergonomic}
   size_t MaxNewSize                               = 2560622592                                {product} {ergonomic}
   size_t MinHeapDeltaBytes                        = 2097152                                   {product} {ergonomic}
   size_t MinHeapSize                              = 8388608                                   {product} {ergonomic}
    uintx NonNMethodCodeHeapSize                   = 5832704                                {pd product} {ergonomic}
    uintx NonProfiledCodeHeapSize                  = 122945536                              {pd product} {ergonomic}
    uintx ProfiledCodeHeapSize                     = 122880000                              {pd product} {ergonomic}
    uintx ReservedCodeCacheSize                    = 251658240                              {pd product} {ergonomic}
     bool SegmentedCodeCache                       = true                                      {product} {ergonomic}
   size_t SoftMaxHeapSize                          = 4269801472                             {manageable} {ergonomic}
     bool UseCompressedOops                        = true                           {product lp64_product} {ergonomic}
     bool UseG1GC                                  = true                                      {product} {ergonomic}
     bool UseLargePagesIndividualAllocation        = false                                  {pd product} {ergonomic}

Logging:
Log output configuration:
 #0: stdout all=warning uptime,level,tags foldmultilines=false
 #1: stderr all=off uptime,level,tags foldmultilines=false

Release file:
IMPLEMENTOR="Eclipse Adoptium" 
IMPLEMENTOR_VERSION="Temurin-25.0.1+8" 
JAVA_RUNTIME_VERSION="25.0.1+8-LTS" 
JAVA_VERSION="25.0.1" 
JAVA_VERSION_DATE="2025-10-21" 
LIBC="default" 
MODULES="java.base java.compiler java.datatransfer java.xml java.prefs java.desktop java.instrument java.logging java.management java.security.sasl java.naming java.rmi java.management.rmi java.net.http java.scripting java.security.jgss java.transaction.xa java.sql java.sql.rowset java.xml.crypto java.se java.smartcardio jdk.accessibility jdk.internal.jvmstat jdk.attach jdk.charsets jdk.internal.opt jdk.zipfs jdk.compiler jdk.crypto.cryptoki jdk.crypto.ec jdk.crypto.mscapi jdk.dynalink jdk.internal.ed jdk.editpad jdk.internal.vm.ci jdk.graal.compiler jdk.graal.compiler.management jdk.hotspot.agent jdk.httpserver jdk.incubator.vector jdk.internal.le jdk.internal.md jdk.jartool jdk.javadoc jdk.jcmd jdk.management jdk.management.agent jdk.jconsole jdk.jdeps jdk.jdwp.agent jdk.jdi jdk.jfr jdk.jlink jdk.jpackage jdk.jshell jdk.jsobject jdk.jstatd jdk.localedata jdk.management.jfr jdk.naming.dns jdk.naming.rmi jdk.net jdk.nio.mapmode jdk.sctp jdk.security.auth jdk.security.jgss jdk.unsupported jdk.unsupported.desktop jdk.xml.dom" 
OS_ARCH="x86_64" 
OS_NAME="Windows" 
SOURCE=".:git:61d6a2c1b35e" 
BUILD_SOURCE="git:839fa0b45d809157cffd3dc8515aad262a4a1776"
BUILD_SOURCE_REPO="https://github.com/adoptium/temurin-build.git"
SOURCE_REPO="https://github.com/adoptium/jdk25u.git"
FULL_VERSION="25.0.1+8-LTS"
SEMANTIC_VERSION="25.0.1+8"
BUILD_INFO="OS: Windows Server 2022 Version: 10.0"
JVM_VARIANT="Hotspot"
JVM_VERSION="25.0.1+8-LTS"
IMAGE_TYPE="JDK"

Environment Variables:
JAVA_HOME=C:\Users\Rok Koren\.jdks\ms-21.0.8
PATH=C:\Program Files\Zulu\zulu-21\bin\;C:\Program Files\Common Files\Oracle\Java\javapath;C:\ProgramData\Oracle\Java\javapath;C:\Users\Rok Koren\.jdks\ms-11.0.27\bin;C:\windows\system32;C:\windows;C:\windows\System32\Wbem;C:\windows\System32\WindowsPowerShell\v1.0\;C:\Program Files (x86)\NVIDIA Corporation\PhysX\Common;C:\Program Files\apache-maven-3.5.2\bin;C:\WINDOWS\system32;C:\WINDOWS;C:\WINDOWS\System32\Wbem;C:\WINDOWS\System32\WindowsPowerShell\v1.0\;C:\Program Files\PuTTY\;C:\WINDOWS\System32\OpenSSH\;C:\Program Files\Intel\WiFi\bin\;C:\Program Files\Common Files\Intel\WirelessCommon\;C:\Program Files (x86)\Intel\Intel(R) Management Engine Components\DAL;C:\Program Files\Intel\Intel(R) Management Engine Components\DAL;C:\Program Files\jEdit;C:\Program Files\Git\cmd;C:\Program Files\Docker\Docker\resources\bin;C:\Users\Rok Koren\AppData\Local\nvm;C:\nvm4w\nodejs;C:\Users\Rok Koren\AppData\Local\Microsoft\WindowsApps;C:\Program Files\JetBrains\IntelliJ IDEA 2020.2.3\bin;C:\Users\Rok Koren\AppData\Local\JetBrains\Toolbox\scripts;C:\Users\Rok Koren\AppData\Local\nvm;C:\nvm4w\nodejs
USERNAME=Rok Koren
OS=Windows_NT
PROCESSOR_IDENTIFIER=Intel64 Family 6 Model 142 Stepping 9, GenuineIntel
TMP=C:\Users\ROKKOR~1\AppData\Local\Temp
TEMP=C:\Users\ROKKOR~1\AppData\Local\Temp




Compilation memory statistics disabled.

Periodic native trim disabled

---------------  S Y S T E M  ---------------

OS:
 Windows 10 , 64 bit Build 19041 (10.0.19041.5915)
OS uptime: 0 days 3:39 hours
Hyper-V role detected

CPU: total 4 (initial active 4) (2 cores per cpu, 2 threads per core) family 6 model 142 stepping 9 microcode 0xb4, cx8, cmov, fxsr, ht, mmx, 3dnowpref, sse, sse2, sse3, ssse3, sse4.1, sse4.2, popcnt, lzcnt, tsc, tscinvbit, avx, avx2, aes, erms, clmul, bmi1, bmi2, adx, fma, vzeroupper, clflush, clflushopt, hv, rdtscp, f16c
Processor Information for processor 0
  Max Mhz: 2904, Current Mhz: 1502, Mhz Limit: 2700
Processor Information for processor 1
  Max Mhz: 2904, Current Mhz: 2703, Mhz Limit: 2700
Processor Information for processor 2
  Max Mhz: 2904, Current Mhz: 2703, Mhz Limit: 2700
Processor Information for processor 3
  Max Mhz: 2904, Current Mhz: 2703, Mhz Limit: 2700

Memory: 4k page, system-wide physical 16281M (4279M free)
TotalPageFile size 20633M (AvailPageFile size 4405M)
current process WorkingSet (physical memory assigned to process): 345M, peak: 348M
current process commit charge ("private bytes"): 387M, peak: 408M

vm_info: OpenJDK 64-Bit Server VM (25.0.1+8-LTS) for windows-amd64 JRE (25.0.1+8-LTS), built on 2025-10-21T00:00:00Z with unknown MS VC++:1942

END.
